<?xml version="1.0" encoding="ISO-8859-1" ?>
<link_info>
   <banner>TMS320C2000 Linker PC v18.1.1.LTS</banner>
   <copyright>Copyright (c) 1996-2017 Texas Instruments Incorporated</copyright>
   <link_time>0x5b0f1382</link_time>
   <link_errors>0x1</link_errors>
   <output_file>Cheapli_BEMF.out</output_file>
   <entry_point>
      <name>_c_int00</name>
      <address>0x8c9f2</address>
   </entry_point>
   <input_file_list>
      <input_file id="fl-2">
         <path>.\</path>
         <kind>object</kind>
         <file>F2837xS_Adc.obj</file>
         <name>F2837xS_Adc.obj</name>
      </input_file>
      <input_file id="fl-3">
         <path>.\</path>
         <kind>object</kind>
         <file>F2837xS_CodeStartBranch.obj</file>
         <name>F2837xS_CodeStartBranch.obj</name>
      </input_file>
      <input_file id="fl-4">
         <path>.\</path>
         <kind>object</kind>
         <file>F2837xS_EPwm.obj</file>
         <name>F2837xS_EPwm.obj</name>
      </input_file>
      <input_file id="fl-5">
         <path>.\</path>
         <kind>object</kind>
         <file>F2837xS_GlobalVariableDefs.obj</file>
         <name>F2837xS_GlobalVariableDefs.obj</name>
      </input_file>
      <input_file id="fl-6">
         <path>.\</path>
         <kind>object</kind>
         <file>F2837xS_Gpio.obj</file>
         <name>F2837xS_Gpio.obj</name>
      </input_file>
      <input_file id="fl-7">
         <path>.\</path>
         <kind>object</kind>
         <file>F2837xS_Spi.obj</file>
         <name>F2837xS_Spi.obj</name>
      </input_file>
      <input_file id="fl-8">
         <path>.\</path>
         <kind>object</kind>
         <file>F2837xS_SysCtrl.obj</file>
         <name>F2837xS_SysCtrl.obj</name>
      </input_file>
      <input_file id="fl-9">
         <path>.\</path>
         <kind>object</kind>
         <file>F2837xS_usDelay.obj</file>
         <name>F2837xS_usDelay.obj</name>
      </input_file>
      <input_file id="fl-a">
         <path>.\</path>
         <kind>object</kind>
         <file>f28377sADC.obj</file>
         <name>f28377sADC.obj</name>
      </input_file>
      <input_file id="fl-b">
         <path>.\</path>
         <kind>object</kind>
         <file>f28377sCoecsl.obj</file>
         <name>f28377sCoecsl.obj</name>
      </input_file>
      <input_file id="fl-c">
         <path>.\</path>
         <kind>object</kind>
         <file>f28377sDAC.obj</file>
         <name>f28377sDAC.obj</name>
      </input_file>
      <input_file id="fl-d">
         <path>.\</path>
         <kind>object</kind>
         <file>f28377sEPWM3A.obj</file>
         <name>f28377sEPWM3A.obj</name>
      </input_file>
      <input_file id="fl-e">
         <path>.\</path>
         <kind>object</kind>
         <file>f28377sEqep.obj</file>
         <name>f28377sEqep.obj</name>
      </input_file>
      <input_file id="fl-f">
         <path>.\</path>
         <kind>object</kind>
         <file>f28377sSerial.obj</file>
         <name>f28377sSerial.obj</name>
      </input_file>
      <input_file id="fl-10">
         <path>.\</path>
         <kind>object</kind>
         <file>lcd.obj</file>
         <name>lcd.obj</name>
      </input_file>
      <input_file id="fl-11">
         <path>.\</path>
         <kind>object</kind>
         <file>user_Cheapli_BEMF.obj</file>
         <name>user_Cheapli_BEMF.obj</name>
      </input_file>
      <input_file id="fl-13">
         <path>C:\CHEAPLI_PROJECT\Cheapli_BEMF\Cheapli_BEMFProject\Debug\configPkg\package\cfg\</path>
         <kind>object</kind>
         <file>Cheapli_BEMF_p28FP.o28FP</file>
         <name>Cheapli_BEMF_p28FP.o28FP</name>
      </input_file>
      <input_file id="fl-1e">
         <kind>object</kind>
         <file>&lt;internal&gt;</file>
         <name>&lt;internal&gt;</name>
      </input_file>
      <input_file id="fl-1f">
         <path>C:\CHEAPLI_PROJECT\Cheapli_BEMF\src\sysbios\</path>
         <kind>archive</kind>
         <file>sysbios.a28FP</file>
         <name>BIOS.obj</name>
      </input_file>
      <input_file id="fl-20">
         <path>C:\CHEAPLI_PROJECT\Cheapli_BEMF\src\sysbios\</path>
         <kind>archive</kind>
         <file>sysbios.a28FP</file>
         <name>c28_Hwi_asm.obj</name>
      </input_file>
      <input_file id="fl-21">
         <path>C:\CHEAPLI_PROJECT\Cheapli_BEMF\src\sysbios\</path>
         <kind>archive</kind>
         <file>sysbios.a28FP</file>
         <name>c28_Hwi_disp_asm.obj</name>
      </input_file>
      <input_file id="fl-22">
         <path>C:\CHEAPLI_PROJECT\Cheapli_BEMF\src\sysbios\</path>
         <kind>archive</kind>
         <file>sysbios.a28FP</file>
         <name>c28_IntrinsicsSupport_asm.obj</name>
      </input_file>
      <input_file id="fl-23">
         <path>C:\CHEAPLI_PROJECT\Cheapli_BEMF\src\sysbios\</path>
         <kind>archive</kind>
         <file>sysbios.a28FP</file>
         <name>c28_TaskSupport_asm.obj</name>
      </input_file>
      <input_file id="fl-24">
         <path>C:\ti\tirtos_c2000_2_16_01_14\products\bios_6_45_02_31\packages\ti\targets\rts2800\lib\</path>
         <kind>archive</kind>
         <file>ti.targets.rts2800.a28FP</file>
         <name>Assert.o28FP</name>
      </input_file>
      <input_file id="fl-25">
         <path>C:\ti\tirtos_c2000_2_16_01_14\products\bios_6_45_02_31\packages\ti\targets\rts2800\lib\</path>
         <kind>archive</kind>
         <file>ti.targets.rts2800.a28FP</file>
         <name>Core-mem.o28FP</name>
      </input_file>
      <input_file id="fl-26">
         <path>C:\ti\tirtos_c2000_2_16_01_14\products\bios_6_45_02_31\packages\ti\targets\rts2800\lib\</path>
         <kind>archive</kind>
         <file>ti.targets.rts2800.a28FP</file>
         <name>Core-smem.o28FP</name>
      </input_file>
      <input_file id="fl-27">
         <path>C:\ti\tirtos_c2000_2_16_01_14\products\bios_6_45_02_31\packages\ti\targets\rts2800\lib\</path>
         <kind>archive</kind>
         <file>ti.targets.rts2800.a28FP</file>
         <name>Core-label.o28FP</name>
      </input_file>
      <input_file id="fl-28">
         <path>C:\ti\tirtos_c2000_2_16_01_14\products\bios_6_45_02_31\packages\ti\targets\rts2800\lib\</path>
         <kind>archive</kind>
         <file>ti.targets.rts2800.a28FP</file>
         <name>Core-params.o28FP</name>
      </input_file>
      <input_file id="fl-29">
         <path>C:\ti\tirtos_c2000_2_16_01_14\products\bios_6_45_02_31\packages\ti\targets\rts2800\lib\</path>
         <kind>archive</kind>
         <file>ti.targets.rts2800.a28FP</file>
         <name>Error.o28FP</name>
      </input_file>
      <input_file id="fl-2a">
         <path>C:\ti\tirtos_c2000_2_16_01_14\products\bios_6_45_02_31\packages\ti\targets\rts2800\lib\</path>
         <kind>archive</kind>
         <file>ti.targets.rts2800.a28FP</file>
         <name>Gate.o28FP</name>
      </input_file>
      <input_file id="fl-2b">
         <path>C:\ti\tirtos_c2000_2_16_01_14\products\bios_6_45_02_31\packages\ti\targets\rts2800\lib\</path>
         <kind>archive</kind>
         <file>ti.targets.rts2800.a28FP</file>
         <name>LoggerBuf.o28FP</name>
      </input_file>
      <input_file id="fl-2c">
         <path>C:\ti\tirtos_c2000_2_16_01_14\products\bios_6_45_02_31\packages\ti\targets\rts2800\lib\</path>
         <kind>archive</kind>
         <file>ti.targets.rts2800.a28FP</file>
         <name>Memory.o28FP</name>
      </input_file>
      <input_file id="fl-2d">
         <path>C:\ti\tirtos_c2000_2_16_01_14\products\bios_6_45_02_31\packages\ti\targets\rts2800\lib\</path>
         <kind>archive</kind>
         <file>ti.targets.rts2800.a28FP</file>
         <name>Startup.o28FP</name>
      </input_file>
      <input_file id="fl-2e">
         <path>C:\ti\tirtos_c2000_2_16_01_14\products\bios_6_45_02_31\packages\ti\targets\rts2800\lib\</path>
         <kind>archive</kind>
         <file>ti.targets.rts2800.a28FP</file>
         <name>System.o28FP</name>
      </input_file>
      <input_file id="fl-2f">
         <path>C:\ti\tirtos_c2000_2_16_01_14\products\bios_6_45_02_31\packages\ti\targets\rts2800\lib\</path>
         <kind>archive</kind>
         <file>ti.targets.rts2800.a28FP</file>
         <name>SysMin.o28FP</name>
      </input_file>
      <input_file id="fl-30">
         <path>C:\ti\tirtos_c2000_2_16_01_14\products\bios_6_45_02_31\packages\ti\targets\rts2800\lib\</path>
         <kind>archive</kind>
         <file>ti.targets.rts2800.a28FP</file>
         <name>Text.o28FP</name>
      </input_file>
      <input_file id="fl-31">
         <path>C:\ti\tirtos_c2000_2_16_01_14\products\bios_6_45_02_31\packages\ti\targets\rts2800\lib\</path>
         <kind>archive</kind>
         <file>ti.targets.rts2800.a28FP</file>
         <name>xdc_noinit.o28FP</name>
      </input_file>
      <input_file id="fl-32">
         <path>C:\ti\tirtos_c2000_2_16_01_14\products\bios_6_45_02_31\packages\ti\targets\rts2800\lib\</path>
         <kind>archive</kind>
         <file>ti.targets.rts2800.a28FP</file>
         <name>Log.o28FP</name>
      </input_file>
      <input_file id="fl-33">
         <path>C:\ti\tirtos_c2000_2_16_01_14\products\bios_6_45_02_31\packages\ti\targets\rts2800\lib\</path>
         <kind>archive</kind>
         <file>ti.targets.rts2800.a28FP</file>
         <name>Registry.o28FP</name>
      </input_file>
      <input_file id="fl-34">
         <path>C:\ti\tirtos_c2000_2_16_01_14\products\bios_6_45_02_31\packages\ti\targets\rts2800\lib\</path>
         <kind>archive</kind>
         <file>boot.a28FP</file>
         <name>boot_cg.o28FP</name>
      </input_file>
      <input_file id="fl-35">
         <path>C:\ti\tirtos_c2000_2_16_01_14\products\bios_6_45_02_31\packages\ti\catalog\c2800\initF2837x\lib\</path>
         <kind>archive</kind>
         <file>Boot.a28FP</file>
         <name>Boot.o28FP</name>
      </input_file>
      <input_file id="fl-41">
         <path>C:\ti\ccsv8\tools\compiler\ti-cgt-c2000_18.1.1.LTS\lib\</path>
         <kind>archive</kind>
         <file>rts2800_fpu32.lib</file>
         <name>s_atanf.c.obj</name>
      </input_file>
      <input_file id="fl-42">
         <path>C:\ti\ccsv8\tools\compiler\ti-cgt-c2000_18.1.1.LTS\lib\</path>
         <kind>archive</kind>
         <file>rts2800_fpu32.lib</file>
         <name>fs_div28.asm.obj</name>
      </input_file>
      <input_file id="fl-43">
         <path>C:\ti\ccsv8\tools\compiler\ti-cgt-c2000_18.1.1.LTS\lib\</path>
         <kind>archive</kind>
         <file>rts2800_fpu32.lib</file>
         <name>ll_div28.asm.obj</name>
      </input_file>
      <input_file id="fl-44">
         <path>C:\ti\ccsv8\tools\compiler\ti-cgt-c2000_18.1.1.LTS\lib\</path>
         <kind>archive</kind>
         <file>rts2800_fpu32.lib</file>
         <name>i_div28.asm.obj</name>
      </input_file>
      <input_file id="fl-45">
         <path>C:\ti\ccsv8\tools\compiler\ti-cgt-c2000_18.1.1.LTS\lib\</path>
         <kind>archive</kind>
         <file>rts2800_fpu32.lib</file>
         <name>u_div28.asm.obj</name>
      </input_file>
      <input_file id="fl-46">
         <path>C:\ti\ccsv8\tools\compiler\ti-cgt-c2000_18.1.1.LTS\lib\</path>
         <kind>archive</kind>
         <file>rts2800_fpu32.lib</file>
         <name>l_div28.asm.obj</name>
      </input_file>
      <input_file id="fl-47">
         <path>C:\ti\ccsv8\tools\compiler\ti-cgt-c2000_18.1.1.LTS\lib\</path>
         <kind>archive</kind>
         <file>rts2800_fpu32.lib</file>
         <name>cpy_tbl.c.obj</name>
      </input_file>
      <input_file id="fl-48">
         <path>C:\ti\ccsv8\tools\compiler\ti-cgt-c2000_18.1.1.LTS\lib\</path>
         <kind>archive</kind>
         <file>rts2800_fpu32.lib</file>
         <name>memcpy.c.obj</name>
      </input_file>
      <input_file id="fl-49">
         <path>C:\ti\ccsv8\tools\compiler\ti-cgt-c2000_18.1.1.LTS\lib\</path>
         <kind>archive</kind>
         <file>rts2800_fpu32.lib</file>
         <name>exit.c.obj</name>
      </input_file>
      <input_file id="fl-4a">
         <path>C:\ti\ccsv8\tools\compiler\ti-cgt-c2000_18.1.1.LTS\lib\</path>
         <kind>archive</kind>
         <file>rts2800_fpu32.lib</file>
         <name>_lock.c.obj</name>
      </input_file>
      <input_file id="fl-4b">
         <path>C:\ti\ccsv8\tools\compiler\ti-cgt-c2000_18.1.1.LTS\lib\</path>
         <kind>archive</kind>
         <file>rts2800_fpu32.lib</file>
         <name>args_main.c.obj</name>
      </input_file>
      <input_file id="fl-4c">
         <path>C:\ti\ccsv8\tools\compiler\ti-cgt-c2000_18.1.1.LTS\lib\</path>
         <kind>archive</kind>
         <file>rts2800_fpu32.lib</file>
         <name>memset.c.obj</name>
      </input_file>
      <input_file id="fl-4d">
         <path>C:\ti\ccsv8\tools\compiler\ti-cgt-c2000_18.1.1.LTS\lib\</path>
         <kind>archive</kind>
         <file>rts2800_fpu32.lib</file>
         <name>strcmp.c.obj</name>
      </input_file>
      <input_file id="fl-4e">
         <path>C:\ti\ccsv8\tools\compiler\ti-cgt-c2000_18.1.1.LTS\lib\</path>
         <kind>archive</kind>
         <file>rts2800_fpu32.lib</file>
         <name>strlen.c.obj</name>
      </input_file>
      <input_file id="fl-4f">
         <path>C:\ti\ccsv8\tools\compiler\ti-cgt-c2000_18.1.1.LTS\lib\</path>
         <kind>archive</kind>
         <file>rts2800_fpu32.lib</file>
         <name>hostwrite.c.obj</name>
      </input_file>
      <input_file id="fl-50">
         <path>C:\ti\ccsv8\tools\compiler\ti-cgt-c2000_18.1.1.LTS\lib\</path>
         <kind>archive</kind>
         <file>rts2800_fpu32.lib</file>
         <name>trgmsg.c.obj</name>
      </input_file>
      <input_file id="fl-51">
         <path>C:\ti\ccsv8\tools\compiler\ti-cgt-c2000_18.1.1.LTS\lib\</path>
         <kind>archive</kind>
         <file>rts2800_fpu32.lib</file>
         <name>vsprintf.c.obj</name>
      </input_file>
      <input_file id="fl-52">
         <path>C:\ti\ccsv8\tools\compiler\ti-cgt-c2000_18.1.1.LTS\lib\</path>
         <kind>archive</kind>
         <file>rts2800_fpu32.lib</file>
         <name>_printfi.c.obj</name>
      </input_file>
      <input_file id="fl-53">
         <path>C:\ti\ccsv8\tools\compiler\ti-cgt-c2000_18.1.1.LTS\lib\</path>
         <kind>archive</kind>
         <file>rts2800_fpu32.lib</file>
         <name>atoi.c.obj</name>
      </input_file>
      <input_file id="fl-54">
         <path>C:\ti\ccsv8\tools\compiler\ti-cgt-c2000_18.1.1.LTS\lib\</path>
         <kind>archive</kind>
         <file>rts2800_fpu32.lib</file>
         <name>ctype.c.obj</name>
      </input_file>
      <input_file id="fl-55">
         <path>C:\ti\ccsv8\tools\compiler\ti-cgt-c2000_18.1.1.LTS\lib\</path>
         <kind>archive</kind>
         <file>rts2800_fpu32.lib</file>
         <name>ltoa.c.obj</name>
      </input_file>
      <input_file id="fl-56">
         <path>C:\ti\ccsv8\tools\compiler\ti-cgt-c2000_18.1.1.LTS\lib\</path>
         <kind>archive</kind>
         <file>rts2800_fpu32.lib</file>
         <name>memccpy.c.obj</name>
      </input_file>
      <input_file id="fl-57">
         <path>C:\ti\ccsv8\tools\compiler\ti-cgt-c2000_18.1.1.LTS\lib\</path>
         <kind>archive</kind>
         <file>rts2800_fpu32.lib</file>
         <name>strchr.c.obj</name>
      </input_file>
      <input_file id="fl-58">
         <path>C:\ti\ccsv8\tools\compiler\ti-cgt-c2000_18.1.1.LTS\lib\</path>
         <kind>archive</kind>
         <file>rts2800_fpu32.lib</file>
         <name>strcpy.c.obj</name>
      </input_file>
      <input_file id="fl-59">
         <path>C:\ti\ccsv8\tools\compiler\ti-cgt-c2000_18.1.1.LTS\lib\</path>
         <kind>archive</kind>
         <file>rts2800_fpu32.lib</file>
         <name>hostopen.c.obj</name>
      </input_file>
      <input_file id="fl-5a">
         <path>C:\ti\ccsv8\tools\compiler\ti-cgt-c2000_18.1.1.LTS\lib\</path>
         <kind>archive</kind>
         <file>rts2800_fpu32.lib</file>
         <name>s_frexp.c.obj</name>
      </input_file>
      <input_file id="fl-5b">
         <path>C:\ti\ccsv8\tools\compiler\ti-cgt-c2000_18.1.1.LTS\lib\</path>
         <kind>archive</kind>
         <file>rts2800_fpu32.lib</file>
         <name>s_scalbn.c.obj</name>
      </input_file>
      <input_file id="fl-5c">
         <path>C:\ti\ccsv8\tools\compiler\ti-cgt-c2000_18.1.1.LTS\lib\</path>
         <kind>archive</kind>
         <file>rts2800_fpu32.lib</file>
         <name>s_copysign.c.obj</name>
      </input_file>
      <input_file id="fl-5d">
         <path>C:\ti\ccsv8\tools\compiler\ti-cgt-c2000_18.1.1.LTS\lib\</path>
         <kind>archive</kind>
         <file>rts2800_fpu32.lib</file>
         <name>fd_add28.asm.obj</name>
      </input_file>
      <input_file id="fl-5e">
         <path>C:\ti\ccsv8\tools\compiler\ti-cgt-c2000_18.1.1.LTS\lib\</path>
         <kind>archive</kind>
         <file>rts2800_fpu32.lib</file>
         <name>fd_cmp28.asm.obj</name>
      </input_file>
      <input_file id="fl-5f">
         <path>C:\ti\ccsv8\tools\compiler\ti-cgt-c2000_18.1.1.LTS\lib\</path>
         <kind>archive</kind>
         <file>rts2800_fpu32.lib</file>
         <name>fd_div28.asm.obj</name>
      </input_file>
      <input_file id="fl-60">
         <path>C:\ti\ccsv8\tools\compiler\ti-cgt-c2000_18.1.1.LTS\lib\</path>
         <kind>archive</kind>
         <file>rts2800_fpu32.lib</file>
         <name>fd_mpy28.asm.obj</name>
      </input_file>
      <input_file id="fl-61">
         <path>C:\ti\ccsv8\tools\compiler\ti-cgt-c2000_18.1.1.LTS\lib\</path>
         <kind>archive</kind>
         <file>rts2800_fpu32.lib</file>
         <name>fd_neg28.asm.obj</name>
      </input_file>
      <input_file id="fl-62">
         <path>C:\ti\ccsv8\tools\compiler\ti-cgt-c2000_18.1.1.LTS\lib\</path>
         <kind>archive</kind>
         <file>rts2800_fpu32.lib</file>
         <name>fd_sub28.asm.obj</name>
      </input_file>
      <input_file id="fl-63">
         <path>C:\ti\ccsv8\tools\compiler\ti-cgt-c2000_18.1.1.LTS\lib\</path>
         <kind>archive</kind>
         <file>rts2800_fpu32.lib</file>
         <name>fd_toi28.asm.obj</name>
      </input_file>
      <input_file id="fl-64">
         <path>C:\ti\ccsv8\tools\compiler\ti-cgt-c2000_18.1.1.LTS\lib\</path>
         <kind>archive</kind>
         <file>rts2800_fpu32.lib</file>
         <name>fd_tol28.asm.obj</name>
      </input_file>
      <input_file id="fl-65">
         <path>C:\ti\ccsv8\tools\compiler\ti-cgt-c2000_18.1.1.LTS\lib\</path>
         <kind>archive</kind>
         <file>rts2800_fpu32.lib</file>
         <name>ll_aox28.asm.obj</name>
      </input_file>
      <input_file id="fl-66">
         <path>C:\ti\ccsv8\tools\compiler\ti-cgt-c2000_18.1.1.LTS\lib\</path>
         <kind>archive</kind>
         <file>rts2800_fpu32.lib</file>
         <name>ll_cmp28.asm.obj</name>
      </input_file>
      <input_file id="fl-67">
         <path>C:\ti\ccsv8\tools\compiler\ti-cgt-c2000_18.1.1.LTS\lib\</path>
         <kind>archive</kind>
         <file>rts2800_fpu32.lib</file>
         <name>i_tofd28.asm.obj</name>
      </input_file>
      <input_file id="fl-68">
         <path>C:\ti\ccsv8\tools\compiler\ti-cgt-c2000_18.1.1.LTS\lib\</path>
         <kind>archive</kind>
         <file>rts2800_fpu32.lib</file>
         <name>l_tofd28.asm.obj</name>
      </input_file>
      <input_file id="fl-69">
         <path>C:\ti\ccsv8\tools\compiler\ti-cgt-c2000_18.1.1.LTS\lib\</path>
         <kind>archive</kind>
         <file>rts2800_fpu32.lib</file>
         <name>fs_tofdfpu32.asm.obj</name>
      </input_file>
      <input_file id="fl-6a">
         <path>C:\ti\ccsv8\tools\compiler\ti-cgt-c2000_18.1.1.LTS\lib\</path>
         <kind>archive</kind>
         <file>rts2800_fpu32.lib</file>
         <name>errno.c.obj</name>
      </input_file>
      <input_file id="fl-6b">
         <path>C:\ti\ccsv8\tools\compiler\ti-cgt-c2000_18.1.1.LTS\lib\</path>
         <kind>archive</kind>
         <file>rts2800_fpu32.lib</file>
         <name>wcslen.c.obj</name>
      </input_file>
   </input_file_list>
   <object_component_list>
      <object_component id="oc-3b3">
         <name>.text:ti_catalog_c2800_initF2837x_flashfuncs:_ti_catalog_c2800_initF2837x_Boot_initFlash</name>
         <load_address>0x801be</load_address>
         <run_address>0xb000</run_address>
         <size>0x27</size>
         <input_file_ref idref="fl-35"/>
      </object_component>
      <object_component id="oc-13a">
         <name>xdc.meta</name>
         <load_address>0x0</load_address>
         <run_address>0x0</run_address>
         <size>0xf5</size>
         <input_file_ref idref="fl-13"/>
      </object_component>
      <object_component id="oc-137">
         <name>.cinit</name>
         <load_address>0x801e5</load_address>
         <run_address>0x801e5</run_address>
         <size>0x486</size>
         <input_file_ref idref="fl-13"/>
      </object_component>
      <object_component id="oc-12f">
         <name>.cinit</name>
         <load_address>0x8066b</load_address>
         <run_address>0x8066b</run_address>
         <size>0x338</size>
         <input_file_ref idref="fl-11"/>
      </object_component>
      <object_component id="oc-1e1">
         <name>.cinit</name>
         <load_address>0x809a3</load_address>
         <run_address>0x809a3</run_address>
         <size>0xe</size>
         <input_file_ref idref="fl-49"/>
      </object_component>
      <object_component id="oc-326">
         <name>.cinit:__lock</name>
         <load_address>0x809b1</load_address>
         <run_address>0x809b1</run_address>
         <size>0x5</size>
         <input_file_ref idref="fl-4a"/>
      </object_component>
      <object_component id="oc-327">
         <name>.cinit:__unlock</name>
         <load_address>0x809b6</load_address>
         <run_address>0x809b6</run_address>
         <size>0x5</size>
         <input_file_ref idref="fl-4a"/>
      </object_component>
      <object_component id="oc-28b">
         <name>.cinit</name>
         <load_address>0x809bb</load_address>
         <run_address>0x809bb</run_address>
         <size>0x4</size>
         <input_file_ref idref="fl-6a"/>
      </object_component>
      <object_component id="oc-46f">
         <name>.binit</name>
         <load_address>0x809e0</load_address>
         <run_address>0x809e0</run_address>
         <size>0xa</size>
      </object_component>
      <object_component id="oc-2ad">
         <name>.text</name>
         <load_address>0x88000</load_address>
         <run_address>0x88000</run_address>
         <size>0x14ad</size>
         <input_file_ref idref="fl-11"/>
      </object_component>
      <object_component id="oc-3b0">
         <name>.text:_ti_catalog_c2800_initF2837x_Boot_defaultLimpAbortFunction</name>
         <load_address>0x894ad</load_address>
         <run_address>0x894ad</run_address>
         <size>0x1</size>
         <input_file_ref idref="fl-35"/>
      </object_component>
      <object_component id="oc-3a4">
         <name>.text</name>
         <load_address>0x894ae</load_address>
         <run_address>0x894ae</run_address>
         <size>0xd47</size>
         <input_file_ref idref="fl-52"/>
      </object_component>
      <object_component id="oc-2eb">
         <name>.text</name>
         <load_address>0x8a1f5</load_address>
         <run_address>0x8a1f5</run_address>
         <size>0x2af</size>
         <input_file_ref idref="fl-f"/>
      </object_component>
      <object_component id="oc-2f2">
         <name>.text</name>
         <load_address>0x8a4a4</load_address>
         <run_address>0x8a4a4</run_address>
         <size>0x299</size>
         <input_file_ref idref="fl-8"/>
      </object_component>
      <object_component id="oc-44d">
         <name>.text:_xdc_runtime_System_doPrint__I</name>
         <load_address>0x8a73d</load_address>
         <run_address>0x8a73d</run_address>
         <size>0x252</size>
         <input_file_ref idref="fl-2e"/>
      </object_component>
      <object_component id="oc-2f3">
         <name>.text</name>
         <load_address>0x8a98f</load_address>
         <run_address>0x8a98f</run_address>
         <size>0x244</size>
         <input_file_ref idref="fl-6"/>
      </object_component>
      <object_component id="oc-342">
         <name>.text:_ti_sysbios_knl_Semaphore_pend__E</name>
         <load_address>0x8abd3</load_address>
         <run_address>0x8abd3</run_address>
         <size>0x1da</size>
         <input_file_ref idref="fl-1f"/>
      </object_component>
      <object_component id="oc-2b9">
         <name>.text:_ti_sysbios_heaps_HeapMem_free__E</name>
         <load_address>0x8adad</load_address>
         <run_address>0x8adad</run_address>
         <size>0x1ba</size>
         <input_file_ref idref="fl-1f"/>
      </object_component>
      <object_component id="oc-2b8">
         <name>.text:_ti_sysbios_heaps_HeapMem_alloc__E</name>
         <load_address>0x8af67</load_address>
         <run_address>0x8af67</run_address>
         <size>0x1b3</size>
         <input_file_ref idref="fl-1f"/>
      </object_component>
      <object_component id="oc-2f4">
         <name>.text</name>
         <load_address>0x8b11a</load_address>
         <run_address>0x8b11a</run_address>
         <size>0x117</size>
         <input_file_ref idref="fl-e"/>
      </object_component>
      <object_component id="oc-461">
         <name>.text:_xdc_runtime_System_printfExtend__I</name>
         <load_address>0x8b231</load_address>
         <run_address>0x8b231</run_address>
         <size>0x10a</size>
         <input_file_ref idref="fl-13"/>
      </object_component>
      <object_component id="oc-1c2">
         <name>.text</name>
         <load_address>0x8b33b</load_address>
         <run_address>0x8b33b</run_address>
         <size>0x107</size>
         <input_file_ref idref="fl-43"/>
      </object_component>
      <object_component id="oc-2f5">
         <name>.text</name>
         <load_address>0x8b442</load_address>
         <run_address>0x8b442</run_address>
         <size>0xfd</size>
         <input_file_ref idref="fl-4"/>
      </object_component>
      <object_component id="oc-313">
         <name>.text:_ti_sysbios_heaps_HeapMem_Instance_init__E</name>
         <load_address>0x8b53f</load_address>
         <run_address>0x8b53f</run_address>
         <size>0xed</size>
         <input_file_ref idref="fl-1f"/>
      </object_component>
      <object_component id="oc-37a">
         <name>.text:_ti_sysbios_family_c28_Hwi_clearInterrupt__E</name>
         <load_address>0x8b62c</load_address>
         <run_address>0x8b62c</run_address>
         <size>0xe0</size>
         <input_file_ref idref="fl-1f"/>
      </object_component>
      <object_component id="oc-350">
         <name>.text</name>
         <load_address>0x8b70c</load_address>
         <run_address>0x8b70c</run_address>
         <size>0xdd</size>
         <input_file_ref idref="fl-2"/>
      </object_component>
      <object_component id="oc-2c6">
         <name>.text:_xdc_runtime_LoggerBuf_write8__E</name>
         <load_address>0x8b7e9</load_address>
         <run_address>0x8b7e9</run_address>
         <size>0xd2</size>
         <input_file_ref idref="fl-2b"/>
      </object_component>
      <object_component id="oc-2fb">
         <name>.text</name>
         <load_address>0x8b8bb</load_address>
         <run_address>0x8b8bb</run_address>
         <size>0xcb</size>
         <input_file_ref idref="fl-41"/>
      </object_component>
      <object_component id="oc-301">
         <name>.text:_xdc_runtime_Core_createObject__I</name>
         <load_address>0x8b986</load_address>
         <run_address>0x8b986</run_address>
         <size>0xc3</size>
         <input_file_ref idref="fl-25"/>
      </object_component>
      <object_component id="oc-463">
         <name>.text:_ti_sysbios_family_c28_Hwi_dispatchCore__I</name>
         <load_address>0x8ba49</load_address>
         <run_address>0x8ba49</run_address>
         <size>0xc0</size>
         <input_file_ref idref="fl-1f"/>
      </object_component>
      <object_component id="oc-343">
         <name>.text:_ti_sysbios_knl_Semaphore_post__E</name>
         <load_address>0x8bb09</load_address>
         <run_address>0x8bb09</run_address>
         <size>0xb8</size>
         <input_file_ref idref="fl-1f"/>
      </object_component>
      <object_component id="oc-2a0">
         <name>.text:_ti_sysbios_knl_Clock_workFunc__E</name>
         <load_address>0x8bbc1</load_address>
         <run_address>0x8bbc1</run_address>
         <size>0xb6</size>
         <input_file_ref idref="fl-1f"/>
      </object_component>
      <object_component id="oc-3d4">
         <name>.text:_ti_sysbios_knl_Swi_run__I</name>
         <load_address>0x8bc77</load_address>
         <run_address>0x8bc77</run_address>
         <size>0xaf</size>
         <input_file_ref idref="fl-1f"/>
      </object_component>
      <object_component id="oc-3e1">
         <name>.text</name>
         <load_address>0x8bd26</load_address>
         <run_address>0x8bd26</run_address>
         <size>0xab</size>
         <input_file_ref idref="fl-5b"/>
      </object_component>
      <object_component id="oc-3da">
         <name>.text:_xdc_runtime_Core_constructObject__I</name>
         <load_address>0x8bdd1</load_address>
         <run_address>0x8bdd1</run_address>
         <size>0x9c</size>
         <input_file_ref idref="fl-26"/>
      </object_component>
      <object_component id="oc-34a">
         <name>.text:_xdc_runtime_Error_policyDefault__E</name>
         <load_address>0x8be6d</load_address>
         <run_address>0x8be6d</run_address>
         <size>0x9c</size>
         <input_file_ref idref="fl-29"/>
      </object_component>
      <object_component id="oc-249">
         <name>.text</name>
         <load_address>0x8bf09</load_address>
         <run_address>0x8bf09</run_address>
         <size>0x9c</size>
         <input_file_ref idref="fl-5d"/>
      </object_component>
      <object_component id="oc-434">
         <name>.text:_ti_sysbios_family_c28_Hwi_dispatch</name>
         <load_address>0x8bfa5</load_address>
         <run_address>0x8bfa5</run_address>
         <size>0x9b</size>
         <input_file_ref idref="fl-21"/>
      </object_component>
      <object_component id="oc-42e">
         <name>.text</name>
         <load_address>0x8c040</load_address>
         <run_address>0x8c040</run_address>
         <size>0x94</size>
         <input_file_ref idref="fl-50"/>
      </object_component>
      <object_component id="oc-37b">
         <name>.text:_ti_sysbios_family_c28_Hwi_enableInterrupt__E</name>
         <load_address>0x8c0d4</load_address>
         <run_address>0x8c0d4</run_address>
         <size>0x8e</size>
         <input_file_ref idref="fl-1f"/>
      </object_component>
      <object_component id="oc-2c5">
         <name>.text:_xdc_runtime_LoggerBuf_write4__E</name>
         <load_address>0x8c162</load_address>
         <run_address>0x8c162</run_address>
         <size>0x8b</size>
         <input_file_ref idref="fl-2b"/>
      </object_component>
      <object_component id="oc-253">
         <name>.text</name>
         <load_address>0x8c1ed</load_address>
         <run_address>0x8c1ed</run_address>
         <size>0x8b</size>
         <input_file_ref idref="fl-5f"/>
      </object_component>
      <object_component id="oc-1bd">
         <name>.text</name>
         <load_address>0x8c278</load_address>
         <run_address>0x8c278</run_address>
         <size>0x88</size>
         <input_file_ref idref="fl-42"/>
      </object_component>
      <object_component id="oc-2f7">
         <name>.text</name>
         <load_address>0x8c300</load_address>
         <run_address>0x8c300</run_address>
         <size>0x87</size>
         <input_file_ref idref="fl-a"/>
      </object_component>
      <object_component id="oc-258">
         <name>.text</name>
         <load_address>0x8c387</load_address>
         <run_address>0x8c387</run_address>
         <size>0x83</size>
         <input_file_ref idref="fl-60"/>
      </object_component>
      <object_component id="oc-2f9">
         <name>.text</name>
         <load_address>0x8c40a</load_address>
         <run_address>0x8c40a</run_address>
         <size>0x82</size>
         <input_file_ref idref="fl-c"/>
      </object_component>
      <object_component id="oc-44f">
         <name>.text:_ti_sysbios_family_c28_Hwi_disableInterrupt__E</name>
         <load_address>0x8c48c</load_address>
         <run_address>0x8c48c</run_address>
         <size>0x81</size>
         <input_file_ref idref="fl-1f"/>
      </object_component>
      <object_component id="oc-3ca">
         <name>.text:_ti_sysbios_family_c28_Hwi_disablePIEIER__E</name>
         <load_address>0x8c50d</load_address>
         <run_address>0x8c50d</run_address>
         <size>0x80</size>
         <input_file_ref idref="fl-1f"/>
      </object_component>
      <object_component id="oc-3c9">
         <name>.text:_ti_sysbios_family_c28_Hwi_enablePIEIER__E</name>
         <load_address>0x8c58d</load_address>
         <run_address>0x8c58d</run_address>
         <size>0x7f</size>
         <input_file_ref idref="fl-1f"/>
      </object_component>
      <object_component id="oc-3b5">
         <name>.text:_xdc_runtime_Startup_startMods__I</name>
         <load_address>0x8c60c</load_address>
         <run_address>0x8c60c</run_address>
         <size>0x7d</size>
         <input_file_ref idref="fl-2d"/>
      </object_component>
      <object_component id="oc-380">
         <name>.text:_ti_sysbios_knl_Task_checkStacks__E</name>
         <load_address>0x8c689</load_address>
         <run_address>0x8c689</run_address>
         <size>0x73</size>
         <input_file_ref idref="fl-1f"/>
      </object_component>
      <object_component id="oc-330">
         <name>.text:_ti_sysbios_knl_Task_startCore__E</name>
         <load_address>0x8c6fc</load_address>
         <run_address>0x8c6fc</run_address>
         <size>0x71</size>
         <input_file_ref idref="fl-1f"/>
      </object_component>
      <object_component id="oc-2e5">
         <name>.text:_ti_sysbios_gates_GateMutex_enter__E</name>
         <load_address>0x8c76d</load_address>
         <run_address>0x8c76d</run_address>
         <size>0x70</size>
         <input_file_ref idref="fl-1f"/>
      </object_component>
      <object_component id="oc-417">
         <name>.text:_xdc_runtime_Text_putSite__E</name>
         <load_address>0x8c7dd</load_address>
         <run_address>0x8c7dd</run_address>
         <size>0x6f</size>
         <input_file_ref idref="fl-30"/>
      </object_component>
      <object_component id="oc-3cd">
         <name>.text:_ti_sysbios_knl_Task_schedule__I</name>
         <load_address>0x8c84c</load_address>
         <run_address>0x8c84c</run_address>
         <size>0x6e</size>
         <input_file_ref idref="fl-1f"/>
      </object_component>
      <object_component id="oc-3db">
         <name>.text:_ti_sysbios_knl_Semaphore_Instance_init__E</name>
         <load_address>0x8c8ba</load_address>
         <run_address>0x8c8ba</run_address>
         <size>0x6a</size>
         <input_file_ref idref="fl-1f"/>
      </object_component>
      <object_component id="oc-2f8">
         <name>.text</name>
         <load_address>0x8c924</load_address>
         <run_address>0x8c924</run_address>
         <size>0x68</size>
         <input_file_ref idref="fl-d"/>
      </object_component>
      <object_component id="oc-436">
         <name>.text:_ti_sysbios_family_c28_Timer_stopAndClear__I</name>
         <load_address>0x8c98c</load_address>
         <run_address>0x8c98c</run_address>
         <size>0x66</size>
         <input_file_ref idref="fl-1f"/>
      </object_component>
      <object_component id="oc-84">
         <name>.text</name>
         <load_address>0x8c9f2</load_address>
         <run_address>0x8c9f2</run_address>
         <size>0x63</size>
         <input_file_ref idref="fl-34"/>
      </object_component>
      <object_component id="oc-2e3">
         <name>.text:_ti_sysbios_knl_Swi_post__E</name>
         <load_address>0x8ca55</load_address>
         <run_address>0x8ca55</run_address>
         <size>0x60</size>
         <input_file_ref idref="fl-1f"/>
      </object_component>
      <object_component id="oc-39b">
         <name>.text:_ti_sysbios_knl_Task_blockI__E</name>
         <load_address>0x8cab5</load_address>
         <run_address>0x8cab5</run_address>
         <size>0x60</size>
         <input_file_ref idref="fl-1f"/>
      </object_component>
      <object_component id="oc-3e0">
         <name>.text</name>
         <load_address>0x8cb15</load_address>
         <run_address>0x8cb15</run_address>
         <size>0x5a</size>
         <input_file_ref idref="fl-5a"/>
      </object_component>
      <object_component id="oc-43f">
         <name>.text:_ti_sysbios_knl_Task_exit__E</name>
         <load_address>0x8cb6f</load_address>
         <run_address>0x8cb6f</run_address>
         <size>0x57</size>
         <input_file_ref idref="fl-1f"/>
      </object_component>
      <object_component id="oc-36e">
         <name>.text:_xdc_runtime_Memory_alloc__E</name>
         <load_address>0x8cbc6</load_address>
         <run_address>0x8cbc6</run_address>
         <size>0x57</size>
         <input_file_ref idref="fl-2c"/>
      </object_component>
      <object_component id="oc-2f6">
         <name>.text</name>
         <load_address>0x8cc1d</load_address>
         <run_address>0x8cc1d</run_address>
         <size>0x55</size>
         <input_file_ref idref="fl-7"/>
      </object_component>
      <object_component id="oc-39e">
         <name>.text:_ti_sysbios_knl_Task_unblockI__E</name>
         <load_address>0x8cc72</load_address>
         <run_address>0x8cc72</run_address>
         <size>0x51</size>
         <input_file_ref idref="fl-1f"/>
      </object_component>
      <object_component id="oc-467">
         <name>.text:_xdc_runtime_Text_putLab__E</name>
         <load_address>0x8ccc3</load_address>
         <run_address>0x8ccc3</run_address>
         <size>0x4f</size>
         <input_file_ref idref="fl-30"/>
      </object_component>
      <object_component id="oc-42b">
         <name>.text:_ti_sysbios_knl_Task_postInit__I</name>
         <load_address>0x8cd12</load_address>
         <run_address>0x8cd12</run_address>
         <size>0x4b</size>
         <input_file_ref idref="fl-1f"/>
      </object_component>
      <object_component id="oc-40c">
         <name>.text:_ti_sysbios_family_c28_Hwi_Module_startup__E</name>
         <load_address>0x8cd5d</load_address>
         <run_address>0x8cd5d</run_address>
         <size>0x47</size>
         <input_file_ref idref="fl-1f"/>
      </object_component>
      <object_component id="oc-303">
         <name>.text:_xdc_runtime_Core_deleteObject__I</name>
         <load_address>0x8cda4</load_address>
         <run_address>0x8cda4</run_address>
         <size>0x46</size>
         <input_file_ref idref="fl-25"/>
      </object_component>
      <object_component id="oc-2ed">
         <name>.text:.bootCodeSection:_ti_catalog_c2800_initF2837x_Boot_configurePllDivs</name>
         <load_address>0x8cdea</load_address>
         <run_address>0x8cdea</run_address>
         <size>0x45</size>
         <input_file_ref idref="fl-35"/>
      </object_component>
      <object_component id="oc-41f">
         <name>.text:_ti_sysbios_family_c28_Timer_postInit__I</name>
         <load_address>0x8ce2f</load_address>
         <run_address>0x8ce2f</run_address>
         <size>0x43</size>
         <input_file_ref idref="fl-1f"/>
      </object_component>
      <object_component id="oc-142">
         <name>.text:_ti_sysbios_family_c28_Hwi_unPluggedInterrupt__I</name>
         <load_address>0x8ce72</load_address>
         <run_address>0x8ce72</run_address>
         <size>0x42</size>
         <input_file_ref idref="fl-1f"/>
      </object_component>
      <object_component id="oc-458">
         <name>.text:_xdc_runtime_System_formatNum__I</name>
         <load_address>0x8ceb4</load_address>
         <run_address>0x8ceb4</run_address>
         <size>0x3f</size>
         <input_file_ref idref="fl-2e"/>
      </object_component>
      <object_component id="oc-46e">
         <name>.text:_ti_sysbios_knl_Swi_restoreHwi__E</name>
         <load_address>0x8cef3</load_address>
         <run_address>0x8cef3</run_address>
         <size>0x3e</size>
         <input_file_ref idref="fl-1f"/>
      </object_component>
      <object_component id="oc-42f">
         <name>.text:_xdc_runtime_Text_putMod__E</name>
         <load_address>0x8cf31</load_address>
         <run_address>0x8cf31</run_address>
         <size>0x3e</size>
         <input_file_ref idref="fl-30"/>
      </object_component>
      <object_component id="oc-35e">
         <name>.text:_xdc_runtime_Core_assignParams__I</name>
         <load_address>0x8cf6f</load_address>
         <run_address>0x8cf6f</run_address>
         <size>0x3d</size>
         <input_file_ref idref="fl-28"/>
      </object_component>
      <object_component id="oc-2c8">
         <name>.text:_xdc_runtime_LoggerBuf_getFilterLevel__E</name>
         <load_address>0x8cfac</load_address>
         <run_address>0x8cfac</run_address>
         <size>0x3d</size>
         <input_file_ref idref="fl-2b"/>
      </object_component>
      <object_component id="oc-2c7">
         <name>.text:_xdc_runtime_LoggerBuf_setFilterLevel__E</name>
         <load_address>0x8cfe9</load_address>
         <run_address>0x8cfe9</run_address>
         <size>0x3c</size>
         <input_file_ref idref="fl-2b"/>
      </object_component>
      <object_component id="oc-453">
         <name>.text:_ti_sysbios_family_c28_TaskSupport_start__E</name>
         <load_address>0x8d025</load_address>
         <run_address>0x8d025</run_address>
         <size>0x3a</size>
         <input_file_ref idref="fl-1f"/>
      </object_component>
      <object_component id="oc-2c9">
         <name>.text:_xdc_runtime_LoggerBuf_Object__create__S</name>
         <load_address>0x8d05f</load_address>
         <run_address>0x8d05f</run_address>
         <size>0x38</size>
         <input_file_ref idref="fl-13"/>
      </object_component>
      <object_component id="oc-413">
         <name>.text</name>
         <load_address>0x8d097</load_address>
         <run_address>0x8d097</run_address>
         <size>0x38</size>
         <input_file_ref idref="fl-4f"/>
      </object_component>
      <object_component id="oc-2e0">
         <name>.text:_ti_sysbios_knl_Clock_logTick__E</name>
         <load_address>0x8d0cf</load_address>
         <run_address>0x8d0cf</run_address>
         <size>0x36</size>
         <input_file_ref idref="fl-1f"/>
      </object_component>
      <object_component id="oc-320">
         <name>.text:_xdc_runtime_LoggerBuf_Instance_init__E</name>
         <load_address>0x8d105</load_address>
         <run_address>0x8d105</run_address>
         <size>0x36</size>
         <input_file_ref idref="fl-2b"/>
      </object_component>
      <object_component id="oc-32b">
         <name>.text:_ti_sysbios_BIOS_rtsUnlock__I</name>
         <load_address>0x8d13b</load_address>
         <run_address>0x8d13b</run_address>
         <size>0x34</size>
         <input_file_ref idref="fl-13"/>
      </object_component>
      <object_component id="oc-411">
         <name>.text:_ti_sysbios_knl_Task_Module_startup__E</name>
         <load_address>0x8d16f</load_address>
         <run_address>0x8d16f</run_address>
         <size>0x32</size>
         <input_file_ref idref="fl-1f"/>
      </object_component>
      <object_component id="oc-30a">
         <name>.text:_xdc_runtime_Assert_raise__I</name>
         <load_address>0x8d1a1</load_address>
         <run_address>0x8d1a1</run_address>
         <size>0x32</size>
         <input_file_ref idref="fl-24"/>
      </object_component>
      <object_component id="oc-460">
         <name>.text:_xdc_runtime_Text_visitRope2__I</name>
         <load_address>0x8d1d3</load_address>
         <run_address>0x8d1d3</run_address>
         <size>0x32</size>
         <input_file_ref idref="fl-30"/>
      </object_component>
      <object_component id="oc-295">
         <name>.text:_xdc_runtime_Startup_exec__E</name>
         <load_address>0x8d205</load_address>
         <run_address>0x8d205</run_address>
         <size>0x31</size>
         <input_file_ref idref="fl-2d"/>
      </object_component>
      <object_component id="oc-3de">
         <name>.text</name>
         <load_address>0x8d236</load_address>
         <run_address>0x8d236</run_address>
         <size>0x31</size>
         <input_file_ref idref="fl-53"/>
      </object_component>
      <object_component id="oc-3a5">
         <name>.text:_xdc_runtime_Error_setX__E</name>
         <load_address>0x8d267</load_address>
         <run_address>0x8d267</run_address>
         <size>0x30</size>
         <input_file_ref idref="fl-29"/>
      </object_component>
      <object_component id="oc-348">
         <name>.text</name>
         <load_address>0x8d297</load_address>
         <run_address>0x8d297</run_address>
         <size>0x30</size>
         <input_file_ref idref="fl-51"/>
      </object_component>
      <object_component id="oc-38b">
         <name>.text:_ti_sysbios_knl_Swi_runLoop__I</name>
         <load_address>0x8d2c7</load_address>
         <run_address>0x8d2c7</run_address>
         <size>0x2e</size>
         <input_file_ref idref="fl-1f"/>
      </object_component>
      <object_component id="oc-33b">
         <name>.text:_ti_sysbios_knl_Swi_schedule__I</name>
         <load_address>0x8d2f5</load_address>
         <run_address>0x8d2f5</run_address>
         <size>0x2e</size>
         <input_file_ref idref="fl-1f"/>
      </object_component>
      <object_component id="oc-407">
         <name>.text:_xdc_runtime_Error_print__E</name>
         <load_address>0x8d323</load_address>
         <run_address>0x8d323</run_address>
         <size>0x2e</size>
         <input_file_ref idref="fl-29"/>
      </object_component>
      <object_component id="oc-3df">
         <name>.text</name>
         <load_address>0x8d351</load_address>
         <run_address>0x8d351</run_address>
         <size>0x2e</size>
         <input_file_ref idref="fl-55"/>
      </object_component>
      <object_component id="oc-3ea">
         <name>.text:_ti_sysbios_family_c28_Hwi_getStackInfo__E</name>
         <load_address>0x8d37f</load_address>
         <run_address>0x8d37f</run_address>
         <size>0x2d</size>
         <input_file_ref idref="fl-1f"/>
      </object_component>
      <object_component id="oc-2bb">
         <name>.text:_ti_sysbios_heaps_HeapMem_getStats__E</name>
         <load_address>0x8d3ac</load_address>
         <run_address>0x8d3ac</run_address>
         <size>0x2d</size>
         <input_file_ref idref="fl-1f"/>
      </object_component>
      <object_component id="oc-32d">
         <name>.text:_ti_sysbios_family_c28_Timer_start__E</name>
         <load_address>0x8d3d9</load_address>
         <run_address>0x8d3d9</run_address>
         <size>0x2c</size>
         <input_file_ref idref="fl-1f"/>
      </object_component>
      <object_component id="oc-40f">
         <name>.text:_ti_sysbios_knl_Mailbox_Module_startup__E</name>
         <load_address>0x8d405</load_address>
         <run_address>0x8d405</run_address>
         <size>0x2b</size>
         <input_file_ref idref="fl-1f"/>
      </object_component>
      <object_component id="oc-24e">
         <name>.text</name>
         <load_address>0x8d430</load_address>
         <run_address>0x8d430</run_address>
         <size>0x2a</size>
         <input_file_ref idref="fl-5e"/>
      </object_component>
      <object_component id="oc-1d1">
         <name>.text</name>
         <load_address>0x8d45a</load_address>
         <run_address>0x8d45a</run_address>
         <size>0x2a</size>
         <input_file_ref idref="fl-46"/>
      </object_component>
      <object_component id="oc-3b8">
         <name>.text:_xdc_runtime_SysMin_flush__E</name>
         <load_address>0x8d484</load_address>
         <run_address>0x8d484</run_address>
         <size>0x29</size>
         <input_file_ref idref="fl-2f"/>
      </object_component>
      <object_component id="oc-430">
         <name>.text:_xdc_runtime_Text_xprintf__I</name>
         <load_address>0x8d4ad</load_address>
         <run_address>0x8d4ad</run_address>
         <size>0x29</size>
         <input_file_ref idref="fl-30"/>
      </object_component>
      <object_component id="oc-357">
         <name>.text</name>
         <load_address>0x8d4d6</load_address>
         <run_address>0x8d4d6</run_address>
         <size>0x29</size>
         <input_file_ref idref="fl-49"/>
      </object_component>
      <object_component id="oc-34c">
         <name>.text:_ti_sysbios_heaps_HeapMem_init__I</name>
         <load_address>0x8d4ff</load_address>
         <run_address>0x8d4ff</run_address>
         <size>0x27</size>
         <input_file_ref idref="fl-1f"/>
      </object_component>
      <object_component id="oc-45f">
         <name>.text:_ti_sysbios_family_c28_TaskSupport_buildTaskStack</name>
         <load_address>0x8d526</load_address>
         <run_address>0x8d526</run_address>
         <size>0x25</size>
         <input_file_ref idref="fl-23"/>
      </object_component>
      <object_component id="oc-2ae">
         <name>.text:_xdc_runtime_System_processAtExit__E</name>
         <load_address>0x8d54b</load_address>
         <run_address>0x8d54b</run_address>
         <size>0x24</size>
         <input_file_ref idref="fl-2e"/>
      </object_component>
      <object_component id="oc-294">
         <name>.text</name>
         <load_address>0x8d56f</load_address>
         <run_address>0x8d56f</run_address>
         <size>0x24</size>
         <input_file_ref idref="fl-47"/>
      </object_component>
      <object_component id="oc-3fd">
         <name>.text</name>
         <load_address>0x8d593</load_address>
         <run_address>0x8d593</run_address>
         <size>0x24</size>
         <input_file_ref idref="fl-5c"/>
      </object_component>
      <object_component id="oc-1c7">
         <name>.text</name>
         <load_address>0x8d5b7</load_address>
         <run_address>0x8d5b7</run_address>
         <size>0x22</size>
         <input_file_ref idref="fl-44"/>
      </object_component>
      <object_component id="oc-37e">
         <name>.text:_ti_sysbios_knl_Task_allBlockedFunction__I</name>
         <load_address>0x8d5d9</load_address>
         <run_address>0x8d5d9</run_address>
         <size>0x21</size>
         <input_file_ref idref="fl-1f"/>
      </object_component>
      <object_component id="oc-316">
         <name>.text:_xdc_runtime_LoggerBuf_filterOutEvent__I</name>
         <load_address>0x8d5fa</load_address>
         <run_address>0x8d5fa</run_address>
         <size>0x21</size>
         <input_file_ref idref="fl-2b"/>
      </object_component>
      <object_component id="oc-2cd">
         <name>.text:_xdc_runtime_System_atexit__E</name>
         <load_address>0x8d61b</load_address>
         <run_address>0x8d61b</run_address>
         <size>0x21</size>
         <input_file_ref idref="fl-2e"/>
      </object_component>
      <object_component id="oc-267">
         <name>.text</name>
         <load_address>0x8d63c</load_address>
         <run_address>0x8d63c</run_address>
         <size>0x21</size>
         <input_file_ref idref="fl-63"/>
      </object_component>
      <object_component id="oc-438">
         <name>.text:_ti_sysbios_family_c28_Timer_setPrescale__E</name>
         <load_address>0x8d65d</load_address>
         <run_address>0x8d65d</run_address>
         <size>0x20</size>
         <input_file_ref idref="fl-1f"/>
      </object_component>
      <object_component id="oc-2b4">
         <name>.text:_ti_sysbios_gates_GateHwi_Object__create__S</name>
         <load_address>0x8d67d</load_address>
         <run_address>0x8d67d</run_address>
         <size>0x1f</size>
         <input_file_ref idref="fl-13"/>
      </object_component>
      <object_component id="oc-2e7">
         <name>.text:_ti_sysbios_gates_GateMutex_Object__create__S</name>
         <load_address>0x8d69c</load_address>
         <run_address>0x8d69c</run_address>
         <size>0x1f</size>
         <input_file_ref idref="fl-13"/>
      </object_component>
      <object_component id="oc-2bc">
         <name>.text:_ti_sysbios_heaps_HeapMem_Object__create__S</name>
         <load_address>0x8d6bb</load_address>
         <run_address>0x8d6bb</run_address>
         <size>0x1f</size>
         <input_file_ref idref="fl-13"/>
      </object_component>
      <object_component id="oc-26c">
         <name>.text</name>
         <load_address>0x8d6da</load_address>
         <run_address>0x8d6da</run_address>
         <size>0x1f</size>
         <input_file_ref idref="fl-64"/>
      </object_component>
      <object_component id="oc-408">
         <name>.text:_xdc_runtime_SysMin_putch__E</name>
         <load_address>0x8d6f9</load_address>
         <run_address>0x8d6f9</run_address>
         <size>0x1e</size>
         <input_file_ref idref="fl-2f"/>
      </object_component>
      <object_component id="oc-276">
         <name>.text</name>
         <load_address>0x8d717</load_address>
         <run_address>0x8d717</run_address>
         <size>0x1e</size>
         <input_file_ref idref="fl-66"/>
      </object_component>
      <object_component id="oc-2a9">
         <name>.text</name>
         <load_address>0x8d735</load_address>
         <run_address>0x8d735</run_address>
         <size>0x1e</size>
         <input_file_ref idref="fl-48"/>
      </object_component>
      <object_component id="oc-3d3">
         <name>.text:_ti_sysbios_family_c28_TaskSupport_swap__E</name>
         <load_address>0x8d753</load_address>
         <run_address>0x8d753</run_address>
         <size>0x1d</size>
         <input_file_ref idref="fl-23"/>
      </object_component>
      <object_component id="oc-27b">
         <name>.text</name>
         <load_address>0x8d770</load_address>
         <run_address>0x8d770</run_address>
         <size>0x1d</size>
         <input_file_ref idref="fl-67"/>
      </object_component>
      <object_component id="oc-3dd">
         <name>.text:_ti_sysbios_hal_Hwi_checkStack</name>
         <load_address>0x8d78d</load_address>
         <run_address>0x8d78d</run_address>
         <size>0x1c</size>
         <input_file_ref idref="fl-1f"/>
      </object_component>
      <object_component id="oc-285">
         <name>.text</name>
         <load_address>0x8d7a9</load_address>
         <run_address>0x8d7a9</run_address>
         <size>0x1c</size>
         <input_file_ref idref="fl-69"/>
      </object_component>
      <object_component id="oc-280">
         <name>.text</name>
         <load_address>0x8d7c5</load_address>
         <run_address>0x8d7c5</run_address>
         <size>0x1c</size>
         <input_file_ref idref="fl-68"/>
      </object_component>
      <object_component id="oc-45a">
         <name>.text:_ti_sysbios_family_c28_Hwi_switchAndDispatch__I</name>
         <load_address>0x8d7e1</load_address>
         <run_address>0x8d7e1</run_address>
         <size>0x1b</size>
         <input_file_ref idref="fl-20"/>
      </object_component>
      <object_component id="oc-34e">
         <name>.text:_ti_sysbios_hal_Hwi_initStack</name>
         <load_address>0x8d7fc</load_address>
         <run_address>0x8d7fc</run_address>
         <size>0x1b</size>
         <input_file_ref idref="fl-1f"/>
      </object_component>
      <object_component id="oc-3a1">
         <name>.text:_ti_sysbios_knl_Semaphore_construct</name>
         <load_address>0x8d817</load_address>
         <run_address>0x8d817</run_address>
         <size>0x1b</size>
         <input_file_ref idref="fl-13"/>
      </object_component>
      <object_component id="oc-452">
         <name>.text:_ti_sysbios_knl_Task_processVitalTaskFlag__I</name>
         <load_address>0x8d832</load_address>
         <run_address>0x8d832</run_address>
         <size>0x1b</size>
         <input_file_ref idref="fl-1f"/>
      </object_component>
      <object_component id="oc-403">
         <name>.text:_xdc_runtime_SysMin_output__I</name>
         <load_address>0x8d84d</load_address>
         <run_address>0x8d84d</run_address>
         <size>0x1b</size>
         <input_file_ref idref="fl-13"/>
      </object_component>
      <object_component id="oc-396">
         <name>.text:_ti_sysbios_knl_Clock_addI__E</name>
         <load_address>0x8d868</load_address>
         <run_address>0x8d868</run_address>
         <size>0x1a</size>
         <input_file_ref idref="fl-1f"/>
      </object_component>
      <object_component id="oc-304">
         <name>.text:_xdc_runtime_Core_assignLabel__I</name>
         <load_address>0x8d882</load_address>
         <run_address>0x8d882</run_address>
         <size>0x1a</size>
         <input_file_ref idref="fl-27"/>
      </object_component>
      <object_component id="oc-431">
         <name>.text:_xdc_runtime_System_avprintf__E</name>
         <load_address>0x8d89c</load_address>
         <run_address>0x8d89c</run_address>
         <size>0x1a</size>
         <input_file_ref idref="fl-2e"/>
      </object_component>
      <object_component id="oc-459">
         <name>.text:_xdc_runtime_System_putchar__I</name>
         <load_address>0x8d8b6</load_address>
         <run_address>0x8d8b6</run_address>
         <size>0x1a</size>
         <input_file_ref idref="fl-2e"/>
      </object_component>
      <object_component id="oc-425">
         <name>.text:_ti_sysbios_knl_Mailbox_postInit__I</name>
         <load_address>0x8d8d0</load_address>
         <run_address>0x8d8d0</run_address>
         <size>0x19</size>
         <input_file_ref idref="fl-1f"/>
      </object_component>
      <object_component id="oc-3f8">
         <name>.text:_ti_sysbios_knl_Queue_construct</name>
         <load_address>0x8d8e9</load_address>
         <run_address>0x8d8e9</run_address>
         <size>0x19</size>
         <input_file_ref idref="fl-13"/>
      </object_component>
      <object_component id="oc-395">
         <name>.text:_ti_sysbios_knl_Semaphore_pendTimeout__I</name>
         <load_address>0x8d902</load_address>
         <run_address>0x8d902</run_address>
         <size>0x19</size>
         <input_file_ref idref="fl-1f"/>
      </object_component>
      <object_component id="oc-32f">
         <name>.text:_ti_sysbios_knl_Swi_restore__E</name>
         <load_address>0x8d91b</load_address>
         <run_address>0x8d91b</run_address>
         <size>0x19</size>
         <input_file_ref idref="fl-1f"/>
      </object_component>
      <object_component id="oc-432">
         <name>.text:_xdc_runtime_System_vprintf__E</name>
         <load_address>0x8d934</load_address>
         <run_address>0x8d934</run_address>
         <size>0x19</size>
         <input_file_ref idref="fl-2e"/>
      </object_component>
      <object_component id="oc-44a">
         <name>.text:_xdc_runtime_Text_printVisFxn__I</name>
         <load_address>0x8d94d</load_address>
         <run_address>0x8d94d</run_address>
         <size>0x19</size>
         <input_file_ref idref="fl-30"/>
      </object_component>
      <object_component id="oc-296">
         <name>.text</name>
         <load_address>0x8d966</load_address>
         <run_address>0x8d966</run_address>
         <size>0x19</size>
         <input_file_ref idref="fl-4b"/>
      </object_component>
      <object_component id="oc-38c">
         <name>.text:_ti_sysbios_family_xxx_Hwi_switchAndRunFunc</name>
         <load_address>0x8d97f</load_address>
         <run_address>0x8d97f</run_address>
         <size>0x18</size>
         <input_file_ref idref="fl-20"/>
      </object_component>
      <object_component id="oc-409">
         <name>.text:_xdc_runtime_LoggerBuf_Module_startup__E</name>
         <load_address>0x8d997</load_address>
         <run_address>0x8d997</run_address>
         <size>0x18</size>
         <input_file_ref idref="fl-2b"/>
      </object_component>
      <object_component id="oc-36f">
         <name>.text:_xdc_runtime_LoggerBuf_reset__E</name>
         <load_address>0x8d9af</load_address>
         <run_address>0x8d9af</run_address>
         <size>0x18</size>
         <input_file_ref idref="fl-2b"/>
      </object_component>
      <object_component id="oc-271">
         <name>.text</name>
         <load_address>0x8d9c7</load_address>
         <run_address>0x8d9c7</run_address>
         <size>0x18</size>
         <input_file_ref idref="fl-65"/>
      </object_component>
      <object_component id="oc-2cc">
         <name>.text:_ti_sysbios_BIOS_atExitFunc__I</name>
         <load_address>0x8d9df</load_address>
         <run_address>0x8d9df</run_address>
         <size>0x17</size>
         <input_file_ref idref="fl-13"/>
      </object_component>
      <object_component id="oc-2cf">
         <name>.text:_ti_sysbios_family_c28_Timer_startup__E</name>
         <load_address>0x8d9f6</load_address>
         <run_address>0x8d9f6</run_address>
         <size>0x17</size>
         <input_file_ref idref="fl-1f"/>
      </object_component>
      <object_component id="oc-2a1">
         <name>.text:_ti_sysbios_knl_Clock_doTick__I</name>
         <load_address>0x8da0d</load_address>
         <run_address>0x8da0d</run_address>
         <size>0x17</size>
         <input_file_ref idref="fl-13"/>
      </object_component>
      <object_component id="oc-3b9">
         <name>.text:_xdc_runtime_Memory_valloc__E</name>
         <load_address>0x8da24</load_address>
         <run_address>0x8da24</run_address>
         <size>0x17</size>
         <input_file_ref idref="fl-2c"/>
      </object_component>
      <object_component id="oc-40d">
         <name>.text:_ti_sysbios_family_c28_Timer_Module_startup__E</name>
         <load_address>0x8da3b</load_address>
         <run_address>0x8da3b</run_address>
         <size>0x16</size>
         <input_file_ref idref="fl-1f"/>
      </object_component>
      <object_component id="oc-37d">
         <name>.text:_ti_sysbios_knl_Task_restore__E</name>
         <load_address>0x8da51</load_address>
         <run_address>0x8da51</run_address>
         <size>0x16</size>
         <input_file_ref idref="fl-1f"/>
      </object_component>
      <object_component id="oc-3ff">
         <name>.text:_xdc_runtime_SysMin_abort__E</name>
         <load_address>0x8da67</load_address>
         <run_address>0x8da67</run_address>
         <size>0x16</size>
         <input_file_ref idref="fl-2f"/>
      </object_component>
      <object_component id="oc-410">
         <name>.text:_ti_sysbios_knl_Swi_Module_startup__E</name>
         <load_address>0x8da7d</load_address>
         <run_address>0x8da7d</run_address>
         <size>0x15</size>
         <input_file_ref idref="fl-1f"/>
      </object_component>
      <object_component id="oc-2ea">
         <name>.text:_ti_sysbios_knl_Idle_run__E</name>
         <load_address>0x8da92</load_address>
         <run_address>0x8da92</run_address>
         <size>0x14</size>
         <input_file_ref idref="fl-1f"/>
      </object_component>
      <object_component id="oc-3e6">
         <name>.text:_ti_sysbios_BIOS_errorRaiseHook__I</name>
         <load_address>0x8daa6</load_address>
         <run_address>0x8daa6</run_address>
         <size>0x13</size>
         <input_file_ref idref="fl-13"/>
      </object_component>
      <object_component id="oc-41e">
         <name>.text:_ti_sysbios_family_c28_Hwi_Object__get__S</name>
         <load_address>0x8dab9</load_address>
         <run_address>0x8dab9</run_address>
         <size>0x13</size>
         <input_file_ref idref="fl-13"/>
      </object_component>
      <object_component id="oc-2e8">
         <name>.text:_ti_sysbios_gates_GateMutex_Object__delete__S</name>
         <load_address>0x8dacc</load_address>
         <run_address>0x8dacc</run_address>
         <size>0x13</size>
         <input_file_ref idref="fl-13"/>
      </object_component>
      <object_component id="oc-2a7">
         <name>.text:_xdc_runtime_Error_raiseX__E</name>
         <load_address>0x8dadf</load_address>
         <run_address>0x8dadf</run_address>
         <size>0x13</size>
         <input_file_ref idref="fl-29"/>
      </object_component>
      <object_component id="oc-362">
         <name>.text:_xdc_runtime_Text_cordText__E</name>
         <load_address>0x8daf2</load_address>
         <run_address>0x8daf2</run_address>
         <size>0x13</size>
         <input_file_ref idref="fl-30"/>
      </object_component>
      <object_component id="oc-45c">
         <name>.text:_ti_sysbios_family_c28_Hwi_disableIER__E</name>
         <load_address>0x8db05</load_address>
         <run_address>0x8db05</run_address>
         <size>0x12</size>
         <input_file_ref idref="fl-13"/>
      </object_component>
      <object_component id="oc-2b5">
         <name>.text:_ti_sysbios_gates_GateHwi_Object__delete__S</name>
         <load_address>0x8db17</load_address>
         <run_address>0x8db17</run_address>
         <size>0x12</size>
         <input_file_ref idref="fl-13"/>
      </object_component>
      <object_component id="oc-2bd">
         <name>.text:_ti_sysbios_heaps_HeapMem_Object__delete__S</name>
         <load_address>0x8db29</load_address>
         <run_address>0x8db29</run_address>
         <size>0x12</size>
         <input_file_ref idref="fl-13"/>
      </object_component>
      <object_component id="oc-40e">
         <name>.text:_ti_sysbios_knl_Clock_Module_startup__E</name>
         <load_address>0x8db3b</load_address>
         <run_address>0x8db3b</run_address>
         <size>0x12</size>
         <input_file_ref idref="fl-1f"/>
      </object_component>
      <object_component id="oc-2ca">
         <name>.text:_xdc_runtime_LoggerBuf_Object__delete__S</name>
         <load_address>0x8db4d</load_address>
         <run_address>0x8db4d</run_address>
         <size>0x12</size>
         <input_file_ref idref="fl-13"/>
      </object_component>
      <object_component id="oc-2b6">
         <name>.text:_ti_sysbios_gates_GateHwi_Handle__label__S</name>
         <load_address>0x8db5f</load_address>
         <run_address>0x8db5f</run_address>
         <size>0x11</size>
         <input_file_ref idref="fl-13"/>
      </object_component>
      <object_component id="oc-2e9">
         <name>.text:_ti_sysbios_gates_GateMutex_Handle__label__S</name>
         <load_address>0x8db70</load_address>
         <run_address>0x8db70</run_address>
         <size>0x11</size>
         <input_file_ref idref="fl-13"/>
      </object_component>
      <object_component id="oc-2be">
         <name>.text:_ti_sysbios_heaps_HeapMem_Handle__label__S</name>
         <load_address>0x8db81</load_address>
         <run_address>0x8db81</run_address>
         <size>0x11</size>
         <input_file_ref idref="fl-13"/>
      </object_component>
      <object_component id="oc-3b2">
         <name>.text:_ti_sysbios_heaps_HeapMem_Object__get__S</name>
         <load_address>0x8db92</load_address>
         <run_address>0x8db92</run_address>
         <size>0x11</size>
         <input_file_ref idref="fl-13"/>
      </object_component>
      <object_component id="oc-427">
         <name>.text:_ti_sysbios_knl_Swi_Object__get__S</name>
         <load_address>0x8dba3</load_address>
         <run_address>0x8dba3</run_address>
         <size>0x11</size>
         <input_file_ref idref="fl-13"/>
      </object_component>
      <object_component id="oc-42a">
         <name>.text:_ti_sysbios_knl_Task_Object__get__S</name>
         <load_address>0x8dbb4</load_address>
         <run_address>0x8dbb4</run_address>
         <size>0x11</size>
         <input_file_ref idref="fl-13"/>
      </object_component>
      <object_component id="oc-2cb">
         <name>.text:_xdc_runtime_LoggerBuf_Handle__label__S</name>
         <load_address>0x8dbc5</load_address>
         <run_address>0x8dbc5</run_address>
         <size>0x11</size>
         <input_file_ref idref="fl-13"/>
      </object_component>
      <object_component id="oc-41b">
         <name>.text:_xdc_runtime_LoggerBuf_Object__get__S</name>
         <load_address>0x8dbd6</load_address>
         <run_address>0x8dbd6</run_address>
         <size>0x11</size>
         <input_file_ref idref="fl-13"/>
      </object_component>
      <object_component id="oc-32a">
         <name>.text:_ti_sysbios_BIOS_rtsLock__I</name>
         <load_address>0x8dbe7</load_address>
         <run_address>0x8dbe7</run_address>
         <size>0x10</size>
         <input_file_ref idref="fl-13"/>
      </object_component>
      <object_component id="oc-3c7">
         <name>.text:_ti_sysbios_family_c28_Hwi_enableIER__E</name>
         <load_address>0x8dbf7</load_address>
         <run_address>0x8dbf7</run_address>
         <size>0x10</size>
         <input_file_ref idref="fl-13"/>
      </object_component>
      <object_component id="oc-437">
         <name>.text:_ti_sysbios_family_c28_Timer_stop__E</name>
         <load_address>0x8dc07</load_address>
         <run_address>0x8dc07</run_address>
         <size>0x10</size>
         <input_file_ref idref="fl-1f"/>
      </object_component>
      <object_component id="oc-45b">
         <name>.text:_ti_sysbios_knl_Task_restoreHwi__E</name>
         <load_address>0x8dc17</load_address>
         <run_address>0x8dc17</run_address>
         <size>0x10</size>
         <input_file_ref idref="fl-1f"/>
      </object_component>
      <object_component id="oc-40b">
         <name>.text:_xdc_runtime_SysMin_Module_startup__E</name>
         <load_address>0x8dc27</load_address>
         <run_address>0x8dc27</run_address>
         <size>0x10</size>
         <input_file_ref idref="fl-2f"/>
      </object_component>
      <object_component id="oc-29e">
         <name>.text:_ti_sysbios_BIOS_startFunc__I</name>
         <load_address>0x8dc37</load_address>
         <run_address>0x8dc37</run_address>
         <size>0xf</size>
         <input_file_ref idref="fl-13"/>
      </object_component>
      <object_component id="oc-345">
         <name>.text:_ti_sysbios_gates_GateMutex_Instance_init__E</name>
         <load_address>0x8dc46</load_address>
         <run_address>0x8dc46</run_address>
         <size>0xf</size>
         <input_file_ref idref="fl-1f"/>
      </object_component>
      <object_component id="oc-442">
         <name>.text:_ti_sysbios_knl_Queue_Object__get__S</name>
         <load_address>0x8dc55</load_address>
         <run_address>0x8dc55</run_address>
         <size>0xf</size>
         <input_file_ref idref="fl-13"/>
      </object_component>
      <object_component id="oc-3dc">
         <name>.text:_ti_sysbios_knl_Semaphore_Object__destruct__S</name>
         <load_address>0x8dc64</load_address>
         <run_address>0x8dc64</run_address>
         <size>0xf</size>
         <input_file_ref idref="fl-13"/>
      </object_component>
      <object_component id="oc-2c4">
         <name>.text:_xdc_runtime_LoggerBuf_write2__E</name>
         <load_address>0x8dc73</load_address>
         <run_address>0x8dc73</run_address>
         <size>0xf</size>
         <input_file_ref idref="fl-2b"/>
      </object_component>
      <object_component id="oc-448">
         <name>.text:_xdc_runtime_Registry_findById__E</name>
         <load_address>0x8dc82</load_address>
         <run_address>0x8dc82</run_address>
         <size>0xf</size>
         <input_file_ref idref="fl-33"/>
      </object_component>
      <object_component id="oc-455">
         <name>.text:_xdc_runtime_Text_visitRope__I</name>
         <load_address>0x8dc91</load_address>
         <run_address>0x8dc91</run_address>
         <size>0xf</size>
         <input_file_ref idref="fl-13"/>
      </object_component>
      <object_component id="oc-36c">
         <name>.text:_ti_sysbios_family_c28_f2837x_TimestampProvider_get64__E</name>
         <load_address>0x8dca0</load_address>
         <run_address>0x8dca0</run_address>
         <size>0xe</size>
         <input_file_ref idref="fl-1f"/>
      </object_component>
      <object_component id="oc-423">
         <name>.text:_ti_sysbios_knl_Mailbox_Object__get__S</name>
         <load_address>0x8dcae</load_address>
         <run_address>0x8dcae</run_address>
         <size>0xe</size>
         <input_file_ref idref="fl-13"/>
      </object_component>
      <object_component id="oc-415">
         <name>.text:_ti_sysbios_knl_Queue_Object__destruct__S</name>
         <load_address>0x8dcbc</load_address>
         <run_address>0x8dcbc</run_address>
         <size>0xe</size>
         <input_file_ref idref="fl-13"/>
      </object_component>
      <object_component id="oc-3f0">
         <name>.text:_xdc_runtime_IHeap_alloc</name>
         <load_address>0x8dcca</load_address>
         <run_address>0x8dcca</run_address>
         <size>0xe</size>
         <input_file_ref idref="fl-13"/>
      </object_component>
      <object_component id="oc-262">
         <name>.text</name>
         <load_address>0x8dcd8</load_address>
         <run_address>0x8dcd8</run_address>
         <size>0xe</size>
         <input_file_ref idref="fl-62"/>
      </object_component>
      <object_component id="oc-2ce">
         <name>.text:_ti_sysbios_BIOS_registerRTSLock__I</name>
         <load_address>0x8dce6</load_address>
         <run_address>0x8dce6</run_address>
         <size>0xd</size>
         <input_file_ref idref="fl-13"/>
      </object_component>
      <object_component id="oc-2d3">
         <name>.text:_ti_sysbios_BIOS_removeRTSLock__I</name>
         <load_address>0x8dcf3</load_address>
         <run_address>0x8dcf3</run_address>
         <size>0xd</size>
         <input_file_ref idref="fl-13"/>
      </object_component>
      <object_component id="oc-44e">
         <name>.text:_ti_sysbios_family_c28_Hwi_dispatchC__I</name>
         <load_address>0x8dd00</load_address>
         <run_address>0x8dd00</run_address>
         <size>0xd</size>
         <input_file_ref idref="fl-1f"/>
      </object_component>
      <object_component id="oc-3cb">
         <name>.text:_ti_sysbios_family_c28_Hwi_restoreIER__E</name>
         <load_address>0x8dd0d</load_address>
         <run_address>0x8dd0d</run_address>
         <size>0xd</size>
         <input_file_ref idref="fl-13"/>
      </object_component>
      <object_component id="oc-441">
         <name>.text:_ti_sysbios_knl_Task_SupportProxy_start__E</name>
         <load_address>0x8dd1a</load_address>
         <run_address>0x8dd1a</run_address>
         <size>0xd</size>
         <input_file_ref idref="fl-13"/>
      </object_component>
      <object_component id="oc-440">
         <name>.text:_ti_sysbios_knl_Task_enter__I</name>
         <load_address>0x8dd27</load_address>
         <run_address>0x8dd27</run_address>
         <size>0xd</size>
         <input_file_ref idref="fl-1f"/>
      </object_component>
      <object_component id="oc-2c2">
         <name>.text:_xdc_runtime_LoggerBuf_write0__E</name>
         <load_address>0x8dd34</load_address>
         <run_address>0x8dd34</run_address>
         <size>0xd</size>
         <input_file_ref idref="fl-2b"/>
      </object_component>
      <object_component id="oc-2c3">
         <name>.text:_xdc_runtime_LoggerBuf_write1__E</name>
         <load_address>0x8dd41</load_address>
         <run_address>0x8dd41</run_address>
         <size>0xd</size>
         <input_file_ref idref="fl-2b"/>
      </object_component>
      <object_component id="oc-3bf">
         <name>.text:_xdc_runtime_Memory_HeapProxy_alloc__E</name>
         <load_address>0x8dd4e</load_address>
         <run_address>0x8dd4e</run_address>
         <size>0xd</size>
         <input_file_ref idref="fl-13"/>
      </object_component>
      <object_component id="oc-3af">
         <name>.text:_xdc_runtime_System_abort__E</name>
         <load_address>0x8dd5b</load_address>
         <run_address>0x8dd5b</run_address>
         <size>0xd</size>
         <input_file_ref idref="fl-2e"/>
      </object_component>
      <object_component id="oc-3e4">
         <name>.text</name>
         <load_address>0x8dd68</load_address>
         <run_address>0x8dd68</run_address>
         <size>0xd</size>
         <input_file_ref idref="fl-56"/>
      </object_component>
      <object_component id="oc-29f">
         <name>.text:_ti_sysbios_BIOS_exitFunc__I</name>
         <load_address>0x8dd75</load_address>
         <run_address>0x8dd75</run_address>
         <size>0xc</size>
         <input_file_ref idref="fl-13"/>
      </object_component>
      <object_component id="oc-2e6">
         <name>.text:_ti_sysbios_gates_GateMutex_leave__E</name>
         <load_address>0x8dd81</load_address>
         <run_address>0x8dd81</run_address>
         <size>0xc</size>
         <input_file_ref idref="fl-1f"/>
      </object_component>
      <object_component id="oc-3d5">
         <name>.text:_ti_sysbios_knl_Queue_put__E</name>
         <load_address>0x8dd8d</load_address>
         <run_address>0x8dd8d</run_address>
         <size>0xc</size>
         <input_file_ref idref="fl-1f"/>
      </object_component>
      <object_component id="oc-39a">
         <name>.text:_ti_sysbios_knl_Task_enabled__E</name>
         <load_address>0x8dd99</load_address>
         <run_address>0x8dd99</run_address>
         <size>0xc</size>
         <input_file_ref idref="fl-1f"/>
      </object_component>
      <object_component id="oc-321">
         <name>.text:_xdc_runtime_Error_check__E</name>
         <load_address>0x8dda5</load_address>
         <run_address>0x8dda5</run_address>
         <size>0xc</size>
         <input_file_ref idref="fl-29"/>
      </object_component>
      <object_component id="oc-418">
         <name>.text:_xdc_runtime_System_aprintf__E</name>
         <load_address>0x8ddb1</load_address>
         <run_address>0x8ddb1</run_address>
         <size>0xc</size>
         <input_file_ref idref="fl-13"/>
      </object_component>
      <object_component id="oc-419">
         <name>.text:_xdc_runtime_System_printf__E</name>
         <load_address>0x8ddbd</load_address>
         <run_address>0x8ddbd</run_address>
         <size>0xc</size>
         <input_file_ref idref="fl-13"/>
      </object_component>
      <object_component id="oc-360">
         <name>.text</name>
         <load_address>0x8ddc9</load_address>
         <run_address>0x8ddc9</run_address>
         <size>0xc</size>
         <input_file_ref idref="fl-4c"/>
      </object_component>
      <object_component id="oc-3e2">
         <name>.text</name>
         <load_address>0x8ddd5</load_address>
         <run_address>0x8ddd5</run_address>
         <size>0xc</size>
         <input_file_ref idref="fl-57"/>
      </object_component>
      <object_component id="oc-454">
         <name>.text:_ti_sysbios_family_c28_Hwi_Module__startupDone__F</name>
         <load_address>0x8dde1</load_address>
         <run_address>0x8dde1</run_address>
         <size>0xb</size>
         <input_file_ref idref="fl-13"/>
      </object_component>
      <object_component id="oc-450">
         <name>.text:_ti_sysbios_family_c28_Timer_Module__startupDone__F</name>
         <load_address>0x8ddec</load_address>
         <run_address>0x8ddec</run_address>
         <size>0xb</size>
         <input_file_ref idref="fl-13"/>
      </object_component>
      <object_component id="oc-443">
         <name>.text:_ti_sysbios_knl_Task_unblock__E</name>
         <load_address>0x8ddf7</load_address>
         <run_address>0x8ddf7</run_address>
         <size>0xb</size>
         <input_file_ref idref="fl-1f"/>
      </object_component>
      <object_component id="oc-322">
         <name>.text:_xdc_runtime_LoggerBuf_Instance_finalize__E</name>
         <load_address>0x8de02</load_address>
         <run_address>0x8de02</run_address>
         <size>0xb</size>
         <input_file_ref idref="fl-2b"/>
      </object_component>
      <object_component id="oc-2f0">
         <name>.text:_xdc_runtime_Startup_exec__I</name>
         <load_address>0x8de0d</load_address>
         <run_address>0x8de0d</run_address>
         <size>0xb</size>
         <input_file_ref idref="fl-13"/>
[...]
         <object_component_ref idref="oc-2c1"/>
      </symbol>
      <symbol id="sm-e1e">
         <name>_xdc_runtime_LoggerBuf_setFilterLevel__E</name>
         <value>0x8cfe9</value>
         <object_component_ref idref="oc-2c7"/>
      </symbol>
      <symbol id="sm-e1f">
         <name>_xdc_runtime_LoggerBuf_write8__E</name>
         <value>0x8b7e9</value>
         <object_component_ref idref="oc-2c6"/>
      </symbol>
      <symbol id="sm-e20">
         <name>_xdc_runtime_LoggerBuf_write2__E</name>
         <value>0x8dc73</value>
         <object_component_ref idref="oc-2c4"/>
      </symbol>
      <symbol id="sm-e21">
         <name>_LoggerBuf_instanceStartup</name>
         <value>0x8d9af</value>
         <object_component_ref idref="oc-36f"/>
      </symbol>
      <symbol id="sm-e22">
         <name>_xdc_runtime_LoggerBuf_filterOutEvent__I</name>
         <value>0x8d5fa</value>
         <object_component_ref idref="oc-316"/>
      </symbol>
      <symbol id="sm-e23">
         <name>_xdc_runtime_LoggerBuf_write1__E</name>
         <value>0x8dd41</value>
         <object_component_ref idref="oc-2c3"/>
      </symbol>
      <symbol id="sm-e24">
         <name>_xdc_runtime_LoggerBuf_enable__E</name>
         <value>0x8df84</value>
         <object_component_ref idref="oc-2c0"/>
      </symbol>
      <symbol id="sm-e40">
         <name>_xdc_runtime_Memory_calloc__E</name>
         <value>0x8ded9</value>
         <object_component_ref idref="oc-35f"/>
      </symbol>
      <symbol id="sm-e41">
         <name>_xdc_runtime_Memory_free__E</name>
         <value>0x8de4d</value>
         <object_component_ref idref="oc-361"/>
      </symbol>
      <symbol id="sm-e42">
         <name>_xdc_runtime_Memory_valloc__E</name>
         <value>0x8da24</value>
         <object_component_ref idref="oc-3b9"/>
      </symbol>
      <symbol id="sm-e43">
         <name>_xdc_runtime_Memory_alloc__E</name>
         <value>0x8cbc6</value>
         <object_component_ref idref="oc-36e"/>
      </symbol>
      <symbol id="sm-e44">
         <name>_xdc_runtime_Memory_getMaxDefaultTypeAlign__E</name>
         <value>0x8dfcc</value>
         <object_component_ref idref="oc-3be"/>
      </symbol>
      <symbol id="sm-e65">
         <name>_xdc_runtime_Startup_startMods__I</name>
         <value>0x8c60c</value>
         <object_component_ref idref="oc-3b5"/>
      </symbol>
      <symbol id="sm-e66">
         <name>_xdc_runtime_Startup_exec__E</name>
         <value>0x8d205</value>
         <object_component_ref idref="oc-295"/>
      </symbol>
      <symbol id="sm-eeb">
         <name>_xdc_runtime_System_formatNum__I</name>
         <value>0x8ceb4</value>
         <object_component_ref idref="oc-458"/>
      </symbol>
      <symbol id="sm-eec">
         <name>_xdc_runtime_System_exit__E</name>
         <value>0x8de23</value>
         <object_component_ref idref="oc-297"/>
      </symbol>
      <symbol id="sm-eed">
         <name>_xdc_runtime_System_exitStd__E</name>
         <value>0x8e006</value>
         <object_component_ref idref="oc-2fe"/>
      </symbol>
      <symbol id="sm-eee">
         <name>_xdc_runtime_System_printf_va__F</name>
         <value>0x8d934</value>
         <object_component_ref idref="oc-432"/>
      </symbol>
      <symbol id="sm-eef">
         <name>_xdc_runtime_System_atexit__E</name>
         <value>0x8d61b</value>
         <object_component_ref idref="oc-2cd"/>
      </symbol>
      <symbol id="sm-ef0">
         <name>_xdc_runtime_System_abortStd__E</name>
         <value>0x8e003</value>
         <object_component_ref idref="oc-400"/>
      </symbol>
      <symbol id="sm-ef1">
         <name>_xdc_runtime_System_putchar__I</name>
         <value>0x8d8b6</value>
         <object_component_ref idref="oc-459"/>
      </symbol>
      <symbol id="sm-ef2">
         <name>_xdc_runtime_System_snprintf_va__F</name>
         <value>0x8de57</value>
         <object_component_ref idref="oc-44b"/>
      </symbol>
      <symbol id="sm-ef3">
         <name>_xdc_runtime_System_Module_startup__E</name>
         <value>0x8dffd</value>
         <object_component_ref idref="oc-40a"/>
      </symbol>
      <symbol id="sm-ef4">
         <name>_xdc_runtime_System_avprintf__E</name>
         <value>0x8d89c</value>
         <object_component_ref idref="oc-431"/>
      </symbol>
      <symbol id="sm-ef5">
         <name>_xdc_runtime_System_vprintf__E</name>
         <value>0x8d934</value>
         <object_component_ref idref="oc-432"/>
      </symbol>
      <symbol id="sm-ef6">
         <name>_xdc_runtime_System_aprintf_va__F</name>
         <value>0x8d89c</value>
         <object_component_ref idref="oc-431"/>
      </symbol>
      <symbol id="sm-ef7">
         <name>_xdc_runtime_System_doPrint__I</name>
         <value>0x8a73d</value>
         <object_component_ref idref="oc-44d"/>
      </symbol>
      <symbol id="sm-ef8">
         <name>_xdc_runtime_System_processAtExit__E</name>
         <value>0x8d54b</value>
         <object_component_ref idref="oc-2ae"/>
      </symbol>
      <symbol id="sm-ef9">
         <name>_xdc_runtime_System_vsnprintf__E</name>
         <value>0x8de57</value>
         <object_component_ref idref="oc-44b"/>
      </symbol>
      <symbol id="sm-efa">
         <name>_xdc_runtime_System_abort__E</name>
         <value>0x8dd5b</value>
         <object_component_ref idref="oc-3af"/>
      </symbol>
      <symbol id="sm-f1a">
         <name>_xdc_runtime_SysMin_abort__E</name>
         <value>0x8da67</value>
         <object_component_ref idref="oc-3ff"/>
      </symbol>
      <symbol id="sm-f1b">
         <name>_xdc_runtime_SysMin_ready__E</name>
         <value>0x8dee1</value>
         <object_component_ref idref="oc-456"/>
      </symbol>
      <symbol id="sm-f1c">
         <name>_xdc_runtime_SysMin_flush__E</name>
         <value>0x8d484</value>
         <object_component_ref idref="oc-3b8"/>
      </symbol>
      <symbol id="sm-f1d">
         <name>_xdc_runtime_SysMin_Module_startup__E</name>
         <value>0x8dc27</value>
         <object_component_ref idref="oc-40b"/>
      </symbol>
      <symbol id="sm-f1e">
         <name>_xdc_runtime_SysMin_putch__E</name>
         <value>0x8d6f9</value>
         <object_component_ref idref="oc-408"/>
      </symbol>
      <symbol id="sm-f1f">
         <name>_xdc_runtime_SysMin_exit__E</name>
         <value>0x8de18</value>
         <object_component_ref idref="oc-356"/>
      </symbol>
      <symbol id="sm-f66">
         <name>_xdc_runtime_Text_putLab__E</name>
         <value>0x8ccc3</value>
         <object_component_ref idref="oc-467"/>
      </symbol>
      <symbol id="sm-f67">
         <name>_xdc_runtime_Text_printVisFxn__I</name>
         <value>0x8d94d</value>
         <object_component_ref idref="oc-44a"/>
      </symbol>
      <symbol id="sm-f68">
         <name>_xdc_runtime_Text_putMod__E</name>
         <value>0x8cf31</value>
         <object_component_ref idref="oc-42f"/>
      </symbol>
      <symbol id="sm-f69">
         <name>_xdc_runtime_Text_cordText__E</name>
         <value>0x8daf2</value>
         <object_component_ref idref="oc-362"/>
      </symbol>
      <symbol id="sm-f6a">
         <name>_xdc_runtime_Text_xprintf__I</name>
         <value>0x8d4ad</value>
         <object_component_ref idref="oc-430"/>
      </symbol>
      <symbol id="sm-f6b">
         <name>_xdc_runtime_Text_visitRope2__I</name>
         <value>0x8d1d3</value>
         <object_component_ref idref="oc-460"/>
      </symbol>
      <symbol id="sm-f6c">
         <name>_xdc_runtime_Text_ropeText__E</name>
         <value>0x8de61</value>
         <object_component_ref idref="oc-367"/>
      </symbol>
      <symbol id="sm-f6d">
         <name>_xdc_runtime_Text_putSite__E</name>
         <value>0x8c7dd</value>
         <object_component_ref idref="oc-417"/>
      </symbol>
      <symbol id="sm-f7a">
         <name>___xdc__init</name>
         <value>0x8dfd3</value>
         <object_component_ref idref="oc-298"/>
      </symbol>
      <symbol id="sm-f9c">
         <name>_xdc_runtime_Registry_findById__E</name>
         <value>0x8dc82</value>
         <object_component_ref idref="oc-448"/>
      </symbol>
      <symbol id="sm-fb6">
         <name>_c_int00</name>
         <value>0x8c9f2</value>
         <object_component_ref idref="oc-84"/>
      </symbol>
      <symbol id="sm-fb7">
         <name>__stack</name>
         <value>0x8000</value>
         <object_component_ref idref="oc-1ad"/>
      </symbol>
      <symbol id="sm-fcf">
         <name>_ti_catalog_c2800_initF2837x_Boot_initFlash</name>
         <value>0xb000</value>
         <object_component_ref idref="oc-3b3"/>
      </symbol>
      <symbol id="sm-fd0">
         <name>_ti_catalog_c2800_initF2837x_Boot_defaultLimpAbortFunction</name>
         <value>0x894ad</value>
         <object_component_ref idref="oc-3b0"/>
      </symbol>
      <symbol id="sm-fd1">
         <name>_ti_catalog_c2800_initF2837x_Boot_configurePllDivs</name>
         <value>0x8cdea</value>
         <object_component_ref idref="oc-2ed"/>
      </symbol>
      <symbol id="sm-fd2">
         <name>_ti_catalog_c2800_initF2837x_Boot_initSharedRAMs</name>
         <value>0x8dea1</value>
         <object_component_ref idref="oc-2ee"/>
      </symbol>
      <symbol id="sm-ff7">
         <name>_atan</name>
         <value>0x8b8bb</value>
         <object_component_ref idref="oc-2fb"/>
      </symbol>
      <symbol id="sm-ff8">
         <name>_atanf</name>
         <value>0x8b8bb</value>
         <object_component_ref idref="oc-2fb"/>
      </symbol>
      <symbol id="sm-1009">
         <name>FS$$DIV</name>
         <value>0x8c278</value>
         <object_component_ref idref="oc-1bd"/>
      </symbol>
      <symbol id="sm-1035">
         <name>ULL$$MOD</name>
         <value>0x8b3e0</value>
         <object_component_ref idref="oc-1c2"/>
      </symbol>
      <symbol id="sm-1036">
         <name>ULL$$DIV</name>
         <value>0x8b3b1</value>
         <object_component_ref idref="oc-1c2"/>
      </symbol>
      <symbol id="sm-1037">
         <name>LL$$MOD</name>
         <value>0x8b377</value>
         <object_component_ref idref="oc-1c2"/>
      </symbol>
      <symbol id="sm-1038">
         <name>LL$$DIV</name>
         <value>0x8b33b</value>
         <object_component_ref idref="oc-1c2"/>
      </symbol>
      <symbol id="sm-1046">
         <name>I$$MOD</name>
         <value>0x8d5c8</value>
         <object_component_ref idref="oc-1c7"/>
      </symbol>
      <symbol id="sm-1047">
         <name>I$$DIV</name>
         <value>0x8d5b7</value>
         <object_component_ref idref="oc-1c7"/>
      </symbol>
      <symbol id="sm-1053">
         <name>U$$MOD</name>
         <value>0x8de33</value>
         <object_component_ref idref="oc-1cc"/>
      </symbol>
      <symbol id="sm-1054">
         <name>U$$DIV</name>
         <value>0x8de2e</value>
         <object_component_ref idref="oc-1cc"/>
      </symbol>
      <symbol id="sm-1060">
         <name>UL$$MOD</name>
         <value>0x8d47e</value>
         <object_component_ref idref="oc-1d1"/>
      </symbol>
      <symbol id="sm-1061">
         <name>L$$MOD</name>
         <value>0x8d469</value>
         <object_component_ref idref="oc-1d1"/>
      </symbol>
      <symbol id="sm-1062">
         <name>L$$DIV</name>
         <value>0x8d45a</value>
         <object_component_ref idref="oc-1d1"/>
      </symbol>
      <symbol id="sm-1063">
         <name>UL$$DIV</name>
         <value>0x8d477</value>
         <object_component_ref idref="oc-1d1"/>
      </symbol>
      <symbol id="sm-1072">
         <name>_copy_in</name>
         <value>0x8d56f</value>
         <object_component_ref idref="oc-294"/>
      </symbol>
      <symbol id="sm-1083">
         <name>_memcpy</name>
         <value>0x8d735</value>
         <object_component_ref idref="oc-2a9"/>
      </symbol>
      <symbol id="sm-1097">
         <name>C$$EXIT</name>
         <value>0x8d4d6</value>
         <object_component_ref idref="oc-357"/>
      </symbol>
      <symbol id="sm-1098">
         <name>_exit</name>
         <value>0x8d4d8</value>
         <object_component_ref idref="oc-357"/>
      </symbol>
      <symbol id="sm-1099">
         <name>___TI_cleanup_ptr</name>
         <value>0xef3a</value>
         <object_component_ref idref="oc-1e2"/>
      </symbol>
      <symbol id="sm-109a">
         <name>___TI_enable_exit_profile_output</name>
         <value>0xef38</value>
         <object_component_ref idref="oc-1e2"/>
      </symbol>
      <symbol id="sm-109b">
         <name>_abort</name>
         <value>0x8d4d6</value>
         <object_component_ref idref="oc-357"/>
      </symbol>
      <symbol id="sm-109c">
         <name>___TI_dtors_ptr</name>
         <value>0xef3c</value>
         <object_component_ref idref="oc-1e2"/>
      </symbol>
      <symbol id="sm-10b0">
         <name>__unlock</name>
         <value>0x10058</value>
         <object_component_ref idref="oc-371"/>
      </symbol>
      <symbol id="sm-10b1">
         <name>__lock</name>
         <value>0xef3e</value>
         <object_component_ref idref="oc-372"/>
      </symbol>
      <symbol id="sm-10b2">
         <name>__register_lock</name>
         <value>0x8de8a</value>
         <object_component_ref idref="oc-325"/>
      </symbol>
      <symbol id="sm-10b3">
         <name>__nop</name>
         <value>0x8de8e</value>
         <object_component_ref idref="oc-325"/>
      </symbol>
      <symbol id="sm-10b4">
         <name>__register_unlock</name>
         <value>0x8de86</value>
         <object_component_ref idref="oc-325"/>
      </symbol>
      <symbol id="sm-10c3">
         <name>__args_main</name>
         <value>0x8d966</value>
         <object_component_ref idref="oc-296"/>
      </symbol>
      <symbol id="sm-10d1">
         <name>_memset</name>
         <value>0x8ddc9</value>
         <object_component_ref idref="oc-360"/>
      </symbol>
      <symbol id="sm-10e7">
         <name>_strlen</name>
         <value>0x8dee9</value>
         <object_component_ref idref="oc-349"/>
      </symbol>
      <symbol id="sm-10f4">
         <name>_HOSTwrite</name>
         <value>0x8d097</value>
         <object_component_ref idref="oc-413"/>
      </symbol>
      <symbol id="sm-110d">
         <name>___TI_readmsg</name>
         <value>0x8c098</value>
         <object_component_ref idref="oc-42e"/>
      </symbol>
      <symbol id="sm-110e">
         <name>C$$IO$$</name>
         <value>0x8c093</value>
         <object_component_ref idref="oc-42e"/>
      </symbol>
      <symbol id="sm-110f">
         <name>__CIOBUF_</name>
         <value>0x8c00</value>
         <object_component_ref idref="oc-206"/>
      </symbol>
      <symbol id="sm-1110">
         <name>___TI_writemsg</name>
         <value>0x8c040</value>
         <object_component_ref idref="oc-42e"/>
      </symbol>
      <symbol id="sm-111e">
         <name>_vsprintf</name>
         <value>0x8d297</value>
         <object_component_ref idref="oc-348"/>
      </symbol>
      <symbol id="sm-1278">
         <name>___TI_printfi</name>
         <value>0x8a05f</value>
         <object_component_ref idref="oc-3a4"/>
      </symbol>
      <symbol id="sm-128c">
         <name>_atoi</name>
         <value>0x8d236</value>
         <object_component_ref idref="oc-3de"/>
      </symbol>
      <symbol id="sm-1294">
         <name>__ctypes_</name>
         <value>0x83918</value>
         <object_component_ref idref="oc-3fc"/>
      </symbol>
      <symbol id="sm-12a2">
         <name>_ltoa</name>
         <value>0x8d351</value>
         <object_component_ref idref="oc-3df"/>
      </symbol>
      <symbol id="sm-12b1">
         <name>_memccpy</name>
         <value>0x8dd68</value>
         <object_component_ref idref="oc-3e4"/>
      </symbol>
      <symbol id="sm-12c0">
         <name>_strchr</name>
         <value>0x8ddd5</value>
         <object_component_ref idref="oc-3e2"/>
      </symbol>
      <symbol id="sm-12cd">
         <name>_strcpy</name>
         <value>0x8dfbb</value>
         <object_component_ref idref="oc-3e3"/>
      </symbol>
      <symbol id="sm-12d9">
         <name>_parmbuf</name>
         <value>0xef30</value>
         <object_component_ref idref="oc-233"/>
      </symbol>
      <symbol id="sm-12ec">
         <name>_frexpl</name>
         <value>0x8cb15</value>
         <object_component_ref idref="oc-3e0"/>
      </symbol>
      <symbol id="sm-130a">
         <name>_scalbnl</name>
         <value>0x8bd26</value>
         <object_component_ref idref="oc-3e1"/>
      </symbol>
      <symbol id="sm-130b">
         <name>_ldexpl</name>
         <value>0x8bd26</value>
         <object_component_ref idref="oc-3e1"/>
      </symbol>
      <symbol id="sm-1318">
         <name>_copysignl</name>
         <value>0x8d593</value>
         <object_component_ref idref="oc-3fd"/>
      </symbol>
      <symbol id="sm-1333">
         <name>FD$$ADD</name>
         <value>0x8bf09</value>
         <object_component_ref idref="oc-249"/>
      </symbol>
      <symbol id="sm-1343">
         <name>FD$$CMP</name>
         <value>0x8d430</value>
         <object_component_ref idref="oc-24e"/>
      </symbol>
      <symbol id="sm-135a">
         <name>FD$$DIV</name>
         <value>0x8c1ed</value>
         <object_component_ref idref="oc-253"/>
      </symbol>
      <symbol id="sm-136c">
         <name>FD$$MPY</name>
         <value>0x8c387</value>
         <object_component_ref idref="oc-258"/>
      </symbol>
      <symbol id="sm-1379">
         <name>FD$$NEG</name>
         <value>0x8de8f</value>
         <object_component_ref idref="oc-25d"/>
      </symbol>
      <symbol id="sm-1385">
         <name>FD$$SUB</name>
         <value>0x8dcd8</value>
         <object_component_ref idref="oc-262"/>
      </symbol>
      <symbol id="sm-1394">
         <name>FD$$TOI</name>
         <value>0x8d63c</value>
         <object_component_ref idref="oc-267"/>
      </symbol>
      <symbol id="sm-13a3">
         <name>FD$$TOL</name>
         <value>0x8d6da</value>
         <object_component_ref idref="oc-26c"/>
      </symbol>
      <symbol id="sm-13af">
         <name>LL$$AND</name>
         <value>0x8d9c7</value>
         <object_component_ref idref="oc-271"/>
      </symbol>
      <symbol id="sm-13b0">
         <name>LL$$OR</name>
         <value>0x8d9cf</value>
         <object_component_ref idref="oc-271"/>
      </symbol>
      <symbol id="sm-13b1">
         <name>LL$$XOR</name>
         <value>0x8d9d7</value>
         <object_component_ref idref="oc-271"/>
      </symbol>
      <symbol id="sm-13bf">
         <name>ULL$$CMP</name>
         <value>0x8d729</value>
         <object_component_ref idref="oc-276"/>
      </symbol>
      <symbol id="sm-13c0">
         <name>LL$$CMP</name>
         <value>0x8d717</value>
         <object_component_ref idref="oc-276"/>
      </symbol>
      <symbol id="sm-13d0">
         <name>I$$TOFD</name>
         <value>0x8d770</value>
         <object_component_ref idref="oc-27b"/>
      </symbol>
      <symbol id="sm-13e0">
         <name>L$$TOFD</name>
         <value>0x8d7c5</value>
         <object_component_ref idref="oc-280"/>
      </symbol>
      <symbol id="sm-13f0">
         <name>FS$$TOFD</name>
         <value>0x8d7a9</value>
         <object_component_ref idref="oc-285"/>
      </symbol>
      <symbol id="sm-13fa">
         <name>_errno</name>
         <value>0x10043</value>
         <object_component_ref idref="oc-28c"/>
      </symbol>
      <symbol id="sm-1408">
         <name>_wcslen</name>
         <value>0x8de98</value>
         <object_component_ref idref="oc-3e5"/>
      </symbol>
      <symbol id="sm-140b">
         <name>_swi_print</name>
         <value>0x0</value>
      </symbol>
      <symbol id="sm-140c">
         <name>_swi_balanceControl</name>
         <value>0x0</value>
      </symbol>
   </symbol_table>
   <title>Link errors: red sections failed placement</title>
</link_info>
