<?xml version="1.0" encoding="ISO-8859-1" ?>
<link_info>
   <banner>TMS320C2000 Linker PC v18.1.1.LTS</banner>
   <copyright>Copyright (c) 1996-2017 Texas Instruments Incorporated</copyright>
   <link_time>0x5b0f1260</link_time>
   <link_errors>0x1</link_errors>
   <output_file>Cheapli.out</output_file>
   <entry_point>
      <name>_c_int00</name>
      <address>0x8c89e</address>
   </entry_point>
   <input_file_list>
      <input_file id="fl-2">
         <path>.\</path>
         <kind>object</kind>
         <file>F2837xS_Adc.obj</file>
         <name>F2837xS_Adc.obj</name>
      </input_file>
      <input_file id="fl-3">
         <path>.\</path>
         <kind>object</kind>
         <file>F2837xS_CodeStartBranch.obj</file>
         <name>F2837xS_CodeStartBranch.obj</name>
      </input_file>
      <input_file id="fl-4">
         <path>.\</path>
         <kind>object</kind>
         <file>F2837xS_EPwm.obj</file>
         <name>F2837xS_EPwm.obj</name>
      </input_file>
      <input_file id="fl-5">
         <path>.\</path>
         <kind>object</kind>
         <file>F2837xS_GlobalVariableDefs.obj</file>
         <name>F2837xS_GlobalVariableDefs.obj</name>
      </input_file>
      <input_file id="fl-6">
         <path>.\</path>
         <kind>object</kind>
         <file>F2837xS_Gpio.obj</file>
         <name>F2837xS_Gpio.obj</name>
      </input_file>
      <input_file id="fl-7">
         <path>.\</path>
         <kind>object</kind>
         <file>F2837xS_Spi.obj</file>
         <name>F2837xS_Spi.obj</name>
      </input_file>
      <input_file id="fl-8">
         <path>.\</path>
         <kind>object</kind>
         <file>F2837xS_SysCtrl.obj</file>
         <name>F2837xS_SysCtrl.obj</name>
      </input_file>
      <input_file id="fl-9">
         <path>.\</path>
         <kind>object</kind>
         <file>F2837xS_usDelay.obj</file>
         <name>F2837xS_usDelay.obj</name>
      </input_file>
      <input_file id="fl-a">
         <path>.\</path>
         <kind>object</kind>
         <file>f28377sADC.obj</file>
         <name>f28377sADC.obj</name>
      </input_file>
      <input_file id="fl-b">
         <path>.\</path>
         <kind>object</kind>
         <file>f28377sCoecsl.obj</file>
         <name>f28377sCoecsl.obj</name>
      </input_file>
      <input_file id="fl-c">
         <path>.\</path>
         <kind>object</kind>
         <file>f28377sDAC.obj</file>
         <name>f28377sDAC.obj</name>
      </input_file>
      <input_file id="fl-d">
         <path>.\</path>
         <kind>object</kind>
         <file>f28377sEPWM3A.obj</file>
         <name>f28377sEPWM3A.obj</name>
      </input_file>
      <input_file id="fl-e">
         <path>.\</path>
         <kind>object</kind>
         <file>f28377sEqep.obj</file>
         <name>f28377sEqep.obj</name>
      </input_file>
      <input_file id="fl-f">
         <path>.\</path>
         <kind>object</kind>
         <file>f28377sSerial.obj</file>
         <name>f28377sSerial.obj</name>
      </input_file>
      <input_file id="fl-10">
         <path>.\</path>
         <kind>object</kind>
         <file>lcd.obj</file>
         <name>lcd.obj</name>
      </input_file>
      <input_file id="fl-11">
         <path>.\</path>
         <kind>object</kind>
         <file>user_Cheapli.obj</file>
         <name>user_Cheapli.obj</name>
      </input_file>
      <input_file id="fl-13">
         <path>C:\CHEAPLI_PROJECT\Cheapli\CheapliProject\Debug\configPkg\package\cfg\</path>
         <kind>object</kind>
         <file>Cheapli_p28FP.o28FP</file>
         <name>Cheapli_p28FP.o28FP</name>
      </input_file>
      <input_file id="fl-1e">
         <kind>object</kind>
         <file>&lt;internal&gt;</file>
         <name>&lt;internal&gt;</name>
      </input_file>
      <input_file id="fl-1f">
         <path>C:\CHEAPLI_PROJECT\Cheapli\src\sysbios\</path>
         <kind>archive</kind>
         <file>sysbios.a28FP</file>
         <name>BIOS.obj</name>
      </input_file>
      <input_file id="fl-20">
         <path>C:\CHEAPLI_PROJECT\Cheapli\src\sysbios\</path>
         <kind>archive</kind>
         <file>sysbios.a28FP</file>
         <name>c28_Hwi_asm.obj</name>
      </input_file>
      <input_file id="fl-21">
         <path>C:\CHEAPLI_PROJECT\Cheapli\src\sysbios\</path>
         <kind>archive</kind>
         <file>sysbios.a28FP</file>
         <name>c28_Hwi_disp_asm.obj</name>
      </input_file>
      <input_file id="fl-22">
         <path>C:\CHEAPLI_PROJECT\Cheapli\src\sysbios\</path>
         <kind>archive</kind>
         <file>sysbios.a28FP</file>
         <name>c28_IntrinsicsSupport_asm.obj</name>
      </input_file>
      <input_file id="fl-23">
         <path>C:\CHEAPLI_PROJECT\Cheapli\src\sysbios\</path>
         <kind>archive</kind>
         <file>sysbios.a28FP</file>
         <name>c28_TaskSupport_asm.obj</name>
      </input_file>
      <input_file id="fl-24">
         <path>C:\ti\tirtos_c2000_2_16_01_14\products\bios_6_45_02_31\packages\ti\targets\rts2800\lib\</path>
         <kind>archive</kind>
         <file>ti.targets.rts2800.a28FP</file>
         <name>Assert.o28FP</name>
      </input_file>
      <input_file id="fl-25">
         <path>C:\ti\tirtos_c2000_2_16_01_14\products\bios_6_45_02_31\packages\ti\targets\rts2800\lib\</path>
         <kind>archive</kind>
         <file>ti.targets.rts2800.a28FP</file>
         <name>Core-mem.o28FP</name>
      </input_file>
      <input_file id="fl-26">
         <path>C:\ti\tirtos_c2000_2_16_01_14\products\bios_6_45_02_31\packages\ti\targets\rts2800\lib\</path>
         <kind>archive</kind>
         <file>ti.targets.rts2800.a28FP</file>
         <name>Core-smem.o28FP</name>
      </input_file>
      <input_file id="fl-27">
         <path>C:\ti\tirtos_c2000_2_16_01_14\products\bios_6_45_02_31\packages\ti\targets\rts2800\lib\</path>
         <kind>archive</kind>
         <file>ti.targets.rts2800.a28FP</file>
         <name>Core-label.o28FP</name>
      </input_file>
      <input_file id="fl-28">
         <path>C:\ti\tirtos_c2000_2_16_01_14\products\bios_6_45_02_31\packages\ti\targets\rts2800\lib\</path>
         <kind>archive</kind>
         <file>ti.targets.rts2800.a28FP</file>
         <name>Core-params.o28FP</name>
      </input_file>
      <input_file id="fl-29">
         <path>C:\ti\tirtos_c2000_2_16_01_14\products\bios_6_45_02_31\packages\ti\targets\rts2800\lib\</path>
         <kind>archive</kind>
         <file>ti.targets.rts2800.a28FP</file>
         <name>Error.o28FP</name>
      </input_file>
      <input_file id="fl-2a">
         <path>C:\ti\tirtos_c2000_2_16_01_14\products\bios_6_45_02_31\packages\ti\targets\rts2800\lib\</path>
         <kind>archive</kind>
         <file>ti.targets.rts2800.a28FP</file>
         <name>Gate.o28FP</name>
      </input_file>
      <input_file id="fl-2b">
         <path>C:\ti\tirtos_c2000_2_16_01_14\products\bios_6_45_02_31\packages\ti\targets\rts2800\lib\</path>
         <kind>archive</kind>
         <file>ti.targets.rts2800.a28FP</file>
         <name>LoggerBuf.o28FP</name>
      </input_file>
      <input_file id="fl-2c">
         <path>C:\ti\tirtos_c2000_2_16_01_14\products\bios_6_45_02_31\packages\ti\targets\rts2800\lib\</path>
         <kind>archive</kind>
         <file>ti.targets.rts2800.a28FP</file>
         <name>Memory.o28FP</name>
      </input_file>
      <input_file id="fl-2d">
         <path>C:\ti\tirtos_c2000_2_16_01_14\products\bios_6_45_02_31\packages\ti\targets\rts2800\lib\</path>
         <kind>archive</kind>
         <file>ti.targets.rts2800.a28FP</file>
         <name>Startup.o28FP</name>
      </input_file>
      <input_file id="fl-2e">
         <path>C:\ti\tirtos_c2000_2_16_01_14\products\bios_6_45_02_31\packages\ti\targets\rts2800\lib\</path>
         <kind>archive</kind>
         <file>ti.targets.rts2800.a28FP</file>
         <name>System.o28FP</name>
      </input_file>
      <input_file id="fl-2f">
         <path>C:\ti\tirtos_c2000_2_16_01_14\products\bios_6_45_02_31\packages\ti\targets\rts2800\lib\</path>
         <kind>archive</kind>
         <file>ti.targets.rts2800.a28FP</file>
         <name>SysMin.o28FP</name>
      </input_file>
      <input_file id="fl-30">
         <path>C:\ti\tirtos_c2000_2_16_01_14\products\bios_6_45_02_31\packages\ti\targets\rts2800\lib\</path>
         <kind>archive</kind>
         <file>ti.targets.rts2800.a28FP</file>
         <name>Text.o28FP</name>
      </input_file>
      <input_file id="fl-31">
         <path>C:\ti\tirtos_c2000_2_16_01_14\products\bios_6_45_02_31\packages\ti\targets\rts2800\lib\</path>
         <kind>archive</kind>
         <file>ti.targets.rts2800.a28FP</file>
         <name>xdc_noinit.o28FP</name>
      </input_file>
      <input_file id="fl-32">
         <path>C:\ti\tirtos_c2000_2_16_01_14\products\bios_6_45_02_31\packages\ti\targets\rts2800\lib\</path>
         <kind>archive</kind>
         <file>ti.targets.rts2800.a28FP</file>
         <name>Log.o28FP</name>
      </input_file>
      <input_file id="fl-33">
         <path>C:\ti\tirtos_c2000_2_16_01_14\products\bios_6_45_02_31\packages\ti\targets\rts2800\lib\</path>
         <kind>archive</kind>
         <file>ti.targets.rts2800.a28FP</file>
         <name>Registry.o28FP</name>
      </input_file>
      <input_file id="fl-34">
         <path>C:\ti\tirtos_c2000_2_16_01_14\products\bios_6_45_02_31\packages\ti\targets\rts2800\lib\</path>
         <kind>archive</kind>
         <file>boot.a28FP</file>
         <name>boot_cg.o28FP</name>
      </input_file>
      <input_file id="fl-35">
         <path>C:\ti\tirtos_c2000_2_16_01_14\products\bios_6_45_02_31\packages\ti\catalog\c2800\initF2837x\lib\</path>
         <kind>archive</kind>
         <file>Boot.a28FP</file>
         <name>Boot.o28FP</name>
      </input_file>
      <input_file id="fl-41">
         <path>C:\ti\ccsv8\tools\compiler\ti-cgt-c2000_18.1.1.LTS\lib\</path>
         <kind>archive</kind>
         <file>rts2800_fpu32.lib</file>
         <name>s_atanf.c.obj</name>
      </input_file>
      <input_file id="fl-42">
         <path>C:\ti\ccsv8\tools\compiler\ti-cgt-c2000_18.1.1.LTS\lib\</path>
         <kind>archive</kind>
         <file>rts2800_fpu32.lib</file>
         <name>fs_div28.asm.obj</name>
      </input_file>
      <input_file id="fl-43">
         <path>C:\ti\ccsv8\tools\compiler\ti-cgt-c2000_18.1.1.LTS\lib\</path>
         <kind>archive</kind>
         <file>rts2800_fpu32.lib</file>
         <name>ll_div28.asm.obj</name>
      </input_file>
      <input_file id="fl-44">
         <path>C:\ti\ccsv8\tools\compiler\ti-cgt-c2000_18.1.1.LTS\lib\</path>
         <kind>archive</kind>
         <file>rts2800_fpu32.lib</file>
         <name>i_div28.asm.obj</name>
      </input_file>
      <input_file id="fl-45">
         <path>C:\ti\ccsv8\tools\compiler\ti-cgt-c2000_18.1.1.LTS\lib\</path>
         <kind>archive</kind>
         <file>rts2800_fpu32.lib</file>
         <name>u_div28.asm.obj</name>
      </input_file>
      <input_file id="fl-46">
         <path>C:\ti\ccsv8\tools\compiler\ti-cgt-c2000_18.1.1.LTS\lib\</path>
         <kind>archive</kind>
         <file>rts2800_fpu32.lib</file>
         <name>l_div28.asm.obj</name>
      </input_file>
      <input_file id="fl-47">
         <path>C:\ti\ccsv8\tools\compiler\ti-cgt-c2000_18.1.1.LTS\lib\</path>
         <kind>archive</kind>
         <file>rts2800_fpu32.lib</file>
         <name>cpy_tbl.c.obj</name>
      </input_file>
      <input_file id="fl-48">
         <path>C:\ti\ccsv8\tools\compiler\ti-cgt-c2000_18.1.1.LTS\lib\</path>
         <kind>archive</kind>
         <file>rts2800_fpu32.lib</file>
         <name>memcpy.c.obj</name>
      </input_file>
      <input_file id="fl-49">
         <path>C:\ti\ccsv8\tools\compiler\ti-cgt-c2000_18.1.1.LTS\lib\</path>
         <kind>archive</kind>
         <file>rts2800_fpu32.lib</file>
         <name>exit.c.obj</name>
      </input_file>
      <input_file id="fl-4a">
         <path>C:\ti\ccsv8\tools\compiler\ti-cgt-c2000_18.1.1.LTS\lib\</path>
         <kind>archive</kind>
         <file>rts2800_fpu32.lib</file>
         <name>_lock.c.obj</name>
      </input_file>
      <input_file id="fl-4b">
         <path>C:\ti\ccsv8\tools\compiler\ti-cgt-c2000_18.1.1.LTS\lib\</path>
         <kind>archive</kind>
         <file>rts2800_fpu32.lib</file>
         <name>args_main.c.obj</name>
      </input_file>
      <input_file id="fl-4c">
         <path>C:\ti\ccsv8\tools\compiler\ti-cgt-c2000_18.1.1.LTS\lib\</path>
         <kind>archive</kind>
         <file>rts2800_fpu32.lib</file>
         <name>memset.c.obj</name>
      </input_file>
      <input_file id="fl-4d">
         <path>C:\ti\ccsv8\tools\compiler\ti-cgt-c2000_18.1.1.LTS\lib\</path>
         <kind>archive</kind>
         <file>rts2800_fpu32.lib</file>
         <name>strcmp.c.obj</name>
      </input_file>
      <input_file id="fl-4e">
         <path>C:\ti\ccsv8\tools\compiler\ti-cgt-c2000_18.1.1.LTS\lib\</path>
         <kind>archive</kind>
         <file>rts2800_fpu32.lib</file>
         <name>strlen.c.obj</name>
      </input_file>
      <input_file id="fl-4f">
         <path>C:\ti\ccsv8\tools\compiler\ti-cgt-c2000_18.1.1.LTS\lib\</path>
         <kind>archive</kind>
         <file>rts2800_fpu32.lib</file>
         <name>hostwrite.c.obj</name>
      </input_file>
      <input_file id="fl-50">
         <path>C:\ti\ccsv8\tools\compiler\ti-cgt-c2000_18.1.1.LTS\lib\</path>
         <kind>archive</kind>
         <file>rts2800_fpu32.lib</file>
         <name>trgmsg.c.obj</name>
      </input_file>
      <input_file id="fl-51">
         <path>C:\ti\ccsv8\tools\compiler\ti-cgt-c2000_18.1.1.LTS\lib\</path>
         <kind>archive</kind>
         <file>rts2800_fpu32.lib</file>
         <name>vsprintf.c.obj</name>
      </input_file>
      <input_file id="fl-52">
         <path>C:\ti\ccsv8\tools\compiler\ti-cgt-c2000_18.1.1.LTS\lib\</path>
         <kind>archive</kind>
         <file>rts2800_fpu32.lib</file>
         <name>_printfi.c.obj</name>
      </input_file>
      <input_file id="fl-53">
         <path>C:\ti\ccsv8\tools\compiler\ti-cgt-c2000_18.1.1.LTS\lib\</path>
         <kind>archive</kind>
         <file>rts2800_fpu32.lib</file>
         <name>atoi.c.obj</name>
      </input_file>
      <input_file id="fl-54">
         <path>C:\ti\ccsv8\tools\compiler\ti-cgt-c2000_18.1.1.LTS\lib\</path>
         <kind>archive</kind>
         <file>rts2800_fpu32.lib</file>
         <name>ctype.c.obj</name>
      </input_file>
      <input_file id="fl-55">
         <path>C:\ti\ccsv8\tools\compiler\ti-cgt-c2000_18.1.1.LTS\lib\</path>
         <kind>archive</kind>
         <file>rts2800_fpu32.lib</file>
         <name>ltoa.c.obj</name>
      </input_file>
      <input_file id="fl-56">
         <path>C:\ti\ccsv8\tools\compiler\ti-cgt-c2000_18.1.1.LTS\lib\</path>
         <kind>archive</kind>
         <file>rts2800_fpu32.lib</file>
         <name>memccpy.c.obj</name>
      </input_file>
      <input_file id="fl-57">
         <path>C:\ti\ccsv8\tools\compiler\ti-cgt-c2000_18.1.1.LTS\lib\</path>
         <kind>archive</kind>
         <file>rts2800_fpu32.lib</file>
         <name>strchr.c.obj</name>
      </input_file>
      <input_file id="fl-58">
         <path>C:\ti\ccsv8\tools\compiler\ti-cgt-c2000_18.1.1.LTS\lib\</path>
         <kind>archive</kind>
         <file>rts2800_fpu32.lib</file>
         <name>strcpy.c.obj</name>
      </input_file>
      <input_file id="fl-59">
         <path>C:\ti\ccsv8\tools\compiler\ti-cgt-c2000_18.1.1.LTS\lib\</path>
         <kind>archive</kind>
         <file>rts2800_fpu32.lib</file>
         <name>hostopen.c.obj</name>
      </input_file>
      <input_file id="fl-5a">
         <path>C:\ti\ccsv8\tools\compiler\ti-cgt-c2000_18.1.1.LTS\lib\</path>
         <kind>archive</kind>
         <file>rts2800_fpu32.lib</file>
         <name>s_frexp.c.obj</name>
      </input_file>
      <input_file id="fl-5b">
         <path>C:\ti\ccsv8\tools\compiler\ti-cgt-c2000_18.1.1.LTS\lib\</path>
         <kind>archive</kind>
         <file>rts2800_fpu32.lib</file>
         <name>s_scalbn.c.obj</name>
      </input_file>
      <input_file id="fl-5c">
         <path>C:\ti\ccsv8\tools\compiler\ti-cgt-c2000_18.1.1.LTS\lib\</path>
         <kind>archive</kind>
         <file>rts2800_fpu32.lib</file>
         <name>s_copysign.c.obj</name>
      </input_file>
      <input_file id="fl-5d">
         <path>C:\ti\ccsv8\tools\compiler\ti-cgt-c2000_18.1.1.LTS\lib\</path>
         <kind>archive</kind>
         <file>rts2800_fpu32.lib</file>
         <name>fd_add28.asm.obj</name>
      </input_file>
      <input_file id="fl-5e">
         <path>C:\ti\ccsv8\tools\compiler\ti-cgt-c2000_18.1.1.LTS\lib\</path>
         <kind>archive</kind>
         <file>rts2800_fpu32.lib</file>
         <name>fd_cmp28.asm.obj</name>
      </input_file>
      <input_file id="fl-5f">
         <path>C:\ti\ccsv8\tools\compiler\ti-cgt-c2000_18.1.1.LTS\lib\</path>
         <kind>archive</kind>
         <file>rts2800_fpu32.lib</file>
         <name>fd_div28.asm.obj</name>
      </input_file>
      <input_file id="fl-60">
         <path>C:\ti\ccsv8\tools\compiler\ti-cgt-c2000_18.1.1.LTS\lib\</path>
         <kind>archive</kind>
         <file>rts2800_fpu32.lib</file>
         <name>fd_mpy28.asm.obj</name>
      </input_file>
      <input_file id="fl-61">
         <path>C:\ti\ccsv8\tools\compiler\ti-cgt-c2000_18.1.1.LTS\lib\</path>
         <kind>archive</kind>
         <file>rts2800_fpu32.lib</file>
         <name>fd_neg28.asm.obj</name>
      </input_file>
      <input_file id="fl-62">
         <path>C:\ti\ccsv8\tools\compiler\ti-cgt-c2000_18.1.1.LTS\lib\</path>
         <kind>archive</kind>
         <file>rts2800_fpu32.lib</file>
         <name>fd_sub28.asm.obj</name>
      </input_file>
      <input_file id="fl-63">
         <path>C:\ti\ccsv8\tools\compiler\ti-cgt-c2000_18.1.1.LTS\lib\</path>
         <kind>archive</kind>
         <file>rts2800_fpu32.lib</file>
         <name>fd_toi28.asm.obj</name>
      </input_file>
      <input_file id="fl-64">
         <path>C:\ti\ccsv8\tools\compiler\ti-cgt-c2000_18.1.1.LTS\lib\</path>
         <kind>archive</kind>
         <file>rts2800_fpu32.lib</file>
         <name>fd_tol28.asm.obj</name>
      </input_file>
      <input_file id="fl-65">
         <path>C:\ti\ccsv8\tools\compiler\ti-cgt-c2000_18.1.1.LTS\lib\</path>
         <kind>archive</kind>
         <file>rts2800_fpu32.lib</file>
         <name>ll_aox28.asm.obj</name>
      </input_file>
      <input_file id="fl-66">
         <path>C:\ti\ccsv8\tools\compiler\ti-cgt-c2000_18.1.1.LTS\lib\</path>
         <kind>archive</kind>
         <file>rts2800_fpu32.lib</file>
         <name>ll_cmp28.asm.obj</name>
      </input_file>
      <input_file id="fl-67">
         <path>C:\ti\ccsv8\tools\compiler\ti-cgt-c2000_18.1.1.LTS\lib\</path>
         <kind>archive</kind>
         <file>rts2800_fpu32.lib</file>
         <name>i_tofd28.asm.obj</name>
      </input_file>
      <input_file id="fl-68">
         <path>C:\ti\ccsv8\tools\compiler\ti-cgt-c2000_18.1.1.LTS\lib\</path>
         <kind>archive</kind>
         <file>rts2800_fpu32.lib</file>
         <name>l_tofd28.asm.obj</name>
      </input_file>
      <input_file id="fl-69">
         <path>C:\ti\ccsv8\tools\compiler\ti-cgt-c2000_18.1.1.LTS\lib\</path>
         <kind>archive</kind>
         <file>rts2800_fpu32.lib</file>
         <name>fs_tofdfpu32.asm.obj</name>
      </input_file>
      <input_file id="fl-6a">
         <path>C:\ti\ccsv8\tools\compiler\ti-cgt-c2000_18.1.1.LTS\lib\</path>
         <kind>archive</kind>
         <file>rts2800_fpu32.lib</file>
         <name>errno.c.obj</name>
      </input_file>
      <input_file id="fl-6b">
         <path>C:\ti\ccsv8\tools\compiler\ti-cgt-c2000_18.1.1.LTS\lib\</path>
         <kind>archive</kind>
         <file>rts2800_fpu32.lib</file>
         <name>wcslen.c.obj</name>
      </input_file>
   </input_file_list>
   <object_component_list>
      <object_component id="oc-3b4">
         <name>.text:ti_catalog_c2800_initF2837x_flashfuncs:_ti_catalog_c2800_initF2837x_Boot_initFlash</name>
         <load_address>0x801be</load_address>
         <run_address>0xb000</run_address>
         <size>0x27</size>
         <input_file_ref idref="fl-35"/>
      </object_component>
      <object_component id="oc-13b">
         <name>xdc.meta</name>
         <load_address>0x0</load_address>
         <run_address>0x0</run_address>
         <size>0xe6</size>
         <input_file_ref idref="fl-13"/>
      </object_component>
      <object_component id="oc-138">
         <name>.cinit</name>
         <load_address>0x801e5</load_address>
         <run_address>0x801e5</run_address>
         <size>0x486</size>
         <input_file_ref idref="fl-13"/>
      </object_component>
      <object_component id="oc-12f">
         <name>.cinit</name>
         <load_address>0x8066b</load_address>
         <run_address>0x8066b</run_address>
         <size>0x2f6</size>
         <input_file_ref idref="fl-11"/>
      </object_component>
      <object_component id="oc-1e2">
         <name>.cinit</name>
         <load_address>0x80961</load_address>
         <run_address>0x80961</run_address>
         <size>0xe</size>
         <input_file_ref idref="fl-49"/>
      </object_component>
      <object_component id="oc-328">
         <name>.cinit:__lock</name>
         <load_address>0x8096f</load_address>
         <run_address>0x8096f</run_address>
         <size>0x5</size>
         <input_file_ref idref="fl-4a"/>
      </object_component>
      <object_component id="oc-327">
         <name>.cinit:__unlock</name>
         <load_address>0x80974</load_address>
         <run_address>0x80974</run_address>
         <size>0x5</size>
         <input_file_ref idref="fl-4a"/>
      </object_component>
      <object_component id="oc-28c">
         <name>.cinit</name>
         <load_address>0x80979</load_address>
         <run_address>0x80979</run_address>
         <size>0x4</size>
         <input_file_ref idref="fl-6a"/>
      </object_component>
      <object_component id="oc-470">
         <name>.binit</name>
         <load_address>0x8099c</load_address>
         <run_address>0x8099c</run_address>
         <size>0xa</size>
      </object_component>
      <object_component id="oc-2ae">
         <name>.text</name>
         <load_address>0x88000</load_address>
         <run_address>0x88000</run_address>
         <size>0x1362</size>
         <input_file_ref idref="fl-11"/>
      </object_component>
      <object_component id="oc-3a5">
         <name>.text</name>
         <load_address>0x89362</load_address>
         <run_address>0x89362</run_address>
         <size>0xd47</size>
         <input_file_ref idref="fl-52"/>
      </object_component>
      <object_component id="oc-2ec">
         <name>.text</name>
         <load_address>0x8a0a9</load_address>
         <run_address>0x8a0a9</run_address>
         <size>0x2af</size>
         <input_file_ref idref="fl-f"/>
      </object_component>
      <object_component id="oc-2f3">
         <name>.text</name>
         <load_address>0x8a358</load_address>
         <run_address>0x8a358</run_address>
         <size>0x299</size>
         <input_file_ref idref="fl-8"/>
      </object_component>
      <object_component id="oc-44e">
         <name>.text:_xdc_runtime_System_doPrint__I</name>
         <load_address>0x8a5f1</load_address>
         <run_address>0x8a5f1</run_address>
         <size>0x252</size>
         <input_file_ref idref="fl-2e"/>
      </object_component>
      <object_component id="oc-2f4">
         <name>.text</name>
         <load_address>0x8a843</load_address>
         <run_address>0x8a843</run_address>
         <size>0x244</size>
         <input_file_ref idref="fl-6"/>
      </object_component>
      <object_component id="oc-343">
         <name>.text:_ti_sysbios_knl_Semaphore_pend__E</name>
         <load_address>0x8aa87</load_address>
         <run_address>0x8aa87</run_address>
         <size>0x1da</size>
         <input_file_ref idref="fl-1f"/>
      </object_component>
      <object_component id="oc-2ba">
         <name>.text:_ti_sysbios_heaps_HeapMem_free__E</name>
         <load_address>0x8ac61</load_address>
         <run_address>0x8ac61</run_address>
         <size>0x1ba</size>
         <input_file_ref idref="fl-1f"/>
      </object_component>
      <object_component id="oc-2b9">
         <name>.text:_ti_sysbios_heaps_HeapMem_alloc__E</name>
         <load_address>0x8ae1b</load_address>
         <run_address>0x8ae1b</run_address>
         <size>0x1b3</size>
         <input_file_ref idref="fl-1f"/>
      </object_component>
      <object_component id="oc-2f5">
         <name>.text</name>
         <load_address>0x8afce</load_address>
         <run_address>0x8afce</run_address>
         <size>0x117</size>
         <input_file_ref idref="fl-e"/>
      </object_component>
      <object_component id="oc-462">
         <name>.text:_xdc_runtime_System_printfExtend__I</name>
         <load_address>0x8b0e5</load_address>
         <run_address>0x8b0e5</run_address>
         <size>0x10a</size>
         <input_file_ref idref="fl-13"/>
      </object_component>
      <object_component id="oc-1c3">
         <name>.text</name>
         <load_address>0x8b1ef</load_address>
         <run_address>0x8b1ef</run_address>
         <size>0x107</size>
         <input_file_ref idref="fl-43"/>
      </object_component>
      <object_component id="oc-2f6">
         <name>.text</name>
         <load_address>0x8b2f6</load_address>
         <run_address>0x8b2f6</run_address>
         <size>0xfd</size>
         <input_file_ref idref="fl-4"/>
      </object_component>
      <object_component id="oc-314">
         <name>.text:_ti_sysbios_heaps_HeapMem_Instance_init__E</name>
         <load_address>0x8b3f3</load_address>
         <run_address>0x8b3f3</run_address>
         <size>0xed</size>
         <input_file_ref idref="fl-1f"/>
      </object_component>
      <object_component id="oc-37b">
         <name>.text:_ti_sysbios_family_c28_Hwi_clearInterrupt__E</name>
         <load_address>0x8b4e0</load_address>
         <run_address>0x8b4e0</run_address>
         <size>0xe0</size>
         <input_file_ref idref="fl-1f"/>
      </object_component>
      <object_component id="oc-351">
         <name>.text</name>
         <load_address>0x8b5c0</load_address>
         <run_address>0x8b5c0</run_address>
         <size>0xdd</size>
         <input_file_ref idref="fl-2"/>
      </object_component>
      <object_component id="oc-2c7">
         <name>.text:_xdc_runtime_LoggerBuf_write8__E</name>
         <load_address>0x8b69d</load_address>
         <run_address>0x8b69d</run_address>
         <size>0xd2</size>
         <input_file_ref idref="fl-2b"/>
      </object_component>
      <object_component id="oc-2fc">
         <name>.text</name>
         <load_address>0x8b76f</load_address>
         <run_address>0x8b76f</run_address>
         <size>0xcb</size>
         <input_file_ref idref="fl-41"/>
      </object_component>
      <object_component id="oc-302">
         <name>.text:_xdc_runtime_Core_createObject__I</name>
         <load_address>0x8b83a</load_address>
         <run_address>0x8b83a</run_address>
         <size>0xc3</size>
         <input_file_ref idref="fl-25"/>
      </object_component>
      <object_component id="oc-464">
         <name>.text:_ti_sysbios_family_c28_Hwi_dispatchCore__I</name>
         <load_address>0x8b8fd</load_address>
         <run_address>0x8b8fd</run_address>
         <size>0xc0</size>
         <input_file_ref idref="fl-1f"/>
      </object_component>
      <object_component id="oc-344">
         <name>.text:_ti_sysbios_knl_Semaphore_post__E</name>
         <load_address>0x8b9bd</load_address>
         <run_address>0x8b9bd</run_address>
         <size>0xb8</size>
         <input_file_ref idref="fl-1f"/>
      </object_component>
      <object_component id="oc-2a1">
         <name>.text:_ti_sysbios_knl_Clock_workFunc__E</name>
         <load_address>0x8ba75</load_address>
         <run_address>0x8ba75</run_address>
         <size>0xb6</size>
         <input_file_ref idref="fl-1f"/>
      </object_component>
      <object_component id="oc-3d5">
         <name>.text:_ti_sysbios_knl_Swi_run__I</name>
         <load_address>0x8bb2b</load_address>
         <run_address>0x8bb2b</run_address>
         <size>0xaf</size>
         <input_file_ref idref="fl-1f"/>
      </object_component>
      <object_component id="oc-3e2">
         <name>.text</name>
         <load_address>0x8bbda</load_address>
         <run_address>0x8bbda</run_address>
         <size>0xab</size>
         <input_file_ref idref="fl-5b"/>
      </object_component>
      <object_component id="oc-3db">
         <name>.text:_xdc_runtime_Core_constructObject__I</name>
         <load_address>0x8bc85</load_address>
         <run_address>0x8bc85</run_address>
         <size>0x9c</size>
         <input_file_ref idref="fl-26"/>
      </object_component>
      <object_component id="oc-34b">
         <name>.text:_xdc_runtime_Error_policyDefault__E</name>
         <load_address>0x8bd21</load_address>
         <run_address>0x8bd21</run_address>
         <size>0x9c</size>
         <input_file_ref idref="fl-29"/>
      </object_component>
      <object_component id="oc-24a">
         <name>.text</name>
         <load_address>0x8bdbd</load_address>
         <run_address>0x8bdbd</run_address>
         <size>0x9c</size>
         <input_file_ref idref="fl-5d"/>
      </object_component>
      <object_component id="oc-435">
         <name>.text:_ti_sysbios_family_c28_Hwi_dispatch</name>
         <load_address>0x8be59</load_address>
         <run_address>0x8be59</run_address>
         <size>0x9b</size>
         <input_file_ref idref="fl-21"/>
      </object_component>
      <object_component id="oc-42f">
         <name>.text</name>
         <load_address>0x8bef4</load_address>
         <run_address>0x8bef4</run_address>
         <size>0x94</size>
         <input_file_ref idref="fl-50"/>
      </object_component>
      <object_component id="oc-37c">
         <name>.text:_ti_sysbios_family_c28_Hwi_enableInterrupt__E</name>
         <load_address>0x8bf88</load_address>
         <run_address>0x8bf88</run_address>
         <size>0x8e</size>
         <input_file_ref idref="fl-1f"/>
      </object_component>
      <object_component id="oc-2c6">
         <name>.text:_xdc_runtime_LoggerBuf_write4__E</name>
         <load_address>0x8c016</load_address>
         <run_address>0x8c016</run_address>
         <size>0x8b</size>
         <input_file_ref idref="fl-2b"/>
      </object_component>
      <object_component id="oc-254">
         <name>.text</name>
         <load_address>0x8c0a1</load_address>
         <run_address>0x8c0a1</run_address>
         <size>0x8b</size>
         <input_file_ref idref="fl-5f"/>
      </object_component>
      <object_component id="oc-1be">
         <name>.text</name>
         <load_address>0x8c12c</load_address>
         <run_address>0x8c12c</run_address>
         <size>0x88</size>
         <input_file_ref idref="fl-42"/>
      </object_component>
      <object_component id="oc-259">
         <name>.text</name>
         <load_address>0x8c1b4</load_address>
         <run_address>0x8c1b4</run_address>
         <size>0x83</size>
         <input_file_ref idref="fl-60"/>
      </object_component>
      <object_component id="oc-2fa">
         <name>.text</name>
         <load_address>0x8c237</load_address>
         <run_address>0x8c237</run_address>
         <size>0x82</size>
         <input_file_ref idref="fl-c"/>
      </object_component>
      <object_component id="oc-450">
         <name>.text:_ti_sysbios_family_c28_Hwi_disableInterrupt__E</name>
         <load_address>0x8c2b9</load_address>
         <run_address>0x8c2b9</run_address>
         <size>0x81</size>
         <input_file_ref idref="fl-1f"/>
      </object_component>
      <object_component id="oc-3cb">
         <name>.text:_ti_sysbios_family_c28_Hwi_disablePIEIER__E</name>
         <load_address>0x8c33a</load_address>
         <run_address>0x8c33a</run_address>
         <size>0x80</size>
         <input_file_ref idref="fl-1f"/>
      </object_component>
      <object_component id="oc-3ca">
         <name>.text:_ti_sysbios_family_c28_Hwi_enablePIEIER__E</name>
         <load_address>0x8c3ba</load_address>
         <run_address>0x8c3ba</run_address>
         <size>0x7f</size>
         <input_file_ref idref="fl-1f"/>
      </object_component>
      <object_component id="oc-2f8">
         <name>.text</name>
         <load_address>0x8c439</load_address>
         <run_address>0x8c439</run_address>
         <size>0x7f</size>
         <input_file_ref idref="fl-a"/>
      </object_component>
      <object_component id="oc-3b6">
         <name>.text:_xdc_runtime_Startup_startMods__I</name>
         <load_address>0x8c4b8</load_address>
         <run_address>0x8c4b8</run_address>
         <size>0x7d</size>
         <input_file_ref idref="fl-2d"/>
      </object_component>
      <object_component id="oc-381">
         <name>.text:_ti_sysbios_knl_Task_checkStacks__E</name>
         <load_address>0x8c535</load_address>
         <run_address>0x8c535</run_address>
         <size>0x73</size>
         <input_file_ref idref="fl-1f"/>
      </object_component>
      <object_component id="oc-331">
         <name>.text:_ti_sysbios_knl_Task_startCore__E</name>
         <load_address>0x8c5a8</load_address>
         <run_address>0x8c5a8</run_address>
         <size>0x71</size>
         <input_file_ref idref="fl-1f"/>
      </object_component>
      <object_component id="oc-2e6">
         <name>.text:_ti_sysbios_gates_GateMutex_enter__E</name>
         <load_address>0x8c619</load_address>
         <run_address>0x8c619</run_address>
         <size>0x70</size>
         <input_file_ref idref="fl-1f"/>
      </object_component>
      <object_component id="oc-418">
         <name>.text:_xdc_runtime_Text_putSite__E</name>
         <load_address>0x8c689</load_address>
         <run_address>0x8c689</run_address>
         <size>0x6f</size>
         <input_file_ref idref="fl-30"/>
      </object_component>
      <object_component id="oc-3ce">
         <name>.text:_ti_sysbios_knl_Task_schedule__I</name>
         <load_address>0x8c6f8</load_address>
         <run_address>0x8c6f8</run_address>
         <size>0x6e</size>
         <input_file_ref idref="fl-1f"/>
      </object_component>
      <object_component id="oc-3dc">
         <name>.text:_ti_sysbios_knl_Semaphore_Instance_init__E</name>
         <load_address>0x8c766</load_address>
         <run_address>0x8c766</run_address>
         <size>0x6a</size>
         <input_file_ref idref="fl-1f"/>
      </object_component>
      <object_component id="oc-2f9">
         <name>.text</name>
         <load_address>0x8c7d0</load_address>
         <run_address>0x8c7d0</run_address>
         <size>0x68</size>
         <input_file_ref idref="fl-d"/>
      </object_component>
      <object_component id="oc-437">
         <name>.text:_ti_sysbios_family_c28_Timer_stopAndClear__I</name>
         <load_address>0x8c838</load_address>
         <run_address>0x8c838</run_address>
         <size>0x66</size>
         <input_file_ref idref="fl-1f"/>
      </object_component>
      <object_component id="oc-84">
         <name>.text</name>
         <load_address>0x8c89e</load_address>
         <run_address>0x8c89e</run_address>
         <size>0x63</size>
         <input_file_ref idref="fl-34"/>
      </object_component>
      <object_component id="oc-2e4">
         <name>.text:_ti_sysbios_knl_Swi_post__E</name>
         <load_address>0x8c901</load_address>
         <run_address>0x8c901</run_address>
         <size>0x60</size>
         <input_file_ref idref="fl-1f"/>
      </object_component>
      <object_component id="oc-39c">
         <name>.text:_ti_sysbios_knl_Task_blockI__E</name>
         <load_address>0x8c961</load_address>
         <run_address>0x8c961</run_address>
         <size>0x60</size>
         <input_file_ref idref="fl-1f"/>
      </object_component>
      <object_component id="oc-3e1">
         <name>.text</name>
         <load_address>0x8c9c1</load_address>
         <run_address>0x8c9c1</run_address>
         <size>0x5a</size>
         <input_file_ref idref="fl-5a"/>
      </object_component>
      <object_component id="oc-440">
         <name>.text:_ti_sysbios_knl_Task_exit__E</name>
         <load_address>0x8ca1b</load_address>
         <run_address>0x8ca1b</run_address>
         <size>0x57</size>
         <input_file_ref idref="fl-1f"/>
      </object_component>
      <object_component id="oc-36f">
         <name>.text:_xdc_runtime_Memory_alloc__E</name>
         <load_address>0x8ca72</load_address>
         <run_address>0x8ca72</run_address>
         <size>0x57</size>
         <input_file_ref idref="fl-2c"/>
      </object_component>
      <object_component id="oc-2f7">
         <name>.text</name>
         <load_address>0x8cac9</load_address>
         <run_address>0x8cac9</run_address>
         <size>0x55</size>
         <input_file_ref idref="fl-7"/>
      </object_component>
      <object_component id="oc-39f">
         <name>.text:_ti_sysbios_knl_Task_unblockI__E</name>
         <load_address>0x8cb1e</load_address>
         <run_address>0x8cb1e</run_address>
         <size>0x51</size>
         <input_file_ref idref="fl-1f"/>
      </object_component>
      <object_component id="oc-468">
         <name>.text:_xdc_runtime_Text_putLab__E</name>
         <load_address>0x8cb6f</load_address>
         <run_address>0x8cb6f</run_address>
         <size>0x4f</size>
         <input_file_ref idref="fl-30"/>
      </object_component>
      <object_component id="oc-42c">
         <name>.text:_ti_sysbios_knl_Task_postInit__I</name>
         <load_address>0x8cbbe</load_address>
         <run_address>0x8cbbe</run_address>
         <size>0x4b</size>
         <input_file_ref idref="fl-1f"/>
      </object_component>
      <object_component id="oc-40d">
         <name>.text:_ti_sysbios_family_c28_Hwi_Module_startup__E</name>
         <load_address>0x8cc09</load_address>
         <run_address>0x8cc09</run_address>
         <size>0x47</size>
         <input_file_ref idref="fl-1f"/>
      </object_component>
      <object_component id="oc-304">
         <name>.text:_xdc_runtime_Core_deleteObject__I</name>
         <load_address>0x8cc50</load_address>
         <run_address>0x8cc50</run_address>
         <size>0x46</size>
         <input_file_ref idref="fl-25"/>
      </object_component>
      <object_component id="oc-2ee">
         <name>.text:.bootCodeSection:_ti_catalog_c2800_initF2837x_Boot_configurePllDivs</name>
         <load_address>0x8cc96</load_address>
         <run_address>0x8cc96</run_address>
         <size>0x45</size>
         <input_file_ref idref="fl-35"/>
      </object_component>
      <object_component id="oc-420">
         <name>.text:_ti_sysbios_family_c28_Timer_postInit__I</name>
         <load_address>0x8ccdb</load_address>
         <run_address>0x8ccdb</run_address>
         <size>0x43</size>
         <input_file_ref idref="fl-1f"/>
      </object_component>
      <object_component id="oc-143">
         <name>.text:_ti_sysbios_family_c28_Hwi_unPluggedInterrupt__I</name>
         <load_address>0x8cd1e</load_address>
         <run_address>0x8cd1e</run_address>
         <size>0x42</size>
         <input_file_ref idref="fl-1f"/>
      </object_component>
      <object_component id="oc-459">
         <name>.text:_xdc_runtime_System_formatNum__I</name>
         <load_address>0x8cd60</load_address>
         <run_address>0x8cd60</run_address>
         <size>0x3f</size>
         <input_file_ref idref="fl-2e"/>
      </object_component>
      <object_component id="oc-46f">
         <name>.text:_ti_sysbios_knl_Swi_restoreHwi__E</name>
         <load_address>0x8cd9f</load_address>
         <run_address>0x8cd9f</run_address>
         <size>0x3e</size>
         <input_file_ref idref="fl-1f"/>
      </object_component>
      <object_component id="oc-430">
         <name>.text:_xdc_runtime_Text_putMod__E</name>
         <load_address>0x8cddd</load_address>
         <run_address>0x8cddd</run_address>
         <size>0x3e</size>
         <input_file_ref idref="fl-30"/>
      </object_component>
      <object_component id="oc-35f">
         <name>.text:_xdc_runtime_Core_assignParams__I</name>
         <load_address>0x8ce1b</load_address>
         <run_address>0x8ce1b</run_address>
         <size>0x3d</size>
         <input_file_ref idref="fl-28"/>
      </object_component>
      <object_component id="oc-2c9">
         <name>.text:_xdc_runtime_LoggerBuf_getFilterLevel__E</name>
         <load_address>0x8ce58</load_address>
         <run_address>0x8ce58</run_address>
         <size>0x3d</size>
         <input_file_ref idref="fl-2b"/>
      </object_component>
      <object_component id="oc-2c8">
         <name>.text:_xdc_runtime_LoggerBuf_setFilterLevel__E</name>
         <load_address>0x8ce95</load_address>
         <run_address>0x8ce95</run_address>
         <size>0x3c</size>
         <input_file_ref idref="fl-2b"/>
      </object_component>
      <object_component id="oc-454">
         <name>.text:_ti_sysbios_family_c28_TaskSupport_start__E</name>
         <load_address>0x8ced1</load_address>
         <run_address>0x8ced1</run_address>
         <size>0x3a</size>
         <input_file_ref idref="fl-1f"/>
      </object_component>
      <object_component id="oc-2ca">
         <name>.text:_xdc_runtime_LoggerBuf_Object__create__S</name>
         <load_address>0x8cf0b</load_address>
         <run_address>0x8cf0b</run_address>
         <size>0x38</size>
         <input_file_ref idref="fl-13"/>
      </object_component>
      <object_component id="oc-414">
         <name>.text</name>
         <load_address>0x8cf43</load_address>
         <run_address>0x8cf43</run_address>
         <size>0x38</size>
         <input_file_ref idref="fl-4f"/>
      </object_component>
      <object_component id="oc-2e1">
         <name>.text:_ti_sysbios_knl_Clock_logTick__E</name>
         <load_address>0x8cf7b</load_address>
         <run_address>0x8cf7b</run_address>
         <size>0x36</size>
         <input_file_ref idref="fl-1f"/>
      </object_component>
      <object_component id="oc-321">
         <name>.text:_xdc_runtime_LoggerBuf_Instance_init__E</name>
         <load_address>0x8cfb1</load_address>
         <run_address>0x8cfb1</run_address>
         <size>0x36</size>
         <input_file_ref idref="fl-2b"/>
      </object_component>
      <object_component id="oc-32c">
         <name>.text:_ti_sysbios_BIOS_rtsUnlock__I</name>
         <load_address>0x8cfe7</load_address>
         <run_address>0x8cfe7</run_address>
         <size>0x34</size>
         <input_file_ref idref="fl-13"/>
      </object_component>
      <object_component id="oc-412">
         <name>.text:_ti_sysbios_knl_Task_Module_startup__E</name>
         <load_address>0x8d01b</load_address>
         <run_address>0x8d01b</run_address>
         <size>0x32</size>
         <input_file_ref idref="fl-1f"/>
      </object_component>
      <object_component id="oc-30b">
         <name>.text:_xdc_runtime_Assert_raise__I</name>
         <load_address>0x8d04d</load_address>
         <run_address>0x8d04d</run_address>
         <size>0x32</size>
         <input_file_ref idref="fl-24"/>
      </object_component>
      <object_component id="oc-461">
         <name>.text:_xdc_runtime_Text_visitRope2__I</name>
         <load_address>0x8d07f</load_address>
         <run_address>0x8d07f</run_address>
         <size>0x32</size>
         <input_file_ref idref="fl-30"/>
      </object_component>
      <object_component id="oc-296">
         <name>.text:_xdc_runtime_Startup_exec__E</name>
         <load_address>0x8d0b1</load_address>
         <run_address>0x8d0b1</run_address>
         <size>0x31</size>
         <input_file_ref idref="fl-2d"/>
      </object_component>
      <object_component id="oc-3df">
         <name>.text</name>
         <load_address>0x8d0e2</load_address>
         <run_address>0x8d0e2</run_address>
         <size>0x31</size>
         <input_file_ref idref="fl-53"/>
      </object_component>
      <object_component id="oc-3a6">
         <name>.text:_xdc_runtime_Error_setX__E</name>
         <load_address>0x8d113</load_address>
         <run_address>0x8d113</run_address>
         <size>0x30</size>
         <input_file_ref idref="fl-29"/>
      </object_component>
      <object_component id="oc-349">
         <name>.text</name>
         <load_address>0x8d143</load_address>
         <run_address>0x8d143</run_address>
         <size>0x30</size>
         <input_file_ref idref="fl-51"/>
      </object_component>
      <object_component id="oc-38c">
         <name>.text:_ti_sysbios_knl_Swi_runLoop__I</name>
         <load_address>0x8d173</load_address>
         <run_address>0x8d173</run_address>
         <size>0x2e</size>
         <input_file_ref idref="fl-1f"/>
      </object_component>
      <object_component id="oc-33c">
         <name>.text:_ti_sysbios_knl_Swi_schedule__I</name>
         <load_address>0x8d1a1</load_address>
         <run_address>0x8d1a1</run_address>
         <size>0x2e</size>
         <input_file_ref idref="fl-1f"/>
      </object_component>
      <object_component id="oc-408">
         <name>.text:_xdc_runtime_Error_print__E</name>
         <load_address>0x8d1cf</load_address>
         <run_address>0x8d1cf</run_address>
         <size>0x2e</size>
         <input_file_ref idref="fl-29"/>
      </object_component>
      <object_component id="oc-3e0">
         <name>.text</name>
         <load_address>0x8d1fd</load_address>
         <run_address>0x8d1fd</run_address>
         <size>0x2e</size>
         <input_file_ref idref="fl-55"/>
      </object_component>
      <object_component id="oc-3eb">
         <name>.text:_ti_sysbios_family_c28_Hwi_getStackInfo__E</name>
         <load_address>0x8d22b</load_address>
         <run_address>0x8d22b</run_address>
         <size>0x2d</size>
         <input_file_ref idref="fl-1f"/>
      </object_component>
      <object_component id="oc-2bc">
         <name>.text:_ti_sysbios_heaps_HeapMem_getStats__E</name>
         <load_address>0x8d258</load_address>
         <run_address>0x8d258</run_address>
         <size>0x2d</size>
         <input_file_ref idref="fl-1f"/>
      </object_component>
      <object_component id="oc-32e">
         <name>.text:_ti_sysbios_family_c28_Timer_start__E</name>
         <load_address>0x8d285</load_address>
         <run_address>0x8d285</run_address>
         <size>0x2c</size>
         <input_file_ref idref="fl-1f"/>
      </object_component>
      <object_component id="oc-410">
         <name>.text:_ti_sysbios_knl_Mailbox_Module_startup__E</name>
         <load_address>0x8d2b1</load_address>
         <run_address>0x8d2b1</run_address>
         <size>0x2b</size>
         <input_file_ref idref="fl-1f"/>
      </object_component>
      <object_component id="oc-24f">
         <name>.text</name>
         <load_address>0x8d2dc</load_address>
         <run_address>0x8d2dc</run_address>
         <size>0x2a</size>
         <input_file_ref idref="fl-5e"/>
      </object_component>
      <object_component id="oc-1d2">
         <name>.text</name>
         <load_address>0x8d306</load_address>
         <run_address>0x8d306</run_address>
         <size>0x2a</size>
         <input_file_ref idref="fl-46"/>
      </object_component>
      <object_component id="oc-3b9">
         <name>.text:_xdc_runtime_SysMin_flush__E</name>
         <load_address>0x8d330</load_address>
         <run_address>0x8d330</run_address>
         <size>0x29</size>
         <input_file_ref idref="fl-2f"/>
      </object_component>
      <object_component id="oc-431">
         <name>.text:_xdc_runtime_Text_xprintf__I</name>
         <load_address>0x8d359</load_address>
         <run_address>0x8d359</run_address>
         <size>0x29</size>
         <input_file_ref idref="fl-30"/>
      </object_component>
      <object_component id="oc-358">
         <name>.text</name>
         <load_address>0x8d382</load_address>
         <run_address>0x8d382</run_address>
         <size>0x29</size>
         <input_file_ref idref="fl-49"/>
      </object_component>
      <object_component id="oc-34d">
         <name>.text:_ti_sysbios_heaps_HeapMem_init__I</name>
         <load_address>0x8d3ab</load_address>
         <run_address>0x8d3ab</run_address>
         <size>0x27</size>
         <input_file_ref idref="fl-1f"/>
      </object_component>
      <object_component id="oc-460">
         <name>.text:_ti_sysbios_family_c28_TaskSupport_buildTaskStack</name>
         <load_address>0x8d3d2</load_address>
         <run_address>0x8d3d2</run_address>
         <size>0x25</size>
         <input_file_ref idref="fl-23"/>
      </object_component>
      <object_component id="oc-2af">
         <name>.text:_xdc_runtime_System_processAtExit__E</name>
         <load_address>0x8d3f7</load_address>
         <run_address>0x8d3f7</run_address>
         <size>0x24</size>
         <input_file_ref idref="fl-2e"/>
      </object_component>
      <object_component id="oc-295">
         <name>.text</name>
         <load_address>0x8d41b</load_address>
         <run_address>0x8d41b</run_address>
         <size>0x24</size>
         <input_file_ref idref="fl-47"/>
      </object_component>
      <object_component id="oc-3fe">
         <name>.text</name>
         <load_address>0x8d43f</load_address>
         <run_address>0x8d43f</run_address>
         <size>0x24</size>
         <input_file_ref idref="fl-5c"/>
      </object_component>
      <object_component id="oc-1c8">
         <name>.text</name>
         <load_address>0x8d463</load_address>
         <run_address>0x8d463</run_address>
         <size>0x22</size>
         <input_file_ref idref="fl-44"/>
      </object_component>
      <object_component id="oc-37f">
         <name>.text:_ti_sysbios_knl_Task_allBlockedFunction__I</name>
         <load_address>0x8d485</load_address>
         <run_address>0x8d485</run_address>
         <size>0x21</size>
         <input_file_ref idref="fl-1f"/>
      </object_component>
      <object_component id="oc-317">
         <name>.text:_xdc_runtime_LoggerBuf_filterOutEvent__I</name>
         <load_address>0x8d4a6</load_address>
         <run_address>0x8d4a6</run_address>
         <size>0x21</size>
         <input_file_ref idref="fl-2b"/>
      </object_component>
      <object_component id="oc-2ce">
         <name>.text:_xdc_runtime_System_atexit__E</name>
         <load_address>0x8d4c7</load_address>
         <run_address>0x8d4c7</run_address>
         <size>0x21</size>
         <input_file_ref idref="fl-2e"/>
      </object_component>
      <object_component id="oc-268">
         <name>.text</name>
         <load_address>0x8d4e8</load_address>
         <run_address>0x8d4e8</run_address>
         <size>0x21</size>
         <input_file_ref idref="fl-63"/>
      </object_component>
      <object_component id="oc-439">
         <name>.text:_ti_sysbios_family_c28_Timer_setPrescale__E</name>
         <load_address>0x8d509</load_address>
         <run_address>0x8d509</run_address>
         <size>0x20</size>
         <input_file_ref idref="fl-1f"/>
      </object_component>
      <object_component id="oc-2b5">
         <name>.text:_ti_sysbios_gates_GateHwi_Object__create__S</name>
         <load_address>0x8d529</load_address>
         <run_address>0x8d529</run_address>
         <size>0x1f</size>
         <input_file_ref idref="fl-13"/>
      </object_component>
      <object_component id="oc-2e8">
         <name>.text:_ti_sysbios_gates_GateMutex_Object__create__S</name>
         <load_address>0x8d548</load_address>
         <run_address>0x8d548</run_address>
         <size>0x1f</size>
         <input_file_ref idref="fl-13"/>
      </object_component>
      <object_component id="oc-2bd">
         <name>.text:_ti_sysbios_heaps_HeapMem_Object__create__S</name>
         <load_address>0x8d567</load_address>
         <run_address>0x8d567</run_address>
         <size>0x1f</size>
         <input_file_ref idref="fl-13"/>
      </object_component>
      <object_component id="oc-26d">
         <name>.text</name>
         <load_address>0x8d586</load_address>
         <run_address>0x8d586</run_address>
         <size>0x1f</size>
         <input_file_ref idref="fl-64"/>
      </object_component>
      <object_component id="oc-409">
         <name>.text:_xdc_runtime_SysMin_putch__E</name>
         <load_address>0x8d5a5</load_address>
         <run_address>0x8d5a5</run_address>
         <size>0x1e</size>
         <input_file_ref idref="fl-2f"/>
      </object_component>
      <object_component id="oc-277">
         <name>.text</name>
         <load_address>0x8d5c3</load_address>
         <run_address>0x8d5c3</run_address>
         <size>0x1e</size>
         <input_file_ref idref="fl-66"/>
      </object_component>
      <object_component id="oc-2aa">
         <name>.text</name>
         <load_address>0x8d5e1</load_address>
         <run_address>0x8d5e1</run_address>
         <size>0x1e</size>
         <input_file_ref idref="fl-48"/>
      </object_component>
      <object_component id="oc-3d4">
         <name>.text:_ti_sysbios_family_c28_TaskSupport_swap__E</name>
         <load_address>0x8d5ff</load_address>
         <run_address>0x8d5ff</run_address>
         <size>0x1d</size>
         <input_file_ref idref="fl-23"/>
      </object_component>
      <object_component id="oc-27c">
         <name>.text</name>
         <load_address>0x8d61c</load_address>
         <run_address>0x8d61c</run_address>
         <size>0x1d</size>
         <input_file_ref idref="fl-67"/>
      </object_component>
      <object_component id="oc-3de">
         <name>.text:_ti_sysbios_hal_Hwi_checkStack</name>
         <load_address>0x8d639</load_address>
         <run_address>0x8d639</run_address>
         <size>0x1c</size>
         <input_file_ref idref="fl-1f"/>
      </object_component>
      <object_component id="oc-286">
         <name>.text</name>
         <load_address>0x8d655</load_address>
         <run_address>0x8d655</run_address>
         <size>0x1c</size>
         <input_file_ref idref="fl-69"/>
      </object_component>
      <object_component id="oc-281">
         <name>.text</name>
         <load_address>0x8d671</load_address>
         <run_address>0x8d671</run_address>
         <size>0x1c</size>
         <input_file_ref idref="fl-68"/>
      </object_component>
      <object_component id="oc-45b">
         <name>.text:_ti_sysbios_family_c28_Hwi_switchAndDispatch__I</name>
         <load_address>0x8d68d</load_address>
         <run_address>0x8d68d</run_address>
         <size>0x1b</size>
         <input_file_ref idref="fl-20"/>
      </object_component>
      <object_component id="oc-34f">
         <name>.text:_ti_sysbios_hal_Hwi_initStack</name>
         <load_address>0x8d6a8</load_address>
         <run_address>0x8d6a8</run_address>
         <size>0x1b</size>
         <input_file_ref idref="fl-1f"/>
      </object_component>
      <object_component id="oc-3a2">
         <name>.text:_ti_sysbios_knl_Semaphore_construct</name>
         <load_address>0x8d6c3</load_address>
         <run_address>0x8d6c3</run_address>
         <size>0x1b</size>
         <input_file_ref idref="fl-13"/>
      </object_component>
      <object_component id="oc-453">
         <name>.text:_ti_sysbios_knl_Task_processVitalTaskFlag__I</name>
         <load_address>0x8d6de</load_address>
         <run_address>0x8d6de</run_address>
         <size>0x1b</size>
         <input_file_ref idref="fl-1f"/>
      </object_component>
      <object_component id="oc-404">
         <name>.text:_xdc_runtime_SysMin_output__I</name>
         <load_address>0x8d6f9</load_address>
         <run_address>0x8d6f9</run_address>
         <size>0x1b</size>
         <input_file_ref idref="fl-13"/>
      </object_component>
      <object_component id="oc-397">
         <name>.text:_ti_sysbios_knl_Clock_addI__E</name>
         <load_address>0x8d714</load_address>
         <run_address>0x8d714</run_address>
         <size>0x1a</size>
         <input_file_ref idref="fl-1f"/>
      </object_component>
      <object_component id="oc-305">
         <name>.text:_xdc_runtime_Core_assignLabel__I</name>
         <load_address>0x8d72e</load_address>
         <run_address>0x8d72e</run_address>
         <size>0x1a</size>
         <input_file_ref idref="fl-27"/>
      </object_component>
      <object_component id="oc-432">
         <name>.text:_xdc_runtime_System_avprintf__E</name>
         <load_address>0x8d748</load_address>
         <run_address>0x8d748</run_address>
         <size>0x1a</size>
         <input_file_ref idref="fl-2e"/>
      </object_component>
      <object_component id="oc-45a">
         <name>.text:_xdc_runtime_System_putchar__I</name>
         <load_address>0x8d762</load_address>
         <run_address>0x8d762</run_address>
         <size>0x1a</size>
         <input_file_ref idref="fl-2e"/>
      </object_component>
      <object_component id="oc-426">
         <name>.text:_ti_sysbios_knl_Mailbox_postInit__I</name>
         <load_address>0x8d77c</load_address>
         <run_address>0x8d77c</run_address>
         <size>0x19</size>
         <input_file_ref idref="fl-1f"/>
      </object_component>
      <object_component id="oc-3f9">
         <name>.text:_ti_sysbios_knl_Queue_construct</name>
         <load_address>0x8d795</load_address>
         <run_address>0x8d795</run_address>
         <size>0x19</size>
         <input_file_ref idref="fl-13"/>
      </object_component>
      <object_component id="oc-396">
         <name>.text:_ti_sysbios_knl_Semaphore_pendTimeout__I</name>
         <load_address>0x8d7ae</load_address>
         <run_address>0x8d7ae</run_address>
         <size>0x19</size>
         <input_file_ref idref="fl-1f"/>
      </object_component>
      <object_component id="oc-330">
         <name>.text:_ti_sysbios_knl_Swi_restore__E</name>
         <load_address>0x8d7c7</load_address>
         <run_address>0x8d7c7</run_address>
         <size>0x19</size>
         <input_file_ref idref="fl-1f"/>
      </object_component>
      <object_component id="oc-433">
         <name>.text:_xdc_runtime_System_vprintf__E</name>
         <load_address>0x8d7e0</load_address>
         <run_address>0x8d7e0</run_address>
         <size>0x19</size>
         <input_file_ref idref="fl-2e"/>
      </object_component>
      <object_component id="oc-44b">
         <name>.text:_xdc_runtime_Text_printVisFxn__I</name>
         <load_address>0x8d7f9</load_address>
         <run_address>0x8d7f9</run_address>
         <size>0x19</size>
         <input_file_ref idref="fl-30"/>
      </object_component>
      <object_component id="oc-297">
         <name>.text</name>
         <load_address>0x8d812</load_address>
         <run_address>0x8d812</run_address>
         <size>0x19</size>
         <input_file_ref idref="fl-4b"/>
      </object_component>
      <object_component id="oc-38d">
         <name>.text:_ti_sysbios_family_xxx_Hwi_switchAndRunFunc</name>
         <load_address>0x8d82b</load_address>
         <run_address>0x8d82b</run_address>
         <size>0x18</size>
         <input_file_ref idref="fl-20"/>
      </object_component>
      <object_component id="oc-40a">
         <name>.text:_xdc_runtime_LoggerBuf_Module_startup__E</name>
         <load_address>0x8d843</load_address>
         <run_address>0x8d843</run_address>
         <size>0x18</size>
         <input_file_ref idref="fl-2b"/>
      </object_component>
      <object_component id="oc-370">
         <name>.text:_xdc_runtime_LoggerBuf_reset__E</name>
         <load_address>0x8d85b</load_address>
         <run_address>0x8d85b</run_address>
         <size>0x18</size>
         <input_file_ref idref="fl-2b"/>
      </object_component>
      <object_component id="oc-272">
         <name>.text</name>
         <load_address>0x8d873</load_address>
         <run_address>0x8d873</run_address>
         <size>0x18</size>
         <input_file_ref idref="fl-65"/>
      </object_component>
      <object_component id="oc-2cd">
         <name>.text:_ti_sysbios_BIOS_atExitFunc__I</name>
         <load_address>0x8d88b</load_address>
         <run_address>0x8d88b</run_address>
         <size>0x17</size>
         <input_file_ref idref="fl-13"/>
      </object_component>
      <object_component id="oc-2d0">
         <name>.text:_ti_sysbios_family_c28_Timer_startup__E</name>
         <load_address>0x8d8a2</load_address>
         <run_address>0x8d8a2</run_address>
         <size>0x17</size>
         <input_file_ref idref="fl-1f"/>
      </object_component>
      <object_component id="oc-2a2">
         <name>.text:_ti_sysbios_knl_Clock_doTick__I</name>
         <load_address>0x8d8b9</load_address>
         <run_address>0x8d8b9</run_address>
         <size>0x17</size>
         <input_file_ref idref="fl-13"/>
      </object_component>
      <object_component id="oc-3ba">
         <name>.text:_xdc_runtime_Memory_valloc__E</name>
         <load_address>0x8d8d0</load_address>
         <run_address>0x8d8d0</run_address>
         <size>0x17</size>
         <input_file_ref idref="fl-2c"/>
      </object_component>
      <object_component id="oc-40e">
         <name>.text:_ti_sysbios_family_c28_Timer_Module_startup__E</name>
         <load_address>0x8d8e7</load_address>
         <run_address>0x8d8e7</run_address>
         <size>0x16</size>
         <input_file_ref idref="fl-1f"/>
      </object_component>
      <object_component id="oc-37e">
         <name>.text:_ti_sysbios_knl_Task_restore__E</name>
         <load_address>0x8d8fd</load_address>
         <run_address>0x8d8fd</run_address>
         <size>0x16</size>
         <input_file_ref idref="fl-1f"/>
      </object_component>
      <object_component id="oc-400">
         <name>.text:_xdc_runtime_SysMin_abort__E</name>
         <load_address>0x8d913</load_address>
         <run_address>0x8d913</run_address>
         <size>0x16</size>
         <input_file_ref idref="fl-2f"/>
      </object_component>
      <object_component id="oc-411">
         <name>.text:_ti_sysbios_knl_Swi_Module_startup__E</name>
         <load_address>0x8d929</load_address>
         <run_address>0x8d929</run_address>
         <size>0x15</size>
         <input_file_ref idref="fl-1f"/>
      </object_component>
      <object_component id="oc-2eb">
         <name>.text:_ti_sysbios_knl_Idle_run__E</name>
         <load_address>0x8d93e</load_address>
         <run_address>0x8d93e</run_address>
         <size>0x14</size>
         <input_file_ref idref="fl-1f"/>
      </object_component>
      <object_component id="oc-3e7">
         <name>.text:_ti_sysbios_BIOS_errorRaiseHook__I</name>
         <load_address>0x8d952</load_address>
         <run_address>0x8d952</run_address>
         <size>0x13</size>
         <input_file_ref idref="fl-13"/>
      </object_component>
      <object_component id="oc-41f">
         <name>.text:_ti_sysbios_family_c28_Hwi_Object__get__S</name>
         <load_address>0x8d965</load_address>
         <run_address>0x8d965</run_address>
         <size>0x13</size>
         <input_file_ref idref="fl-13"/>
      </object_component>
      <object_component id="oc-2e9">
         <name>.text:_ti_sysbios_gates_GateMutex_Object__delete__S</name>
         <load_address>0x8d978</load_address>
         <run_address>0x8d978</run_address>
         <size>0x13</size>
         <input_file_ref idref="fl-13"/>
      </object_component>
      <object_component id="oc-2a8">
         <name>.text:_xdc_runtime_Error_raiseX__E</name>
         <load_address>0x8d98b</load_address>
         <run_address>0x8d98b</run_address>
         <size>0x13</size>
         <input_file_ref idref="fl-29"/>
      </object_component>
      <object_component id="oc-363">
         <name>.text:_xdc_runtime_Text_cordText__E</name>
         <load_address>0x8d99e</load_address>
         <run_address>0x8d99e</run_address>
         <size>0x13</size>
         <input_file_ref idref="fl-30"/>
      </object_component>
      <object_component id="oc-45d">
         <name>.text:_ti_sysbios_family_c28_Hwi_disableIER__E</name>
         <load_address>0x8d9b1</load_address>
         <run_address>0x8d9b1</run_address>
         <size>0x12</size>
         <input_file_ref idref="fl-13"/>
      </object_component>
      <object_component id="oc-2b6">
         <name>.text:_ti_sysbios_gates_GateHwi_Object__delete__S</name>
         <load_address>0x8d9c3</load_address>
         <run_address>0x8d9c3</run_address>
         <size>0x12</size>
         <input_file_ref idref="fl-13"/>
      </object_component>
      <object_component id="oc-2be">
         <name>.text:_ti_sysbios_heaps_HeapMem_Object__delete__S</name>
         <load_address>0x8d9d5</load_address>
         <run_address>0x8d9d5</run_address>
         <size>0x12</size>
         <input_file_ref idref="fl-13"/>
      </object_component>
      <object_component id="oc-40f">
         <name>.text:_ti_sysbios_knl_Clock_Module_startup__E</name>
         <load_address>0x8d9e7</load_address>
         <run_address>0x8d9e7</run_address>
         <size>0x12</size>
         <input_file_ref idref="fl-1f"/>
      </object_component>
      <object_component id="oc-2cb">
         <name>.text:_xdc_runtime_LoggerBuf_Object__delete__S</name>
         <load_address>0x8d9f9</load_address>
         <run_address>0x8d9f9</run_address>
         <size>0x12</size>
         <input_file_ref idref="fl-13"/>
      </object_component>
      <object_component id="oc-2b7">
         <name>.text:_ti_sysbios_gates_GateHwi_Handle__label__S</name>
         <load_address>0x8da0b</load_address>
         <run_address>0x8da0b</run_address>
         <size>0x11</size>
         <input_file_ref idref="fl-13"/>
      </object_component>
      <object_component id="oc-2ea">
         <name>.text:_ti_sysbios_gates_GateMutex_Handle__label__S</name>
         <load_address>0x8da1c</load_address>
         <run_address>0x8da1c</run_address>
         <size>0x11</size>
         <input_file_ref idref="fl-13"/>
      </object_component>
      <object_component id="oc-2bf">
         <name>.text:_ti_sysbios_heaps_HeapMem_Handle__label__S</name>
         <load_address>0x8da2d</load_address>
         <run_address>0x8da2d</run_address>
         <size>0x11</size>
         <input_file_ref idref="fl-13"/>
      </object_component>
      <object_component id="oc-3b3">
         <name>.text:_ti_sysbios_heaps_HeapMem_Object__get__S</name>
         <load_address>0x8da3e</load_address>
         <run_address>0x8da3e</run_address>
         <size>0x11</size>
         <input_file_ref idref="fl-13"/>
      </object_component>
      <object_component id="oc-428">
         <name>.text:_ti_sysbios_knl_Swi_Object__get__S</name>
         <load_address>0x8da4f</load_address>
         <run_address>0x8da4f</run_address>
         <size>0x11</size>
         <input_file_ref idref="fl-13"/>
      </object_component>
      <object_component id="oc-42b">
         <name>.text:_ti_sysbios_knl_Task_Object__get__S</name>
         <load_address>0x8da60</load_address>
         <run_address>0x8da60</run_address>
         <size>0x11</size>
         <input_file_ref idref="fl-13"/>
      </object_component>
      <object_component id="oc-2cc">
         <name>.text:_xdc_runtime_LoggerBuf_Handle__label__S</name>
         <load_address>0x8da71</load_address>
         <run_address>0x8da71</run_address>
         <size>0x11</size>
         <input_file_ref idref="fl-13"/>
      </object_component>
      <object_component id="oc-41c">
         <name>.text:_xdc_runtime_LoggerBuf_Object__get__S</name>
         <load_address>0x8da82</load_address>
         <run_address>0x8da82</run_address>
         <size>0x11</size>
         <input_file_ref idref="fl-13"/>
      </object_component>
      <object_component id="oc-32b">
         <name>.text:_ti_sysbios_BIOS_rtsLock__I</name>
         <load_address>0x8da93</load_address>
         <run_address>0x8da93</run_address>
         <size>0x10</size>
         <input_file_ref idref="fl-13"/>
      </object_component>
      <object_component id="oc-3c8">
         <name>.text:_ti_sysbios_family_c28_Hwi_enableIER__E</name>
         <load_address>0x8daa3</load_address>
         <run_address>0x8daa3</run_address>
         <size>0x10</size>
         <input_file_ref idref="fl-13"/>
      </object_component>
      <object_component id="oc-438">
         <name>.text:_ti_sysbios_family_c28_Timer_stop__E</name>
         <load_address>0x8dab3</load_address>
         <run_address>0x8dab3</run_address>
         <size>0x10</size>
         <input_file_ref idref="fl-1f"/>
      </object_component>
      <object_component id="oc-45c">
         <name>.text:_ti_sysbios_knl_Task_restoreHwi__E</name>
         <load_address>0x8dac3</load_address>
         <run_address>0x8dac3</run_address>
         <size>0x10</size>
         <input_file_ref idref="fl-1f"/>
      </object_component>
      <object_component id="oc-40c">
         <name>.text:_xdc_runtime_SysMin_Module_startup__E</name>
         <load_address>0x8dad3</load_address>
         <run_address>0x8dad3</run_address>
         <size>0x10</size>
         <input_file_ref idref="fl-2f"/>
      </object_component>
      <object_component id="oc-29f">
         <name>.text:_ti_sysbios_BIOS_startFunc__I</name>
         <load_address>0x8dae3</load_address>
         <run_address>0x8dae3</run_address>
         <size>0xf</size>
         <input_file_ref idref="fl-13"/>
      </object_component>
      <object_component id="oc-346">
         <name>.text:_ti_sysbios_gates_GateMutex_Instance_init__E</name>
         <load_address>0x8daf2</load_address>
         <run_address>0x8daf2</run_address>
         <size>0xf</size>
         <input_file_ref idref="fl-1f"/>
      </object_component>
      <object_component id="oc-443">
         <name>.text:_ti_sysbios_knl_Queue_Object__get__S</name>
         <load_address>0x8db01</load_address>
         <run_address>0x8db01</run_address>
         <size>0xf</size>
         <input_file_ref idref="fl-13"/>
      </object_component>
      <object_component id="oc-3dd">
         <name>.text:_ti_sysbios_knl_Semaphore_Object__destruct__S</name>
         <load_address>0x8db10</load_address>
         <run_address>0x8db10</run_address>
         <size>0xf</size>
         <input_file_ref idref="fl-13"/>
      </object_component>
      <object_component id="oc-2c5">
         <name>.text:_xdc_runtime_LoggerBuf_write2__E</name>
         <load_address>0x8db1f</load_address>
         <run_address>0x8db1f</run_address>
         <size>0xf</size>
         <input_file_ref idref="fl-2b"/>
      </object_component>
      <object_component id="oc-449">
         <name>.text:_xdc_runtime_Registry_findById__E</name>
         <load_address>0x8db2e</load_address>
         <run_address>0x8db2e</run_address>
         <size>0xf</size>
         <input_file_ref idref="fl-33"/>
      </object_component>
      <object_component id="oc-456">
         <name>.text:_xdc_runtime_Text_visitRope__I</name>
         <load_address>0x8db3d</load_address>
         <run_address>0x8db3d</run_address>
         <size>0xf</size>
         <input_file_ref idref="fl-13"/>
      </object_component>
      <object_component id="oc-36d">
         <name>.text:_ti_sysbios_family_c28_f2837x_TimestampProvider_get64__E</name>
         <load_address>0x8db4c</load_address>
         <run_address>0x8db4c</run_address>
         <size>0xe</size>
         <input_file_ref idref="fl-1f"/>
      </object_component>
      <object_component id="oc-424">
         <name>.text:_ti_sysbios_knl_Mailbox_Object__get__S</name>
         <load_address>0x8db5a</load_address>
         <run_address>0x8db5a</run_address>
         <size>0xe</size>
         <input_file_ref idref="fl-13"/>
      </object_component>
      <object_component id="oc-416">
         <name>.text:_ti_sysbios_knl_Queue_Object__destruct__S</name>
         <load_address>0x8db68</load_address>
         <run_address>0x8db68</run_address>
         <size>0xe</size>
         <input_file_ref idref="fl-13"/>
      </object_component>
      <object_component id="oc-3f1">
         <name>.text:_xdc_runtime_IHeap_alloc</name>
         <load_address>0x8db76</load_address>
         <run_address>0x8db76</run_address>
         <size>0xe</size>
         <input_file_ref idref="fl-13"/>
      </object_component>
      <object_component id="oc-263">
         <name>.text</name>
         <load_address>0x8db84</load_address>
         <run_address>0x8db84</run_address>
         <size>0xe</size>
         <input_file_ref idref="fl-62"/>
      </object_component>
      <object_component id="oc-2cf">
         <name>.text:_ti_sysbios_BIOS_registerRTSLock__I</name>
         <load_address>0x8db92</load_address>
         <run_address>0x8db92</run_address>
         <size>0xd</size>
         <input_file_ref idref="fl-13"/>
      </object_component>
      <object_component id="oc-2d4">
         <name>.text:_ti_sysbios_BIOS_removeRTSLock__I</name>
         <load_address>0x8db9f</load_address>
         <run_address>0x8db9f</run_address>
         <size>0xd</size>
         <input_file_ref idref="fl-13"/>
      </object_component>
      <object_component id="oc-44f">
         <name>.text:_ti_sysbios_family_c28_Hwi_dispatchC__I</name>
         <load_address>0x8dbac</load_address>
         <run_address>0x8dbac</run_address>
         <size>0xd</size>
         <input_file_ref idref="fl-1f"/>
      </object_component>
      <object_component id="oc-3cc">
         <name>.text:_ti_sysbios_family_c28_Hwi_restoreIER__E</name>
         <load_address>0x8dbb9</load_address>
         <run_address>0x8dbb9</run_address>
         <size>0xd</size>
         <input_file_ref idref="fl-13"/>
      </object_component>
      <object_component id="oc-442">
         <name>.text:_ti_sysbios_knl_Task_SupportProxy_start__E</name>
         <load_address>0x8dbc6</load_address>
         <run_address>0x8dbc6</run_address>
         <size>0xd</size>
         <input_file_ref idref="fl-13"/>
      </object_component>
      <object_component id="oc-441">
         <name>.text:_ti_sysbios_knl_Task_enter__I</name>
         <load_address>0x8dbd3</load_address>
         <run_address>0x8dbd3</run_address>
         <size>0xd</size>
         <input_file_ref idref="fl-1f"/>
      </object_component>
      <object_component id="oc-2c3">
         <name>.text:_xdc_runtime_LoggerBuf_write0__E</name>
         <load_address>0x8dbe0</load_address>
         <run_address>0x8dbe0</run_address>
         <size>0xd</size>
         <input_file_ref idref="fl-2b"/>
      </object_component>
      <object_component id="oc-2c4">
         <name>.text:_xdc_runtime_LoggerBuf_write1__E</name>
         <load_address>0x8dbed</load_address>
         <run_address>0x8dbed</run_address>
         <size>0xd</size>
         <input_file_ref idref="fl-2b"/>
      </object_component>
      <object_component id="oc-3c0">
         <name>.text:_xdc_runtime_Memory_HeapProxy_alloc__E</name>
         <load_address>0x8dbfa</load_address>
         <run_address>0x8dbfa</run_address>
         <size>0xd</size>
         <input_file_ref idref="fl-13"/>
      </object_component>
      <object_component id="oc-3b0">
         <name>.text:_xdc_runtime_System_abort__E</name>
         <load_address>0x8dc07</load_address>
         <run_address>0x8dc07</run_address>
         <size>0xd</size>
         <input_file_ref idref="fl-2e"/>
      </object_component>
      <object_component id="oc-3e5">
         <name>.text</name>
         <load_address>0x8dc14</load_address>
         <run_address>0x8dc14</run_address>
         <size>0xd</size>
         <input_file_ref idref="fl-56"/>
      </object_component>
      <object_component id="oc-2a0">
         <name>.text:_ti_sysbios_BIOS_exitFunc__I</name>
         <load_address>0x8dc21</load_address>
         <run_address>0x8dc21</run_address>
         <size>0xc</size>
         <input_file_ref idref="fl-13"/>
      </object_component>
      <object_component id="oc-2e7">
         <name>.text:_ti_sysbios_gates_GateMutex_leave__E</name>
         <load_address>0x8dc2d</load_address>
         <run_address>0x8dc2d</run_address>
         <size>0xc</size>
         <input_file_ref idref="fl-1f"/>
      </object_component>
      <object_component id="oc-3d6">
         <name>.text:_ti_sysbios_knl_Queue_put__E</name>
         <load_address>0x8dc39</load_address>
         <run_address>0x8dc39</run_address>
         <size>0xc</size>
         <input_file_ref idref="fl-1f"/>
      </object_component>
      <object_component id="oc-39b">
         <name>.text:_ti_sysbios_knl_Task_enabled__E</name>
         <load_address>0x8dc45</load_address>
         <run_address>0x8dc45</run_address>
         <size>0xc</size>
         <input_file_ref idref="fl-1f"/>
      </object_component>
      <object_component id="oc-322">
         <name>.text:_xdc_runtime_Error_check__E</name>
         <load_address>0x8dc51</load_address>
         <run_address>0x8dc51</run_address>
         <size>0xc</size>
         <input_file_ref idref="fl-29"/>
      </object_component>
      <object_component id="oc-419">
         <name>.text:_xdc_runtime_System_aprintf__E</name>
         <load_address>0x8dc5d</load_address>
         <run_address>0x8dc5d</run_address>
         <size>0xc</size>
         <input_file_ref idref="fl-13"/>
      </object_component>
      <object_component id="oc-41a">
         <name>.text:_xdc_runtime_System_printf__E</name>
         <load_address>0x8dc69</load_address>
         <run_address>0x8dc69</run_address>
         <size>0xc</size>
         <input_file_ref idref="fl-13"/>
      </object_component>
      <object_component id="oc-361">
         <name>.text</name>
         <load_address>0x8dc75</load_address>
         <run_address>0x8dc75</run_address>
         <size>0xc</size>
         <input_file_ref idref="fl-4c"/>
      </object_component>
      <object_component id="oc-3e3">
         <name>.text</name>
         <load_address>0x8dc81</load_address>
         <run_address>0x8dc81</run_address>
         <size>0xc</size>
         <input_file_ref idref="fl-57"/>
      </object_component>
      <object_component id="oc-455">
         <name>.text:_ti_sysbios_family_c28_Hwi_Module__startupDone__F</name>
         <load_address>0x8dc8d</load_address>
         <run_address>0x8dc8d</run_address>
         <size>0xb</size>
         <input_file_ref idref="fl-13"/>
      </object_component>
      <object_component id="oc-451">
         <name>.text:_ti_sysbios_family_c28_Timer_Module__startupDone__F</name>
         <load_address>0x8dc98</load_address>
         <run_address>0x8dc98</run_address>
         <size>0xb</size>
         <input_file_ref idref="fl-13"/>
      </object_component>
      <object_component id="oc-444">
         <name>.text:_ti_sysbios_knl_Task_unblock__E</name>
         <load_address>0x8dca3</load_address>
         <run_address>0x8dca3</run_address>
         <size>0xb</size>
         <input_file_ref idref="fl-1f"/>
      </object_component>
      <object_component id="oc-323">
         <name>.text:_xdc_runtime_LoggerBuf_Instance_finalize__E</name>
         <load_address>0x8dcae</load_address>
         <run_address>0x8dcae</run_address>
         <size>0xb</size>
         <input_file_ref idref="fl-2b"/>
      </object_component>
      <object_component id="oc-2f1">
         <name>.text:_xdc_runtime_Startup_exec__I</name>
         <load_address>0x8dcb9</load_address>
         <run_address>0x8dcb9</run_address>
         <size>0xb</size>
         <input_file_ref idref="fl-13"/>
      </object_component>
      <object_component id="oc-357">
         <name>.text:_xdc_runtime_SysMin_exit__E</name>
         <load_address>0x8dcc4</load_address>
         <run_address>0x8dcc4</run_address>
         <size>0xb</size>
         <input_file_ref idref="fl-2f"/>
      </object_component>
      <object_component id="oc-298">
[...]
         <object_component_ref idref="oc-2c2"/>
      </symbol>
      <symbol id="sm-e05">
         <name>_xdc_runtime_LoggerBuf_setFilterLevel__E</name>
         <value>0x8ce95</value>
         <object_component_ref idref="oc-2c8"/>
      </symbol>
      <symbol id="sm-e06">
         <name>_xdc_runtime_LoggerBuf_write8__E</name>
         <value>0x8b69d</value>
         <object_component_ref idref="oc-2c7"/>
      </symbol>
      <symbol id="sm-e07">
         <name>_xdc_runtime_LoggerBuf_write2__E</name>
         <value>0x8db1f</value>
         <object_component_ref idref="oc-2c5"/>
      </symbol>
      <symbol id="sm-e08">
         <name>_LoggerBuf_instanceStartup</name>
         <value>0x8d85b</value>
         <object_component_ref idref="oc-370"/>
      </symbol>
      <symbol id="sm-e09">
         <name>_xdc_runtime_LoggerBuf_filterOutEvent__I</name>
         <value>0x8d4a6</value>
         <object_component_ref idref="oc-317"/>
      </symbol>
      <symbol id="sm-e0a">
         <name>_xdc_runtime_LoggerBuf_write1__E</name>
         <value>0x8dbed</value>
         <object_component_ref idref="oc-2c4"/>
      </symbol>
      <symbol id="sm-e0b">
         <name>_xdc_runtime_LoggerBuf_enable__E</name>
         <value>0x8de30</value>
         <object_component_ref idref="oc-2c1"/>
      </symbol>
      <symbol id="sm-e27">
         <name>_xdc_runtime_Memory_calloc__E</name>
         <value>0x8dd85</value>
         <object_component_ref idref="oc-360"/>
      </symbol>
      <symbol id="sm-e28">
         <name>_xdc_runtime_Memory_free__E</name>
         <value>0x8dcf9</value>
         <object_component_ref idref="oc-362"/>
      </symbol>
      <symbol id="sm-e29">
         <name>_xdc_runtime_Memory_valloc__E</name>
         <value>0x8d8d0</value>
         <object_component_ref idref="oc-3ba"/>
      </symbol>
      <symbol id="sm-e2a">
         <name>_xdc_runtime_Memory_alloc__E</name>
         <value>0x8ca72</value>
         <object_component_ref idref="oc-36f"/>
      </symbol>
      <symbol id="sm-e2b">
         <name>_xdc_runtime_Memory_getMaxDefaultTypeAlign__E</name>
         <value>0x8de78</value>
         <object_component_ref idref="oc-3bf"/>
      </symbol>
      <symbol id="sm-e4c">
         <name>_xdc_runtime_Startup_startMods__I</name>
         <value>0x8c4b8</value>
         <object_component_ref idref="oc-3b6"/>
      </symbol>
      <symbol id="sm-e4d">
         <name>_xdc_runtime_Startup_exec__E</name>
         <value>0x8d0b1</value>
         <object_component_ref idref="oc-296"/>
      </symbol>
      <symbol id="sm-ed2">
         <name>_xdc_runtime_System_formatNum__I</name>
         <value>0x8cd60</value>
         <object_component_ref idref="oc-459"/>
      </symbol>
      <symbol id="sm-ed3">
         <name>_xdc_runtime_System_exit__E</name>
         <value>0x8dccf</value>
         <object_component_ref idref="oc-298"/>
      </symbol>
      <symbol id="sm-ed4">
         <name>_xdc_runtime_System_exitStd__E</name>
         <value>0x8deb2</value>
         <object_component_ref idref="oc-2ff"/>
      </symbol>
      <symbol id="sm-ed5">
         <name>_xdc_runtime_System_printf_va__F</name>
         <value>0x8d7e0</value>
         <object_component_ref idref="oc-433"/>
      </symbol>
      <symbol id="sm-ed6">
         <name>_xdc_runtime_System_atexit__E</name>
         <value>0x8d4c7</value>
         <object_component_ref idref="oc-2ce"/>
      </symbol>
      <symbol id="sm-ed7">
         <name>_xdc_runtime_System_abortStd__E</name>
         <value>0x8deaf</value>
         <object_component_ref idref="oc-401"/>
      </symbol>
      <symbol id="sm-ed8">
         <name>_xdc_runtime_System_putchar__I</name>
         <value>0x8d762</value>
         <object_component_ref idref="oc-45a"/>
      </symbol>
      <symbol id="sm-ed9">
         <name>_xdc_runtime_System_snprintf_va__F</name>
         <value>0x8dd03</value>
         <object_component_ref idref="oc-44c"/>
      </symbol>
      <symbol id="sm-eda">
         <name>_xdc_runtime_System_Module_startup__E</name>
         <value>0x8dea9</value>
         <object_component_ref idref="oc-40b"/>
      </symbol>
      <symbol id="sm-edb">
         <name>_xdc_runtime_System_avprintf__E</name>
         <value>0x8d748</value>
         <object_component_ref idref="oc-432"/>
      </symbol>
      <symbol id="sm-edc">
         <name>_xdc_runtime_System_vprintf__E</name>
         <value>0x8d7e0</value>
         <object_component_ref idref="oc-433"/>
      </symbol>
      <symbol id="sm-edd">
         <name>_xdc_runtime_System_aprintf_va__F</name>
         <value>0x8d748</value>
         <object_component_ref idref="oc-432"/>
      </symbol>
      <symbol id="sm-ede">
         <name>_xdc_runtime_System_doPrint__I</name>
         <value>0x8a5f1</value>
         <object_component_ref idref="oc-44e"/>
      </symbol>
      <symbol id="sm-edf">
         <name>_xdc_runtime_System_processAtExit__E</name>
         <value>0x8d3f7</value>
         <object_component_ref idref="oc-2af"/>
      </symbol>
      <symbol id="sm-ee0">
         <name>_xdc_runtime_System_vsnprintf__E</name>
         <value>0x8dd03</value>
         <object_component_ref idref="oc-44c"/>
      </symbol>
      <symbol id="sm-ee1">
         <name>_xdc_runtime_System_abort__E</name>
         <value>0x8dc07</value>
         <object_component_ref idref="oc-3b0"/>
      </symbol>
      <symbol id="sm-f01">
         <name>_xdc_runtime_SysMin_abort__E</name>
         <value>0x8d913</value>
         <object_component_ref idref="oc-400"/>
      </symbol>
      <symbol id="sm-f02">
         <name>_xdc_runtime_SysMin_ready__E</name>
         <value>0x8dd8d</value>
         <object_component_ref idref="oc-457"/>
      </symbol>
      <symbol id="sm-f03">
         <name>_xdc_runtime_SysMin_flush__E</name>
         <value>0x8d330</value>
         <object_component_ref idref="oc-3b9"/>
      </symbol>
      <symbol id="sm-f04">
         <name>_xdc_runtime_SysMin_Module_startup__E</name>
         <value>0x8dad3</value>
         <object_component_ref idref="oc-40c"/>
      </symbol>
      <symbol id="sm-f05">
         <name>_xdc_runtime_SysMin_putch__E</name>
         <value>0x8d5a5</value>
         <object_component_ref idref="oc-409"/>
      </symbol>
      <symbol id="sm-f06">
         <name>_xdc_runtime_SysMin_exit__E</name>
         <value>0x8dcc4</value>
         <object_component_ref idref="oc-357"/>
      </symbol>
      <symbol id="sm-f4d">
         <name>_xdc_runtime_Text_putLab__E</name>
         <value>0x8cb6f</value>
         <object_component_ref idref="oc-468"/>
      </symbol>
      <symbol id="sm-f4e">
         <name>_xdc_runtime_Text_printVisFxn__I</name>
         <value>0x8d7f9</value>
         <object_component_ref idref="oc-44b"/>
      </symbol>
      <symbol id="sm-f4f">
         <name>_xdc_runtime_Text_putMod__E</name>
         <value>0x8cddd</value>
         <object_component_ref idref="oc-430"/>
      </symbol>
      <symbol id="sm-f50">
         <name>_xdc_runtime_Text_cordText__E</name>
         <value>0x8d99e</value>
         <object_component_ref idref="oc-363"/>
      </symbol>
      <symbol id="sm-f51">
         <name>_xdc_runtime_Text_xprintf__I</name>
         <value>0x8d359</value>
         <object_component_ref idref="oc-431"/>
      </symbol>
      <symbol id="sm-f52">
         <name>_xdc_runtime_Text_visitRope2__I</name>
         <value>0x8d07f</value>
         <object_component_ref idref="oc-461"/>
      </symbol>
      <symbol id="sm-f53">
         <name>_xdc_runtime_Text_ropeText__E</name>
         <value>0x8dd0d</value>
         <object_component_ref idref="oc-368"/>
      </symbol>
      <symbol id="sm-f54">
         <name>_xdc_runtime_Text_putSite__E</name>
         <value>0x8c689</value>
         <object_component_ref idref="oc-418"/>
      </symbol>
      <symbol id="sm-f61">
         <name>___xdc__init</name>
         <value>0x8de7f</value>
         <object_component_ref idref="oc-299"/>
      </symbol>
      <symbol id="sm-f83">
         <name>_xdc_runtime_Registry_findById__E</name>
         <value>0x8db2e</value>
         <object_component_ref idref="oc-449"/>
      </symbol>
      <symbol id="sm-f9d">
         <name>_c_int00</name>
         <value>0x8c89e</value>
         <object_component_ref idref="oc-84"/>
      </symbol>
      <symbol id="sm-f9e">
         <name>__stack</name>
         <value>0x8000</value>
         <object_component_ref idref="oc-1ae"/>
      </symbol>
      <symbol id="sm-fb6">
         <name>_ti_catalog_c2800_initF2837x_Boot_initFlash</name>
         <value>0xb000</value>
         <object_component_ref idref="oc-3b4"/>
      </symbol>
      <symbol id="sm-fb7">
         <name>_ti_catalog_c2800_initF2837x_Boot_defaultLimpAbortFunction</name>
         <value>0x8debf</value>
         <object_component_ref idref="oc-3b1"/>
      </symbol>
      <symbol id="sm-fb8">
         <name>_ti_catalog_c2800_initF2837x_Boot_configurePllDivs</name>
         <value>0x8cc96</value>
         <object_component_ref idref="oc-2ee"/>
      </symbol>
      <symbol id="sm-fb9">
         <name>_ti_catalog_c2800_initF2837x_Boot_initSharedRAMs</name>
         <value>0x8dd4d</value>
         <object_component_ref idref="oc-2ef"/>
      </symbol>
      <symbol id="sm-fde">
         <name>_atan</name>
         <value>0x8b76f</value>
         <object_component_ref idref="oc-2fc"/>
      </symbol>
      <symbol id="sm-fdf">
         <name>_atanf</name>
         <value>0x8b76f</value>
         <object_component_ref idref="oc-2fc"/>
      </symbol>
      <symbol id="sm-ff0">
         <name>FS$$DIV</name>
         <value>0x8c12c</value>
         <object_component_ref idref="oc-1be"/>
      </symbol>
      <symbol id="sm-101c">
         <name>ULL$$MOD</name>
         <value>0x8b294</value>
         <object_component_ref idref="oc-1c3"/>
      </symbol>
      <symbol id="sm-101d">
         <name>ULL$$DIV</name>
         <value>0x8b265</value>
         <object_component_ref idref="oc-1c3"/>
      </symbol>
      <symbol id="sm-101e">
         <name>LL$$MOD</name>
         <value>0x8b22b</value>
         <object_component_ref idref="oc-1c3"/>
      </symbol>
      <symbol id="sm-101f">
         <name>LL$$DIV</name>
         <value>0x8b1ef</value>
         <object_component_ref idref="oc-1c3"/>
      </symbol>
      <symbol id="sm-102d">
         <name>I$$MOD</name>
         <value>0x8d474</value>
         <object_component_ref idref="oc-1c8"/>
      </symbol>
      <symbol id="sm-102e">
         <name>I$$DIV</name>
         <value>0x8d463</value>
         <object_component_ref idref="oc-1c8"/>
      </symbol>
      <symbol id="sm-103a">
         <name>U$$MOD</name>
         <value>0x8dcdf</value>
         <object_component_ref idref="oc-1cd"/>
      </symbol>
      <symbol id="sm-103b">
         <name>U$$DIV</name>
         <value>0x8dcda</value>
         <object_component_ref idref="oc-1cd"/>
      </symbol>
      <symbol id="sm-1047">
         <name>UL$$MOD</name>
         <value>0x8d32a</value>
         <object_component_ref idref="oc-1d2"/>
      </symbol>
      <symbol id="sm-1048">
         <name>L$$MOD</name>
         <value>0x8d315</value>
         <object_component_ref idref="oc-1d2"/>
      </symbol>
      <symbol id="sm-1049">
         <name>L$$DIV</name>
         <value>0x8d306</value>
         <object_component_ref idref="oc-1d2"/>
      </symbol>
      <symbol id="sm-104a">
         <name>UL$$DIV</name>
         <value>0x8d323</value>
         <object_component_ref idref="oc-1d2"/>
      </symbol>
      <symbol id="sm-1059">
         <name>_copy_in</name>
         <value>0x8d41b</value>
         <object_component_ref idref="oc-295"/>
      </symbol>
      <symbol id="sm-106a">
         <name>_memcpy</name>
         <value>0x8d5e1</value>
         <object_component_ref idref="oc-2aa"/>
      </symbol>
      <symbol id="sm-107e">
         <name>C$$EXIT</name>
         <value>0x8d382</value>
         <object_component_ref idref="oc-358"/>
      </symbol>
      <symbol id="sm-107f">
         <name>_exit</name>
         <value>0x8d384</value>
         <object_component_ref idref="oc-358"/>
      </symbol>
      <symbol id="sm-1080">
         <name>___TI_cleanup_ptr</name>
         <value>0xef3a</value>
         <object_component_ref idref="oc-1e3"/>
      </symbol>
      <symbol id="sm-1081">
         <name>___TI_enable_exit_profile_output</name>
         <value>0xef38</value>
         <object_component_ref idref="oc-1e3"/>
      </symbol>
      <symbol id="sm-1082">
         <name>_abort</name>
         <value>0x8d382</value>
         <object_component_ref idref="oc-358"/>
      </symbol>
      <symbol id="sm-1083">
         <name>___TI_dtors_ptr</name>
         <value>0xef3c</value>
         <object_component_ref idref="oc-1e3"/>
      </symbol>
      <symbol id="sm-1097">
         <name>__unlock</name>
         <value>0x10058</value>
         <object_component_ref idref="oc-372"/>
      </symbol>
      <symbol id="sm-1098">
         <name>__lock</name>
         <value>0xef3e</value>
         <object_component_ref idref="oc-373"/>
      </symbol>
      <symbol id="sm-1099">
         <name>__register_lock</name>
         <value>0x8dd36</value>
         <object_component_ref idref="oc-326"/>
      </symbol>
      <symbol id="sm-109a">
         <name>__nop</name>
         <value>0x8dd3a</value>
         <object_component_ref idref="oc-326"/>
      </symbol>
      <symbol id="sm-109b">
         <name>__register_unlock</name>
         <value>0x8dd32</value>
         <object_component_ref idref="oc-326"/>
      </symbol>
      <symbol id="sm-10aa">
         <name>__args_main</name>
         <value>0x8d812</value>
         <object_component_ref idref="oc-297"/>
      </symbol>
      <symbol id="sm-10b8">
         <name>_memset</name>
         <value>0x8dc75</value>
         <object_component_ref idref="oc-361"/>
      </symbol>
      <symbol id="sm-10ce">
         <name>_strlen</name>
         <value>0x8dd95</value>
         <object_component_ref idref="oc-34a"/>
      </symbol>
      <symbol id="sm-10db">
         <name>_HOSTwrite</name>
         <value>0x8cf43</value>
         <object_component_ref idref="oc-414"/>
      </symbol>
      <symbol id="sm-10f4">
         <name>___TI_readmsg</name>
         <value>0x8bf4c</value>
         <object_component_ref idref="oc-42f"/>
      </symbol>
      <symbol id="sm-10f5">
         <name>C$$IO$$</name>
         <value>0x8bf47</value>
         <object_component_ref idref="oc-42f"/>
      </symbol>
      <symbol id="sm-10f6">
         <name>__CIOBUF_</name>
         <value>0x8c00</value>
         <object_component_ref idref="oc-207"/>
      </symbol>
      <symbol id="sm-10f7">
         <name>___TI_writemsg</name>
         <value>0x8bef4</value>
         <object_component_ref idref="oc-42f"/>
      </symbol>
      <symbol id="sm-1105">
         <name>_vsprintf</name>
         <value>0x8d143</value>
         <object_component_ref idref="oc-349"/>
      </symbol>
      <symbol id="sm-125f">
         <name>___TI_printfi</name>
         <value>0x89f13</value>
         <object_component_ref idref="oc-3a5"/>
      </symbol>
      <symbol id="sm-1273">
         <name>_atoi</name>
         <value>0x8d0e2</value>
         <object_component_ref idref="oc-3df"/>
      </symbol>
      <symbol id="sm-127b">
         <name>__ctypes_</name>
         <value>0x83918</value>
         <object_component_ref idref="oc-3fd"/>
      </symbol>
      <symbol id="sm-1289">
         <name>_ltoa</name>
         <value>0x8d1fd</value>
         <object_component_ref idref="oc-3e0"/>
      </symbol>
      <symbol id="sm-1298">
         <name>_memccpy</name>
         <value>0x8dc14</value>
         <object_component_ref idref="oc-3e5"/>
      </symbol>
      <symbol id="sm-12a7">
         <name>_strchr</name>
         <value>0x8dc81</value>
         <object_component_ref idref="oc-3e3"/>
      </symbol>
      <symbol id="sm-12b4">
         <name>_strcpy</name>
         <value>0x8de67</value>
         <object_component_ref idref="oc-3e4"/>
      </symbol>
      <symbol id="sm-12c0">
         <name>_parmbuf</name>
         <value>0xef30</value>
         <object_component_ref idref="oc-234"/>
      </symbol>
      <symbol id="sm-12d3">
         <name>_frexpl</name>
         <value>0x8c9c1</value>
         <object_component_ref idref="oc-3e1"/>
      </symbol>
      <symbol id="sm-12f1">
         <name>_scalbnl</name>
         <value>0x8bbda</value>
         <object_component_ref idref="oc-3e2"/>
      </symbol>
      <symbol id="sm-12f2">
         <name>_ldexpl</name>
         <value>0x8bbda</value>
         <object_component_ref idref="oc-3e2"/>
      </symbol>
      <symbol id="sm-12ff">
         <name>_copysignl</name>
         <value>0x8d43f</value>
         <object_component_ref idref="oc-3fe"/>
      </symbol>
      <symbol id="sm-131a">
         <name>FD$$ADD</name>
         <value>0x8bdbd</value>
         <object_component_ref idref="oc-24a"/>
      </symbol>
      <symbol id="sm-132a">
         <name>FD$$CMP</name>
         <value>0x8d2dc</value>
         <object_component_ref idref="oc-24f"/>
      </symbol>
      <symbol id="sm-1341">
         <name>FD$$DIV</name>
         <value>0x8c0a1</value>
         <object_component_ref idref="oc-254"/>
      </symbol>
      <symbol id="sm-1353">
         <name>FD$$MPY</name>
         <value>0x8c1b4</value>
         <object_component_ref idref="oc-259"/>
      </symbol>
      <symbol id="sm-1360">
         <name>FD$$NEG</name>
         <value>0x8dd3b</value>
         <object_component_ref idref="oc-25e"/>
      </symbol>
      <symbol id="sm-136c">
         <name>FD$$SUB</name>
         <value>0x8db84</value>
         <object_component_ref idref="oc-263"/>
      </symbol>
      <symbol id="sm-137b">
         <name>FD$$TOI</name>
         <value>0x8d4e8</value>
         <object_component_ref idref="oc-268"/>
      </symbol>
      <symbol id="sm-138a">
         <name>FD$$TOL</name>
         <value>0x8d586</value>
         <object_component_ref idref="oc-26d"/>
      </symbol>
      <symbol id="sm-1396">
         <name>LL$$AND</name>
         <value>0x8d873</value>
         <object_component_ref idref="oc-272"/>
      </symbol>
      <symbol id="sm-1397">
         <name>LL$$OR</name>
         <value>0x8d87b</value>
         <object_component_ref idref="oc-272"/>
      </symbol>
      <symbol id="sm-1398">
         <name>LL$$XOR</name>
         <value>0x8d883</value>
         <object_component_ref idref="oc-272"/>
      </symbol>
      <symbol id="sm-13a6">
         <name>ULL$$CMP</name>
         <value>0x8d5d5</value>
         <object_component_ref idref="oc-277"/>
      </symbol>
      <symbol id="sm-13a7">
         <name>LL$$CMP</name>
         <value>0x8d5c3</value>
         <object_component_ref idref="oc-277"/>
      </symbol>
      <symbol id="sm-13b7">
         <name>I$$TOFD</name>
         <value>0x8d61c</value>
         <object_component_ref idref="oc-27c"/>
      </symbol>
      <symbol id="sm-13c7">
         <name>L$$TOFD</name>
         <value>0x8d671</value>
         <object_component_ref idref="oc-281"/>
      </symbol>
      <symbol id="sm-13d7">
         <name>FS$$TOFD</name>
         <value>0x8d655</value>
         <object_component_ref idref="oc-286"/>
      </symbol>
      <symbol id="sm-13e1">
         <name>_errno</name>
         <value>0x10043</value>
         <object_component_ref idref="oc-28d"/>
      </symbol>
      <symbol id="sm-13ef">
         <name>_wcslen</name>
         <value>0x8dd44</value>
         <object_component_ref idref="oc-3e6"/>
      </symbol>
      <symbol id="sm-13f2">
         <name>_swi_print</name>
         <value>0x0</value>
      </symbol>
      <symbol id="sm-13f3">
         <name>_swi_balanceControl</name>
         <value>0x0</value>
      </symbol>
   </symbol_table>
   <title>Link errors: red sections failed placement</title>
</link_info>
